08-29 12:29:03.322  1441  3133 W MediaProvider: 	at android.os.storage.StorageManager.updateExternalStorageFileQuotaType(StorageManager.java:2512)
08-29 12:29:03.322  1441  3133 W MediaProvider: 	at com.android.providers.media.MediaProvider.updateQuotaTypeForFileInternal(MediaProvider.java:581)
08-29 12:29:03.322  1441  3133 W MediaProvider: 	at com.android.providers.media.MediaProvider.lambda$onFileCreatedForFuse$12(MediaProvider.java:1146)
08-29 12:29:03.322  1441  3133 W MediaProvider: 	at com.android.providers.media.MediaProvider.lambda$onFileCreatedForFuse$12$MediaProvider(Unknown Source:0)
08-29 12:29:03.322  1441  3133 W MediaProvider: 	at com.android.providers.media.-$$Lambda$MediaProvider$VhB3wkpGkT4Cm_4TN5qOQg3m3rU.run(Unknown Source:4)
08-29 12:29:03.322  1441  3133 W MediaProvider: 	at android.os.Handler.handleCallback(Handler.java:938)
08-29 12:29:03.322  1441  3133 W MediaProvider: 	at android.os.Handler.dispatchMessage(Handler.java:99)
08-29 12:29:03.322  1441  3133 W MediaProvider: 	at android.os.Looper.loop(Looper.java:223)
08-29 12:29:03.322  1441  3133 W MediaProvider: 	at android.os.HandlerThread.run(HandlerThread.java:67)
08-29 12:29:03.331   179   179 I hwservicemanager: getTransport: Cannot find entry android.hardware.graphics.mapper@4.0::IMapper/default in either framework or device manifest.
08-29 12:29:03.331  3388  3388 I Gralloc4: mapper 4.x is not supported
08-29 12:29:03.333  1441  3133 E StorageManager: Failed to set extended attributes for /storage/emulated/0/screen_2020-08-29_122904.png to set project id.: Operation not supported on transport endpoint
08-29 12:29:03.333  1441  3133 W MediaProvider: Failed to update quota type for /storage/emulated/0/screen_2020-08-29_122904.png
08-29 12:29:03.333  1441  3133 W MediaProvider: java.io.IOException: Failed to update quota type for /storage/emulated/0/screen_2020-08-29_122904.png
08-29 12:29:03.333  1441  3133 W MediaProvider: 	at android.os.storage.StorageManager.updateExternalStorageFileQuotaType(StorageManager.java:2512)
08-29 12:29:03.333  1441  3133 W MediaProvider: 	at com.android.providers.media.MediaProvider.updateQuotaTypeForFileInternal(MediaProvider.java:581)
08-29 12:29:03.333  1441  3133 W MediaProvider: 	at com.android.providers.media.MediaProvider.updateQuotaTypeForUri(MediaProvider.java:560)
08-29 12:29:03.333  1441  3133 W MediaProvider: 	at com.android.providers.media.MediaProvider.access$800(MediaProvider.java:222)
08-29 12:29:03.333  1441  3133 W MediaProvider: 	at com.android.providers.media.MediaProvider$3.lambda$onInsert$0(MediaProvider.java:611)
08-29 12:29:03.333  1441  3133 W MediaProvider: 	at com.android.providers.media.MediaProvider$3.lambda$onInsert$0$MediaProvider$3(Unknown Source:0)
08-29 12:29:03.333  1441  3133 W MediaProvider: 	at com.android.providers.media.-$$Lambda$MediaProvider$3$OA4Hj-5lam3D4oprnbu7ZpL-f_E.run(Unknown Source:10)
08-29 12:29:03.333  1441  3133 W MediaProvider: 	at android.os.Handler.handleCallback(Handler.java:938)
08-29 12:29:03.333  1441  3133 W MediaProvider: 	at android.os.Handler.dispatchMessage(Handler.java:99)
08-29 12:29:03.333  1441  3133 W MediaProvider: 	at android.os.Looper.loop(Looper.java:223)
08-29 12:29:03.333  1441  3133 W MediaProvider: 	at android.os.HandlerThread.run(HandlerThread.java:67)
08-29 12:29:03.338  3388  3388 D HostConnection: createUnique: call
08-29 12:29:03.338  3388  3388 D HostConnection: HostConnection::get() New Host Connection established 0xf6941270, tid 3388
08-29 12:29:03.339  3388  3388 D goldfish-address-space: allocate: Ask for block of size 0x100
08-29 12:29:03.339  3388  3388 D goldfish-address-space: allocate: ioctl allocate returned offset 0x3fc6bb000 size 0x2000
08-29 12:29:03.344  3388  3388 D HostConnection: HostComposition ext ANDROID_EMU_CHECKSUM_HELPER_v1 ANDROID_EMU_native_sync_v2 ANDROID_EMU_native_sync_v3 ANDROID_EMU_native_sync_v4 ANDROID_EMU_dma_v1 ANDROID_EMU_direct_mem ANDROID_EMU_host_composition_v1 ANDROID_EMU_host_composition_v2 ANDROID_EMU_YUV_Cache ANDROID_EMU_async_unmap_buffer GL_OES_EGL_image_external_essl3 GL_OES_vertex_array_object GL_KHR_texture_compression_astc_ldr ANDROID_EMU_gles_max_version_3_0 
08-29 12:29:03.380  6591  1615 I NetworkScheduler.Stats: Task com.google.android.gms/com.google.android.gms.ipa.base.IpaGcmTaskService started execution. cause:9 exec_start_elapsed_seconds: 4533 [CONTEXT service_id=218 ]
08-29 12:29:03.385  6591 32581 I NetworkScheduler.Stats: Task com.google.android.gms/com.google.android.gms.ipa.base.IpaGcmTaskService finished executing. cause:9 result: 1 elapsed_millis: 28 uptime_millis: 28 exec_start_elapsed_seconds: 4533 [CONTEXT service_id=218 ]
08-29 12:29:03.529  3392  3394 I cmd     : oneway function results will be dropped but finished with status OK and parcel size 4
08-29 12:29:03.531  1441  3631 I MediaProvider: Begin Intent { act=android.intent.action.MEDIA_SCANNER_SCAN_FILE dat=file:///sdcard/screen_2020-08-29_122904.png flg=0x1400010 cmp=com.google.android.providers.media.module/com.android.providers.media.MediaService }
08-29 12:29:03.528  1441  1441 W com.google.android.providers.media.module: type=1400 audit(0.0:8408): avc: denied { read } for comm=4173796E635461736B202331 name="primary" dev="tmpfs" ino=25879 scontext=u:r:mediaprovider_app:s0:c146,c256,c512,c768 tcontext=u:object_r:mnt_pass_through_file:s0 tclass=lnk_file permissive=0 app=com.google.android.providers.media.module
08-29 12:29:03.537  1441  3631 W ModernMediaScanner: Failed to visit /sdcard/screen_2020-08-29_122904.png: java.nio.file.AccessDeniedException: /sdcard/screen_2020-08-29_122904.png
08-29 12:29:03.538  1441  3631 I MediaProvider: Scanned internal due to REASON_DEMAND, found 0 items in 6ms, 0 inserts 0 updates 0 deletes
08-29 12:29:03.539  1441  3631 I MediaProvider: End Intent { act=android.intent.action.MEDIA_SCANNER_SCAN_FILE dat=file:///sdcard/screen_2020-08-29_122904.png flg=0x1400010 cmp=com.google.android.providers.media.module/com.android.providers.media.MediaService }
08-29 12:29:03.572   497   857 I system_server: oneway function results will be dropped but finished with status OK and parcel size 4
08-29 12:29:03.590  1441  1666 I MediaProvider: Deleted 1 items on external_primary due to com.android.shell
08-29 12:29:03.651  6591  1615 I NetworkScheduler.Stats: Task com.google.android.gms/com.google.android.gms.ipa.base.IpaGcmTaskService started execution. cause:9 exec_start_elapsed_seconds: 4533 [CONTEXT service_id=218 ]
08-29 12:29:03.656  3405  3407 I cmd     : oneway function results will be dropped but finished with status OK and parcel size 4
08-29 12:29:03.659  6591  1599 I NetworkScheduler.Stats: Task com.google.android.gms/com.google.android.gms.ipa.base.IpaGcmTaskService finished executing. cause:9 result: 1 elapsed_millis: 36 uptime_millis: 36 exec_start_elapsed_seconds: 4533 [CONTEXT service_id=218 ]
08-29 12:29:03.885  3435  3437 I cmd     : oneway function results will be dropped but finished with status OK and parcel size 4
08-29 12:29:04.046  3447  3447 D AndroidRuntime: >>>>>> START com.android.internal.os.RuntimeInit uid 2000 <<<<<<
08-29 12:29:04.048  3447  3447 E libc    : Access denied finding property "persist.device_config.runtime_native_boot.profilebootclasspath"
08-29 12:29:04.049  3447  3447 E libc    : Access denied finding property "persist.device_config.runtime_native_boot.enable_apex_image"
08-29 12:29:04.049  3447  3447 I AndroidRuntime: Using default boot image
08-29 12:29:04.049  3447  3447 E libc    : Access denied finding property "persist.device_config.runtime_native_boot.disable_lock_profiling"
08-29 12:29:04.049  3447  3447 I AndroidRuntime: Leaving lock profiling enabled
08-29 12:29:04.049  3447  3447 E libc    : Access denied finding property "persist.device_config.runtime_native_boot.enable_generational_cc"
08-29 12:29:04.113  3447  3447 D app_process: Time zone APEX ICU file found: /apex/com.android.tzdata/etc/icu/icu_tzdata.dat
08-29 12:29:04.113  3447  3447 D app_process: I18n APEX ICU file found: /apex/com.android.i18n/etc/icu/icudt66l.dat
08-29 12:29:04.117  3447  3447 W app_process: Unexpected CPU variant for X86 using defaults: x86
08-29 12:29:04.120  3447  3447 I app_process: The ClassLoaderContext is a special shared library.
08-29 12:29:04.134  3447  3447 W app_process: JNI RegisterNativeMethods: attempt to register 0 native methods for android.media.AudioAttributes
08-29 12:29:04.139  3447  3447 D AndroidRuntime: Calling main entry com.android.commands.input.Input
08-29 12:29:04.363   497   857 I system_server: oneway function results will be dropped but finished with status OK and parcel size 4
08-29 12:29:04.363   497   857 I system_server: oneway function results will be dropped but finished with status OK and parcel size 4
08-29 12:29:04.364   497  2412 I system_server: oneway function results will be dropped but finished with status OK and parcel size 4
08-29 12:29:04.364  3447  3447 D AndroidRuntime: Shutting down VM
08-29 12:29:04.579   497  1645 I system_server: oneway function results will be dropped but finished with status OK and parcel size 4
08-29 12:29:05.493   399   399 I perfetto: probes_producer.cc:329  Producer stop (id=51)
08-29 12:29:05.496   401   401 I perfetto: ng_service_impl.cc:1948 Tracing session 51 ended, total sessions:0
08-29 12:29:05.499   399   399 I perfetto: ftrace_procfs.cc:183    disabled ftrace
08-29 12:29:05.786  1352  1387 I PeriodicStatsRunner: PeriodicStatsRunner.call():180 call()
08-29 12:29:05.786  1352  1387 I PeriodicStatsRunner: PeriodicStatsRunner.call():184 No submit PeriodicStats since input started.
08-29 12:29:06.015   318 18634 D goldfish-address-space: allocate: Ask for block of size 0x7e9000
08-29 12:29:06.016   318 18634 D goldfish-address-space: allocate: ioctl allocate returned offset 0x3fb77d000 size 0x7ea000
08-29 12:29:06.016  1441  3133 E StorageManager: Failed to set extended attributes for /storage/emulated/0/screen_2020-08-29_122906.png to set project id.: Operation not supported on transport endpoint
08-29 12:29:06.016  1441  3133 W MediaProvider: Failed to update quota type for /storage/emulated/0/screen_2020-08-29_122906.png
08-29 12:29:06.016  1441  3133 W MediaProvider: java.io.IOException: Failed to update quota type for /storage/emulated/0/screen_2020-08-29_122906.png
08-29 12:29:06.016  1441  3133 W MediaProvider: 	at android.os.storage.StorageManager.updateExternalStorageFileQuotaType(StorageManager.java:2512)
08-29 12:29:06.016  1441  3133 W MediaProvider: 	at com.android.providers.media.MediaProvider.updateQuotaTypeForFileInternal(MediaProvider.java:581)
08-29 12:29:06.016  1441  3133 W MediaProvider: 	at com.android.providers.media.MediaProvider.lambda$onFileCreatedForFuse$12(MediaProvider.java:1146)
08-29 12:29:06.016  1441  3133 W MediaProvider: 	at com.android.providers.media.MediaProvider.lambda$onFileCreatedForFuse$12$MediaProvider(Unknown Source:0)
08-29 12:29:06.016  1441  3133 W MediaProvider: 	at com.android.providers.media.-$$Lambda$MediaProvider$VhB3wkpGkT4Cm_4TN5qOQg3m3rU.run(Unknown Source:4)
08-29 12:29:06.016  1441  3133 W MediaProvider: 	at android.os.Handler.handleCallback(Handler.java:938)
08-29 12:29:06.016  1441  3133 W MediaProvider: 	at android.os.Handler.dispatchMessage(Handler.java:99)
08-29 12:29:06.016  1441  3133 W MediaProvider: 	at android.os.Looper.loop(Looper.java:223)
08-29 12:29:06.016  1441  3133 W MediaProvider: 	at android.os.HandlerThread.run(HandlerThread.java:67)
08-29 12:29:06.020  1441  3133 E StorageManager: Failed to set extended attributes for /storage/emulated/0/screen_2020-08-29_122906.png to set project id.: Operation not supported on transport endpoint
08-29 12:29:06.020  1441  3133 W MediaProvider: Failed to update quota type for /storage/emulated/0/screen_2020-08-29_122906.png
08-29 12:29:06.020  1441  3133 W MediaProvider: java.io.IOException: Failed to update quota type for /storage/emulated/0/screen_2020-08-29_122906.png
08-29 12:29:06.020  1441  3133 W MediaProvider: 	at android.os.storage.StorageManager.updateExternalStorageFileQuotaType(StorageManager.java:2512)
08-29 12:29:06.020  1441  3133 W MediaProvider: 	at com.android.providers.media.MediaProvider.updateQuotaTypeForFileInternal(MediaProvider.java:581)
08-29 12:29:06.020  1441  3133 W MediaProvider: 	at com.android.providers.media.MediaProvider.updateQuotaTypeForUri(MediaProvider.java:560)
08-29 12:29:06.020  1441  3133 W MediaProvider: 	at com.android.providers.media.MediaProvider.access$800(MediaProvider.java:222)
08-29 12:29:06.020  1441  3133 W MediaProvider: 	at com.android.providers.media.MediaProvider$3.lambda$onInsert$0(MediaProvider.java:611)
08-29 12:29:06.020  1441  3133 W MediaProvider: 	at com.android.providers.media.MediaProvider$3.lambda$onInsert$0$MediaProvider$3(Unknown Source:0)
08-29 12:29:06.020  1441  3133 W MediaProvider: 	at com.android.providers.media.-$$Lambda$MediaProvider$3$OA4Hj-5lam3D4oprnbu7ZpL-f_E.run(Unknown Source:10)
08-29 12:29:06.020  1441  3133 W MediaProvider: 	at android.os.Handler.handleCallback(Handler.java:938)
08-29 12:29:06.020  1441  3133 W MediaProvider: 	at android.os.Handler.dispatchMessage(Handler.java:99)
08-29 12:29:06.020  1441  3133 W MediaProvider: 	at android.os.Looper.loop(Looper.java:223)
08-29 12:29:06.020  1441  3133 W MediaProvider: 	at android.os.HandlerThread.run(HandlerThread.java:67)
08-29 12:29:06.030   179   179 I hwservicemanager: getTransport: Cannot find entry android.hardware.graphics.mapper@4.0::IMapper/default in either framework or device manifest.
08-29 12:29:06.031  3479  3479 I Gralloc4: mapper 4.x is not supported
08-29 12:29:06.036  3479  3479 D HostConnection: createUnique: call
08-29 12:29:06.036  3479  3479 D HostConnection: HostConnection::get() New Host Connection established 0xe9180c70, tid 3479
08-29 12:29:06.037  3479  3479 D goldfish-address-space: allocate: Ask for block of size 0x100
08-29 12:29:06.038  3479  3479 D goldfish-address-space: allocate: ioctl allocate returned offset 0x3fc6bb000 size 0x2000
08-29 12:29:06.043  3479  3479 D HostConnection: HostComposition ext ANDROID_EMU_CHECKSUM_HELPER_v1 ANDROID_EMU_native_sync_v2 ANDROID_EMU_native_sync_v3 ANDROID_EMU_native_sync_v4 ANDROID_EMU_dma_v1 ANDROID_EMU_direct_mem ANDROID_EMU_host_composition_v1 ANDROID_EMU_host_composition_v2 ANDROID_EMU_YUV_Cache ANDROID_EMU_async_unmap_buffer GL_OES_EGL_image_external_essl3 GL_OES_vertex_array_object GL_KHR_texture_compression_astc_ldr ANDROID_EMU_gles_max_version_3_0 
08-29 12:29:06.077  6591 32581 I NetworkScheduler.Stats: Task com.google.android.gms/com.google.android.gms.ipa.base.IpaGcmTaskService started execution. cause:9 exec_start_elapsed_seconds: 4535 [CONTEXT service_id=218 ]
08-29 12:29:06.083  6591  1599 I NetworkScheduler.Stats: Task com.google.android.gms/com.google.android.gms.ipa.base.IpaGcmTaskService finished executing. cause:9 result: 1 elapsed_millis: 28 uptime_millis: 28 exec_start_elapsed_seconds: 4535 [CONTEXT service_id=218 ]
08-29 12:29:06.237  3483  3485 I cmd     : oneway function results will be dropped but finished with status OK and parcel size 4
08-29 12:29:06.239  1441  3631 I MediaProvider: Begin Intent { act=android.intent.action.MEDIA_SCANNER_SCAN_FILE dat=file:///sdcard/screen_2020-08-29_122906.png flg=0x1400010 cmp=com.google.android.providers.media.module/com.android.providers.media.MediaService }
08-29 12:29:06.236  1441  1441 W com.google.android.providers.media.module: type=1400 audit(0.0:8418): avc: denied { read } for comm=4173796E635461736B202331 name="primary" dev="tmpfs" ino=25879 scontext=u:r:mediaprovider_app:s0:c146,c256,c512,c768 tcontext=u:object_r:mnt_pass_through_file:s0 tclass=lnk_file permissive=0 app=com.google.android.providers.media.module
08-29 12:29:06.259  1441  3631 W ModernMediaScanner: Failed to visit /sdcard/screen_2020-08-29_122906.png: java.nio.file.AccessDeniedException: /sdcard/screen_2020-08-29_122906.png
08-29 12:29:06.260  1441  3631 I MediaProvider: Scanned internal due to REASON_DEMAND, found 0 items in 20ms, 0 inserts 0 updates 0 deletes
08-29 12:29:06.262  1441  3631 I MediaProvider: End Intent { act=android.intent.action.MEDIA_SCANNER_SCAN_FILE dat=file:///sdcard/screen_2020-08-29_122906.png flg=0x1400010 cmp=com.google.android.providers.media.module/com.android.providers.media.MediaService }
08-29 12:29:06.236  1441  1441 W com.google.android.providers.media.module: type=1400 audit(0.0:8420): avc: denied { read } for comm=4173796E635461736B202331 name="primary" dev="tmpfs" ino=25879 scontext=u:r:mediaprovider_app:s0:c146,c256,c512,c768 tcontext=u:object_r:mnt_pass_through_file:s0 tclass=lnk_file permissive=0 app=com.google.android.providers.media.module
08-29 12:29:06.302  1441  1791 I MediaProvider: Deleted 1 items on external_primary due to com.android.shell
08-29 12:29:06.352  6591 32581 I NetworkScheduler.Stats: Task com.google.android.gms/com.google.android.gms.ipa.base.IpaGcmTaskService started execution. cause:9 exec_start_elapsed_seconds: 4535 [CONTEXT service_id=218 ]
08-29 12:29:06.359  6591  1599 I NetworkScheduler.Stats: Task com.google.android.gms/com.google.android.gms.ipa.base.IpaGcmTaskService finished executing. cause:9 result: 1 elapsed_millis: 26 uptime_millis: 26 exec_start_elapsed_seconds: 4535 [CONTEXT service_id=218 ]
08-29 12:29:06.379  7233  3489 I GmscoreIpa: Starting mediastore instant index [CONTEXT service_id=255 ]
08-29 12:29:06.391   497  2568 D CompatibilityChangeReporter: Compat change id reported: 149924527; UID 10105; state: ENABLED
08-29 12:29:06.393   497  2568 D CompatibilityChangeReporter: Compat change id reported: 132649864; UID 10105; state: DISABLED
08-29 12:29:06.594   318 18634 D goldfish-address-space: allocate: Ask for block of size 0x7e9000
08-29 12:29:06.594   318 18634 D goldfish-address-space: allocate: ioctl allocate returned offset 0x3fb77d000 size 0x7ea000
08-29 12:29:06.596  1441  3133 E StorageManager: Failed to set extended attributes for /storage/emulated/0/screen_2020-08-29_122907.png to set project id.: Operation not supported on transport endpoint
08-29 12:29:06.596  1441  3133 W MediaProvider: Failed to update quota type for /storage/emulated/0/screen_2020-08-29_122907.png
08-29 12:29:06.596  1441  3133 W MediaProvider: java.io.IOException: Failed to update quota type for /storage/emulated/0/screen_2020-08-29_122907.png
08-29 12:29:06.596  1441  3133 W MediaProvider: 	at android.os.storage.StorageManager.updateExternalStorageFileQuotaType(StorageManager.java:2512)
08-29 12:29:06.596  1441  3133 W MediaProvider: 	at com.android.providers.media.MediaProvider.updateQuotaTypeForFileInternal(MediaProvider.java:581)
08-29 12:29:06.596  1441  3133 W MediaProvider: 	at com.android.providers.media.MediaProvider.lambda$onFileCreatedForFuse$12(MediaProvider.java:1146)
08-29 12:29:06.596  1441  3133 W MediaProvider: 	at com.android.providers.media.MediaProvider.lambda$onFileCreatedForFuse$12$MediaProvider(Unknown Source:0)
08-29 12:29:06.596  1441  3133 W MediaProvider: 	at com.android.providers.media.-$$Lambda$MediaProvider$VhB3wkpGkT4Cm_4TN5qOQg3m3rU.run(Unknown Source:4)
08-29 12:29:06.596  1441  3133 W MediaProvider: 	at android.os.Handler.handleCallback(Handler.java:938)
08-29 12:29:06.596  1441  3133 W MediaProvider: 	at android.os.Handler.dispatchMessage(Handler.java:99)
08-29 12:29:06.596  1441  3133 W MediaProvider: 	at android.os.Looper.loop(Looper.java:223)
08-29 12:29:06.596  1441  3133 W MediaProvider: 	at android.os.HandlerThread.run(HandlerThread.java:67)
08-29 12:29:06.603  1441  3133 E StorageManager: Failed to set extended attributes for /storage/emulated/0/screen_2020-08-29_122907.png to set project id.: Operation not supported on transport endpoint
08-29 12:29:06.603  1441  3133 W MediaProvider: Failed to update quota type for /storage/emulated/0/screen_2020-08-29_122907.png
08-29 12:29:06.603  1441  3133 W MediaProvider: java.io.IOException: Failed to update quota type for /storage/emulated/0/screen_2020-08-29_122907.png
08-29 12:29:06.603  1441  3133 W MediaProvider: 	at android.os.storage.StorageManager.updateExternalStorageFileQuotaType(StorageManager.java:2512)
08-29 12:29:06.603  1441  3133 W MediaProvider: 	at com.android.providers.media.MediaProvider.updateQuotaTypeForFileInternal(MediaProvider.java:581)
08-29 12:29:06.603  1441  3133 W MediaProvider: 	at com.android.providers.media.MediaProvider.updateQuotaTypeForUri(MediaProvider.java:560)
08-29 12:29:06.603  1441  3133 W MediaProvider: 	at com.android.providers.media.MediaProvider.access$800(MediaProvider.java:222)
08-29 12:29:06.603  1441  3133 W MediaProvider: 	at com.android.providers.media.MediaProvider$3.lambda$onInsert$0(MediaProvider.java:611)
08-29 12:29:06.603  1441  3133 W MediaProvider: 	at com.android.providers.media.MediaProvider$3.lambda$onInsert$0$MediaProvider$3(Unknown Source:0)
08-29 12:29:06.603  1441  3133 W MediaProvider: 	at com.android.providers.media.-$$Lambda$MediaProvider$3$OA4Hj-5lam3D4oprnbu7ZpL-f_E.run(Unknown Source:10)
08-29 12:29:06.603  1441  3133 W MediaProvider: 	at android.os.Handler.handleCallback(Handler.java:938)
08-29 12:29:06.603  1441  3133 W MediaProvider: 	at android.os.Handler.dispatchMessage(Handler.java:99)
08-29 12:29:06.603  1441  3133 W MediaProvider: 	at android.os.Looper.loop(Looper.java:223)
08-29 12:29:06.603  1441  3133 W MediaProvider: 	at android.os.HandlerThread.run(HandlerThread.java:67)
08-29 12:29:06.605   179   179 I hwservicemanager: getTransport: Cannot find entry android.hardware.graphics.mapper@4.0::IMapper/default in either framework or device manifest.
08-29 12:29:06.605  3503  3503 I Gralloc4: mapper 4.x is not supported
08-29 12:29:06.611  3503  3503 D HostConnection: createUnique: call
08-29 12:29:06.612  3503  3503 D HostConnection: HostConnection::get() New Host Connection established 0xf2480490, tid 3503
08-29 12:29:06.612  3503  3503 D goldfish-address-space: allocate: Ask for block of size 0x100
08-29 12:29:06.613  3503  3503 D goldfish-address-space: allocate: ioctl allocate returned offset 0x3fc6bb000 size 0x2000
08-29 12:29:06.618  3503  3503 D HostConnection: HostComposition ext ANDROID_EMU_CHECKSUM_HELPER_v1 ANDROID_EMU_native_sync_v2 ANDROID_EMU_native_sync_v3 ANDROID_EMU_native_sync_v4 ANDROID_EMU_dma_v1 ANDROID_EMU_direct_mem ANDROID_EMU_host_composition_v1 ANDROID_EMU_host_composition_v2 ANDROID_EMU_YUV_Cache ANDROID_EMU_async_unmap_buffer GL_OES_EGL_image_external_essl3 GL_OES_vertex_array_object GL_KHR_texture_compression_astc_ldr ANDROID_EMU_gles_max_version_3_0 
08-29 12:29:06.650  6591 32581 I NetworkScheduler.Stats: Task com.google.android.gms/com.google.android.gms.ipa.base.IpaGcmTaskService started execution. cause:9 exec_start_elapsed_seconds: 4536 [CONTEXT service_id=218 ]
08-29 12:29:06.656  6591  1615 I NetworkScheduler.Stats: Task com.google.android.gms/com.google.android.gms.ipa.base.IpaGcmTaskService finished executing. cause:9 result: 1 elapsed_millis: 27 uptime_millis: 27 exec_start_elapsed_seconds: 4536 [CONTEXT service_id=218 ]
08-29 12:29:06.799  3507  3509 I cmd     : oneway function results will be dropped but finished with status OK and parcel size 4
08-29 12:29:06.801  1441  3631 I MediaProvider: Begin Intent { act=android.intent.action.MEDIA_SCANNER_SCAN_FILE dat=file:///sdcard/screen_2020-08-29_122907.png flg=0x1400010 cmp=com.google.android.providers.media.module/com.android.providers.media.MediaService }
08-29 12:29:06.802  1441  3631 W ModernMediaScanner: Failed to visit /sdcard/screen_2020-08-29_122907.png: java.nio.file.AccessDeniedException: /sdcard/screen_2020-08-29_122907.png
08-29 12:29:06.805  1441  3631 I MediaProvider: Scanned internal due to REASON_DEMAND, found 0 items in 4ms, 0 inserts 0 updates 0 deletes
08-29 12:29:06.806  1441  3631 I MediaProvider: End Intent { act=android.intent.action.MEDIA_SCANNER_SCAN_FILE dat=file:///sdcard/screen_2020-08-29_122907.png flg=0x1400010 cmp=com.google.android.providers.media.module/com.android.providers.media.MediaService }
08-29 12:29:06.864  1441  1667 I MediaProvider: Deleted 1 items on external_primary due to com.android.shell
08-29 12:29:06.925  6591 32581 I NetworkScheduler.Stats: Task com.google.android.gms/com.google.android.gms.ipa.base.IpaGcmTaskService started execution. cause:9 exec_start_elapsed_seconds: 4536 [CONTEXT service_id=218 ]
08-29 12:29:06.932  6591  1599 I NetworkScheduler.Stats: Task com.google.android.gms/com.google.android.gms.ipa.base.IpaGcmTaskService finished executing. cause:9 result: 1 elapsed_millis: 30 uptime_millis: 30 exec_start_elapsed_seconds: 4536 [CONTEXT service_id=218 ]
08-29 12:29:07.095   318 18634 D goldfish-address-space: allocate: Ask for block of size 0x7e9000
08-29 12:29:07.095   318 18634 D goldfish-address-space: allocate: ioctl allocate returned offset 0x3fb77d000 size 0x7ea000
08-29 12:29:07.095  1441  3133 E StorageManager: Failed to set extended attributes for /storage/emulated/0/screen_2020-08-29_122907.png to set project id.: Operation not supported on transport endpoint
08-29 12:29:07.095  1441  3133 W MediaProvider: Failed to update quota type for /storage/emulated/0/screen_2020-08-29_122907.png
08-29 12:29:07.095  1441  3133 W MediaProvider: java.io.IOException: Failed to update quota type for /storage/emulated/0/screen_2020-08-29_122907.png
08-29 12:29:07.095  1441  3133 W MediaProvider: 	at android.os.storage.StorageManager.updateExternalStorageFileQuotaType(StorageManager.java:2512)
08-29 12:29:07.095  1441  3133 W MediaProvider: 	at com.android.providers.media.MediaProvider.updateQuotaTypeForFileInternal(MediaProvider.java:581)
08-29 12:29:07.095  1441  3133 W MediaProvider: 	at com.android.providers.media.MediaProvider.lambda$onFileCreatedForFuse$12(MediaProvider.java:1146)
08-29 12:29:07.095  1441  3133 W MediaProvider: 	at com.android.providers.media.MediaProvider.lambda$onFileCreatedForFuse$12$MediaProvider(Unknown Source:0)
08-29 12:29:07.095  1441  3133 W MediaProvider: 	at com.android.providers.media.-$$Lambda$MediaProvider$VhB3wkpGkT4Cm_4TN5qOQg3m3rU.run(Unknown Source:4)
08-29 12:29:07.095  1441  3133 W MediaProvider: 	at android.os.Handler.handleCallback(Handler.java:938)
08-29 12:29:07.095  1441  3133 W MediaProvider: 	at android.os.Handler.dispatchMessage(Handler.java:99)
08-29 12:29:07.095  1441  3133 W MediaProvider: 	at android.os.Looper.loop(Looper.java:223)
08-29 12:29:07.095  1441  3133 W MediaProvider: 	at android.os.HandlerThread.run(HandlerThread.java:67)
08-29 12:29:07.100  1441  3133 E StorageManager: Failed to set extended attributes for /storage/emulated/0/screen_2020-08-29_122907.png to set project id.: Operation not supported on transport endpoint
08-29 12:29:07.100  1441  3133 W MediaProvider: Failed to update quota type for /storage/emulated/0/screen_2020-08-29_122907.png
08-29 12:29:07.100  1441  3133 W MediaProvider: java.io.IOException: Failed to update quota type for /storage/emulated/0/screen_2020-08-29_122907.png
08-29 12:29:07.100  1441  3133 W MediaProvider: 	at android.os.storage.StorageManager.updateExternalStorageFileQuotaType(StorageManager.java:2512)
08-29 12:29:07.100  1441  3133 W MediaProvider: 	at com.android.providers.media.MediaProvider.updateQuotaTypeForFileInternal(MediaProvider.java:581)
08-29 12:29:07.100  1441  3133 W MediaProvider: 	at com.android.providers.media.MediaProvider.updateQuotaTypeForUri(MediaProvider.java:560)
08-29 12:29:07.100  1441  3133 W MediaProvider: 	at com.android.providers.media.MediaProvider.access$800(MediaProvider.java:222)
08-29 12:29:07.100  1441  3133 W MediaProvider: 	at com.android.providers.media.MediaProvider$3.lambda$onInsert$0(MediaProvider.java:611)
08-29 12:29:07.100  1441  3133 W MediaProvider: 	at com.android.providers.media.MediaProvider$3.lambda$onInsert$0$MediaProvider$3(Unknown Source:0)
08-29 12:29:07.100  1441  3133 W MediaProvider: 	at com.android.providers.media.-$$Lambda$MediaProvider$3$OA4Hj-5lam3D4oprnbu7ZpL-f_E.run(Unknown Source:10)
08-29 12:29:07.100  1441  3133 W MediaProvider: 	at android.os.Handler.handleCallback(Handler.java:938)
08-29 12:29:07.100  1441  3133 W MediaProvider: 	at android.os.Handler.dispatchMessage(Handler.java:99)
08-29 12:29:07.100  1441  3133 W MediaProvider: 	at android.os.Looper.loop(Looper.java:223)
08-29 12:29:07.100  1441  3133 W MediaProvider: 	at android.os.HandlerThread.run(HandlerThread.java:67)
08-29 12:29:07.107   179   179 I hwservicemanager: getTransport: Cannot find entry android.hardware.graphics.mapper@4.0::IMapper/default in either framework or device manifest.
08-29 12:29:07.108  3528  3528 I Gralloc4: mapper 4.x is not supported
08-29 12:29:07.112  3528  3528 D HostConnection: createUnique: call
08-29 12:29:07.113  3528  3528 D HostConnection: HostConnection::get() New Host Connection established 0xf0040910, tid 3528
08-29 12:29:07.113  3528  3528 D goldfish-address-space: allocate: Ask for block of size 0x100
08-29 12:29:07.113  3528  3528 D goldfish-address-space: allocate: ioctl allocate returned offset 0x3fc6bb000 size 0x2000
08-29 12:29:07.119  3528  3528 D HostConnection: HostComposition ext ANDROID_EMU_CHECKSUM_HELPER_v1 ANDROID_EMU_native_sync_v2 ANDROID_EMU_native_sync_v3 ANDROID_EMU_native_sync_v4 ANDROID_EMU_dma_v1 ANDROID_EMU_direct_mem ANDROID_EMU_host_composition_v1 ANDROID_EMU_host_composition_v2 ANDROID_EMU_YUV_Cache ANDROID_EMU_async_unmap_buffer GL_OES_EGL_image_external_essl3 GL_OES_vertex_array_object GL_KHR_texture_compression_astc_ldr ANDROID_EMU_gles_max_version_3_0 
08-29 12:29:07.155  6591  1615 I NetworkScheduler.Stats: Task com.google.android.gms/com.google.android.gms.ipa.base.IpaGcmTaskService started execution. cause:9 exec_start_elapsed_seconds: 4536 [CONTEXT service_id=218 ]
08-29 12:29:07.162  6591 32581 I NetworkScheduler.Stats: Task com.google.android.gms/com.google.android.gms.ipa.base.IpaGcmTaskService finished executing. cause:9 result: 1 elapsed_millis: 26 uptime_millis: 26 exec_start_elapsed_seconds: 4536 [CONTEXT service_id=218 ]
08-29 12:29:07.163   497  1643 I ActivityManager: Killing 516:com.google.android.calendar/u0a117 (adj 985): empty #17
08-29 12:29:07.180   297   297 I Zygote  : Process 516 exited due to signal 9 (Killed)
08-29 12:29:07.199   497   542 I libprocessgroup: Successfully killed process cgroup uid 10117 pid 516 in 34ms
08-29 12:29:07.323  3532  3534 I cmd     : oneway function results will be dropped but finished with status OK and parcel size 4
08-29 12:29:07.325  1441  3631 I MediaProvider: Begin Intent { act=android.intent.action.MEDIA_SCANNER_SCAN_FILE dat=file:///sdcard/screen_2020-08-29_122907.png flg=0x1400010 cmp=com.google.android.providers.media.module/com.android.providers.media.MediaService }
08-29 12:29:07.320  1441  1441 W com.google.android.providers.media.module: type=1400 audit(0.0:8430): avc: denied { read } for comm=4173796E635461736B202331 name="primary" dev="tmpfs" ino=25879 scontext=u:r:mediaprovider_app:s0:c146,c256,c512,c768 tcontext=u:object_r:mnt_pass_through_file:s0 tclass=lnk_file permissive=0 app=com.google.android.providers.media.module
08-29 12:29:07.324  1441  1441 W com.google.android.providers.media.module: type=1400 audit(0.0:8431): avc: denied { read } for comm=4173796E635461736B202331 name="primary" dev="tmpfs" ino=25879 scontext=u:r:mediaprovider_app:s0:c146,c256,c512,c768 tcontext=u:object_r:mnt_pass_through_file:s0 tclass=lnk_file permissive=0 app=com.google.android.providers.media.module
08-29 12:29:07.346  1441  3631 W ModernMediaScanner: Failed to visit /sdcard/screen_2020-08-29_122907.png: java.nio.file.AccessDeniedException: /sdcard/screen_2020-08-29_122907.png
08-29 12:29:07.348  1441  3631 I MediaProvider: Scanned internal due to REASON_DEMAND, found 0 items in 22ms, 0 inserts 0 updates 0 deletes
08-29 12:29:07.349  1441  3631 I MediaProvider: End Intent { act=android.intent.action.MEDIA_SCANNER_SCAN_FILE dat=file:///sdcard/screen_2020-08-29_122907.png flg=0x1400010 cmp=com.google.android.providers.media.module/com.android.providers.media.MediaService }
08-29 12:29:07.324  1441  1441 W com.google.android.providers.media.module: type=1400 audit(0.0:8432): avc: denied { read } for comm=4173796E635461736B202331 name="primary" dev="tmpfs" ino=25879 scontext=u:r:mediaprovider_app:s0:c146,c256,c512,c768 tcontext=u:object_r:mnt_pass_through_file:s0 tclass=lnk_file permissive=0 app=com.google.android.providers.media.module
08-29 12:29:07.408  1441  1666 I MediaProvider: Deleted 1 items on external_primary due to com.android.shell
08-29 12:29:07.464  6591  1615 I NetworkScheduler.Stats: Task com.google.android.gms/com.google.android.gms.ipa.base.IpaGcmTaskService started execution. cause:9 exec_start_elapsed_seconds: 4537 [CONTEXT service_id=218 ]
08-29 12:29:07.472   497   657 I system_server: oneway function results will be dropped but finished with status OK and parcel size 4
08-29 12:29:07.475  6591  1599 I NetworkScheduler.Stats: Task com.google.android.gms/com.google.android.gms.ipa.base.IpaGcmTaskService finished executing. cause:9 result: 1 elapsed_millis: 29 uptime_millis: 29 exec_start_elapsed_seconds: 4537 [CONTEXT service_id=218 ]
08-29 12:29:07.590  3558  3560 I cmd     : oneway function results will be dropped but finished with status OK and parcel size 4
08-29 12:29:07.704  3573  3575 I cmd     : oneway function results will be dropped but finished with status OK and parcel size 4
08-29 12:29:07.867  3585  3585 D AndroidRuntime: >>>>>> START com.android.internal.os.RuntimeInit uid 2000 <<<<<<
08-29 12:29:07.869  3585  3585 E libc    : Access denied finding property "persist.device_config.runtime_native_boot.profilebootclasspath"
08-29 12:29:07.870  3585  3585 E libc    : Access denied finding property "persist.device_config.runtime_native_boot.enable_apex_image"
08-29 12:29:07.870  3585  3585 I AndroidRuntime: Using default boot image
08-29 12:29:07.870  3585  3585 E libc    : Access denied finding property "persist.device_config.runtime_native_boot.disable_lock_profiling"
08-29 12:29:07.870  3585  3585 I AndroidRuntime: Leaving lock profiling enabled
08-29 12:29:07.870  3585  3585 E libc    : Access denied finding property "persist.device_config.runtime_native_boot.enable_generational_cc"
08-29 12:29:07.959  3585  3585 D app_process: Time zone APEX ICU file found: /apex/com.android.tzdata/etc/icu/icu_tzdata.dat
08-29 12:29:07.959  3585  3585 D app_process: I18n APEX ICU file found: /apex/com.android.i18n/etc/icu/icudt66l.dat
08-29 12:29:07.964  3585  3585 W app_process: Unexpected CPU variant for X86 using defaults: x86
08-29 12:29:07.967  3585  3585 I app_process: The ClassLoaderContext is a special shared library.
08-29 12:29:07.978  3585  3585 W app_process: JNI RegisterNativeMethods: attempt to register 0 native methods for android.media.AudioAttributes
08-29 12:29:07.984  3585  3585 D AndroidRuntime: Calling main entry com.android.commands.input.Input
08-29 12:29:08.196  3585  3585 D AndroidRuntime: Shutting down VM
08-29 12:29:08.197   318 18634 D goldfish-address-space: allocate: Ask for block of size 0x510000
08-29 12:29:08.198   318 18634 D goldfish-address-space: allocate: ioctl allocate returned offset 0x3fa913000 size 0x511000
08-29 12:29:08.208   497  1645 I system_server: oneway function results will be dropped but finished with status OK and parcel size 4
08-29 12:29:08.211   497  1645 I system_server: oneway function results will be dropped but finished with status OK and parcel size 4
08-29 12:29:08.237   497  7731 D HostConnection: HostConnection::get() New Host Connection established 0xb20932d0, tid 7731
08-29 12:29:08.248   497  7731 D HostConnection: HostComposition ext ANDROID_EMU_CHECKSUM_HELPER_v1 ANDROID_EMU_native_sync_v2 ANDROID_EMU_native_sync_v3 ANDROID_EMU_native_sync_v4 ANDROID_EMU_dma_v1 ANDROID_EMU_direct_mem ANDROID_EMU_host_composition_v1 ANDROID_EMU_host_composition_v2 ANDROID_EMU_YUV_Cache ANDROID_EMU_async_unmap_buffer GL_OES_EGL_image_external_essl3 GL_OES_vertex_array_object GL_KHR_texture_compression_astc_ldr ANDROID_EMU_gles_max_version_3_0 
08-29 12:29:08.249   497  7731 W OpenGLRenderer: Failed to choose config with EGL_SWAP_BEHAVIOR_PRESERVED, retrying without...
08-29 12:29:08.251   497  7731 D EGL_emulation: eglCreateContext: 0xed3e2ad0: maj 3 min 0 rcv 3
08-29 12:29:08.252   497  2395 W InputReader: Device virtio_input_multi_touch_9 is associated with display ADISPLAY_ID_NONE.
08-29 12:29:08.252   497  2395 W InputReader: Device virtio_input_multi_touch_7 is associated with display ADISPLAY_ID_NONE.
08-29 12:29:08.252   497  2395 W InputReader: Device virtio_input_multi_touch_10 is associated with display ADISPLAY_ID_NONE.
08-29 12:29:08.252   497  2395 W InputReader: Device virtio_input_multi_touch_4 is associated with display ADISPLAY_ID_NONE.
08-29 12:29:08.252   497  2395 W InputReader: Device virtio_input_multi_touch_6 is associated with display ADISPLAY_ID_NONE.
08-29 12:29:08.252   497  2395 W InputReader: Device virtio_input_multi_touch_3 is associated with display ADISPLAY_ID_NONE.
08-29 12:29:08.253   497  2395 W InputReader: Device virtio_input_multi_touch_11 is associated with display ADISPLAY_ID_NONE.
08-29 12:29:08.253   497  2395 W InputReader: Device virtio_input_multi_touch_5 is associated with display ADISPLAY_ID_NONE.
08-29 12:29:08.253   497  2395 W InputReader: Device virtio_input_multi_touch_2 is associated with display ADISPLAY_ID_NONE.
08-29 12:29:08.253   497  2395 W InputReader: Device virtio_input_multi_touch_8 is associated with display ADISPLAY_ID_NONE.
08-29 12:29:08.253   497  7731 D EGL_emulation: eglMakeCurrent: 0xed3e2ad0: ver 3 0 (tinfo 0xb47ab2b0) (first time)
08-29 12:29:08.253   497  2395 W InputReader: Device virtio_input_multi_touch_9 is associated with display ADISPLAY_ID_NONE.
08-29 12:29:08.253   497  2395 W InputReader: Device virtio_input_multi_touch_7 is associated with display ADISPLAY_ID_NONE.
08-29 12:29:08.253   497  2395 W InputReader: Device virtio_input_multi_touch_10 is associated with display ADISPLAY_ID_NONE.
08-29 12:29:08.253   497  2395 W InputReader: Device virtio_input_multi_touch_4 is associated with display ADISPLAY_ID_NONE.
08-29 12:29:08.253   497  2395 W InputReader: Device virtio_input_multi_touch_6 is associated with display ADISPLAY_ID_NONE.
08-29 12:29:08.253   497  2395 W InputReader: Device virtio_input_multi_touch_3 is associated with display ADISPLAY_ID_NONE.
08-29 12:29:08.253   497  2395 W InputReader: Device virtio_input_multi_touch_11 is associated with display ADISPLAY_ID_NONE.
08-29 12:29:08.253   497  2395 W InputReader: Device virtio_input_multi_touch_5 is associated with display ADISPLAY_ID_NONE.
08-29 12:29:08.253   497  2395 W InputReader: Device virtio_input_multi_touch_2 is associated with display ADISPLAY_ID_NONE.
08-29 12:29:08.254   497  2395 W InputReader: Device virtio_input_multi_touch_8 is associated with display ADISPLAY_ID_NONE.
08-29 12:29:08.269   925   939 I s.nexuslaunche: NativeAlloc concurrent copying GC freed 18865(857KB) AllocSpace objects, 1(88KB) LOS objects, 49% free, 3941KB/7882KB, paused 6.258ms total 42.671ms
08-29 12:29:08.283   925   941 W System  : A resource failed to call release. 
08-29 12:29:08.283   925   941 I chatty  : uid=10135(com.google.android.apps.nexuslauncher) FinalizerDaemon identical 1 line
08-29 12:29:08.283   925   941 W System  : A resource failed to call release. 
08-29 12:29:08.312   727   754 W System  : A resource failed to call release. 
08-29 12:29:08.358   318 18634 D goldfish-address-space: allocate: Ask for block of size 0x7e9000
08-29 12:29:08.359   318 18634 D goldfish-address-space: allocate: ioctl allocate returned offset 0x3fc72b000 size 0x7ea000
08-29 12:29:08.379   318 18634 D goldfish-address-space: allocate: Ask for block of size 0x7e9000
08-29 12:29:08.380   318 18634 D goldfish-address-space: allocate: ioctl allocate returned offset 0x3fd86e000 size 0x7ea000
08-29 12:29:08.387   318   380 D goldfish-address-space: allocate: Ask for block of size 0x7e9000
08-29 12:29:08.388   318   380 D goldfish-address-space: allocate: ioctl allocate returned offset 0x3fbc8e000 size 0x7ea000
08-29 12:29:08.426   497  2395 I system_server: oneway function results will be dropped but finished with status OK and parcel size 4
08-29 12:29:09.885   318   380 D goldfish-address-space: allocate: Ask for block of size 0x7e9000
08-29 12:29:09.885   318   380 D goldfish-address-space: allocate: ioctl allocate returned offset 0x3fd084000 size 0x7ea000
08-29 12:29:09.887  1441  3133 E StorageManager: Failed to set extended attributes for /storage/emulated/0/screen_2020-08-29_122910.png to set project id.: Operation not supported on transport endpoint
08-29 12:29:09.887  1441  3133 W MediaProvider: Failed to update quota type for /storage/emulated/0/screen_2020-08-29_122910.png
08-29 12:29:09.887  1441  3133 W MediaProvider: java.io.IOException: Failed to update quota type for /storage/emulated/0/screen_2020-08-29_122910.png
08-29 12:29:09.887  1441  3133 W MediaProvider: 	at android.os.storage.StorageManager.updateExternalStorageFileQuotaType(StorageManager.java:2512)
08-29 12:29:09.887  1441  3133 W MediaProvider: 	at com.android.providers.media.MediaProvider.updateQuotaTypeForFileInternal(MediaProvider.java:581)
08-29 12:29:09.887  1441  3133 W MediaProvider: 	at com.android.providers.media.MediaProvider.lambda$onFileCreatedForFuse$12(MediaProvider.java:1146)
08-29 12:29:09.887  1441  3133 W MediaProvider: 	at com.android.providers.media.MediaProvider.lambda$onFileCreatedForFuse$12$MediaProvider(Unknown Source:0)
08-29 12:29:09.887  1441  3133 W MediaProvider: 	at com.android.providers.media.-$$Lambda$MediaProvider$VhB3wkpGkT4Cm_4TN5qOQg3m3rU.run(Unknown Source:4)
08-29 12:29:09.887  1441  3133 W MediaProvider: 	at android.os.Handler.handleCallback(Handler.java:938)
08-29 12:29:09.887  1441  3133 W MediaProvider: 	at android.os.Handler.dispatchMessage(Handler.java:99)
08-29 12:29:09.887  1441  3133 W MediaProvider: 	at android.os.Looper.loop(Looper.java:223)
08-29 12:29:09.887  1441  3133 W MediaProvider: 	at android.os.HandlerThread.run(HandlerThread.java:67)
08-29 12:29:09.897  1441  3133 E StorageManager: Failed to set extended attributes for /storage/emulated/0/screen_2020-08-29_122910.png to set project id.: Operation not supported on transport endpoint
08-29 12:29:09.900   179   179 I hwservicemanager: getTransport: Cannot find entry android.hardware.graphics.mapper@4.0::IMapper/default in either framework or device manifest.
08-29 12:29:09.900  3628  3628 I Gralloc4: mapper 4.x is not supported
08-29 12:29:09.901  1441  3133 W MediaProvider: Failed to update quota type for /storage/emulated/0/screen_2020-08-29_122910.png
08-29 12:29:09.901  1441  3133 W MediaProvider: java.io.IOException: Failed to update quota type for /storage/emulated/0/screen_2020-08-29_122910.png
08-29 12:29:09.901  1441  3133 W MediaProvider: 	at android.os.storage.StorageManager.updateExternalStorageFileQuotaType(StorageManager.java:2512)
08-29 12:29:09.901  1441  3133 W MediaProvider: 	at com.android.providers.media.MediaProvider.updateQuotaTypeForFileInternal(MediaProvider.java:581)
08-29 12:29:09.901  1441  3133 W MediaProvider: 	at com.android.providers.media.MediaProvider.updateQuotaTypeForUri(MediaProvider.java:560)
08-29 12:29:09.901  1441  3133 W MediaProvider: 	at com.android.providers.media.MediaProvider.access$800(MediaProvider.java:222)
08-29 12:29:09.901  1441  3133 W MediaProvider: 	at com.android.providers.media.MediaProvider$3.lambda$onInsert$0(MediaProvider.java:611)
08-29 12:29:09.901  1441  3133 W MediaProvider: 	at com.android.providers.media.MediaProvider$3.lambda$onInsert$0$MediaProvider$3(Unknown Source:0)
08-29 12:29:09.901  1441  3133 W MediaProvider: 	at com.android.providers.media.-$$Lambda$MediaProvider$3$OA4Hj-5lam3D4oprnbu7ZpL-f_E.run(Unknown Source:10)
08-29 12:29:09.901  1441  3133 W MediaProvider: 	at android.os.Handler.handleCallback(Handler.java:938)
08-29 12:29:09.901  1441  3133 W MediaProvider: 	at android.os.Handler.dispatchMessage(Handler.java:99)
08-29 12:29:09.901  1441  3133 W MediaProvider: 	at android.os.Looper.loop(Looper.java:223)
08-29 12:29:09.901  1441  3133 W MediaProvider: 	at android.os.HandlerThread.run(HandlerThread.java:67)
08-29 12:29:09.906  3628  3628 D HostConnection: createUnique: call
08-29 12:29:09.907  3628  3628 D HostConnection: HostConnection::get() New Host Connection established 0xf5940d30, tid 3628
08-29 12:29:09.907  3628  3628 D goldfish-address-space: allocate: Ask for block of size 0x100
08-29 12:29:09.907  3628  3628 D goldfish-address-space: allocate: ioctl allocate returned offset 0x3fc729000 size 0x2000
08-29 12:29:09.912  3628  3628 D HostConnection: HostComposition ext ANDROID_EMU_CHECKSUM_HELPER_v1 ANDROID_EMU_native_sync_v2 ANDROID_EMU_native_sync_v3 ANDROID_EMU_native_sync_v4 ANDROID_EMU_dma_v1 ANDROID_EMU_direct_mem ANDROID_EMU_host_composition_v1 ANDROID_EMU_host_composition_v2 ANDROID_EMU_YUV_Cache ANDROID_EMU_async_unmap_buffer GL_OES_EGL_image_external_essl3 GL_OES_vertex_array_object GL_KHR_texture_compression_astc_ldr ANDROID_EMU_gles_max_version_3_0 
08-29 12:29:09.914   497   497 D CompatibilityChangeReporter: Compat change id reported: 135634846; UID 10129; state: DISABLED
08-29 12:29:09.915   497   541 D CompatibilityChangeReporter: Compat change id reported: 143937733; UID 10129; state: ENABLED
08-29 12:29:09.924   297   297 D Zygote  : Forked child process 3632
08-29 12:29:09.927   497   541 I ActivityManager: Start proc 3632:com.google.android.apps.photos/u0a129 for service {com.google.android.apps.photos/com.google.android.libraries.social.mediamonitor.MediaMonitorJobSchedulerService}
08-29 12:29:09.931  3632  3632 W oid.apps.photo: Unexpected CPU variant for X86 using defaults: x86
08-29 12:29:09.938  3632  3632 E oid.apps.photo: Not starting debugger since process cannot load the jdwp agent.
08-29 12:29:09.948  6591  1615 I NetworkScheduler.Stats: Task com.google.android.gms/com.google.android.gms.ipa.base.IpaGcmTaskService started execution. cause:9 exec_start_elapsed_seconds: 4539 [CONTEXT service_id=218 ]
08-29 12:29:09.960  6591 32581 I NetworkScheduler.Stats: Task com.google.android.gms/com.google.android.gms.ipa.base.IpaGcmTaskService finished executing. cause:9 result: 1 elapsed_millis: 34 uptime_millis: 34 exec_start_elapsed_seconds: 4539 [CONTEXT service_id=218 ]
08-29 12:29:09.961  3632  3632 I oid.apps.photo: The ClassLoaderContext is a special shared library.
08-29 12:29:09.971  3632  3632 I oid.apps.photo: The ClassLoaderContext is a special shared library.
08-29 12:29:09.979  3632  3632 D NetworkSecurityConfig: No Network Security Config specified, using platform default
08-29 12:29:09.979  3632  3632 D NetworkSecurityConfig: No Network Security Config specified, using platform default
08-29 12:29:10.065  3632  3632 W oid.apps.photo: Accessing hidden field Ljava/util/Collections$SynchronizedCollection;->mutex:Ljava/lang/Object; (greylist-max-o, reflection, denied)
08-29 12:29:10.065  3632  3632 W oid.apps.photo: Accessing hidden method Ljava/util/Collections$SynchronizedSet;-><init>(Ljava/util/Set;Ljava/lang/Object;)V (greylist-max-o, reflection, denied)
08-29 12:29:10.065  3632  3632 W oid.apps.photo: Accessing hidden method Ljava/util/Collections$SynchronizedCollection;-><init>(Ljava/util/Collection;Ljava/lang/Object;)V (greylist-max-o, reflection, denied)
08-29 12:29:10.155  3659  3661 I cmd     : oneway function results will be dropped but finished with status OK and parcel size 4
08-29 12:29:10.156  1441  1441 W com.google.android.providers.media.module: type=1400 audit(0.0:8440): avc: denied { read } for comm=4173796E635461736B202331 name="primary" dev="tmpfs" ino=25879 scontext=u:r:mediaprovider_app:s0:c146,c256,c512,c768 tcontext=u:object_r:mnt_pass_through_file:s0 tclass=lnk_file permissive=0 app=com.google.android.providers.media.module
08-29 12:29:10.160  1441  1441 I chatty  : uid=10146(com.google.android.providers.media.module) identical 1 line
08-29 12:29:10.160  1441  1441 W com.google.android.providers.media.module: type=1400 audit(0.0:8444): avc: denied { read } for comm=4173796E635461736B202331 name="primary" dev="tmpfs" ino=25879 scontext=u:r:mediaprovider_app:s0:c146,c256,c512,c768 tcontext=u:object_r:mnt_pass_through_file:s0 tclass=lnk_file permissive=0 app=com.google.android.providers.media.module
08-29 12:29:10.166  1441  3631 W ModernMediaScanner: Failed to visit /sdcard/screen_2020-08-29_122910.png: java.nio.file.AccessDeniedException: /sdcard/screen_2020-08-29_122910.png
08-29 12:29:10.168  1441  3631 I MediaProvider: Scanned internal due to REASON_DEMAND, found 0 items in 8ms, 0 inserts 0 updates 0 deletes
08-29 12:29:10.171  1441  3631 I MediaProvider: End Intent { act=android.intent.action.MEDIA_SCANNER_SCAN_FILE dat=file:///sdcard/screen_2020-08-29_122910.png flg=0x1400010 cmp=com.google.android.providers.media.module/com.android.providers.media.MediaService }
08-29 12:29:10.217  1441  3332 I MediaProvider: Deleted 1 items on external_primary due to com.android.shell
08-29 12:29:10.282  6591 32581 I NetworkScheduler.Stats: Task com.google.android.gms/com.google.android.gms.ipa.base.IpaGcmTaskService started execution. cause:9 exec_start_elapsed_seconds: 4539 [CONTEXT service_id=218 ]
08-29 12:29:10.296  6591  1615 I NetworkScheduler.Stats: Task com.google.android.gms/com.google.android.gms.ipa.base.IpaGcmTaskService finished executing. cause:9 result: 1 elapsed_millis: 46 uptime_millis: 46 exec_start_elapsed_seconds: 4539 [CONTEXT service_id=218 ]
08-29 12:29:10.355  3632  3663 I TetheringManager: registerTetheringEventCallback:com.google.android.apps.photos
08-29 12:29:10.465   497  2198 W UriGrantsManagerService: No permission grants found for com.google.android.apps.photos
08-29 12:29:10.466   497  2395 W UriGrantsManagerService: No permission grants found for com.google.android.apps.photos
