08-29 12:28:39.073  1441  3133 W MediaProvider: 	at android.os.HandlerThread.run(HandlerThread.java:67)
08-29 12:28:39.073   318   380 D goldfish-address-space: allocate: ioctl allocate returned offset 0x3f9800000 size 0x7ea000
08-29 12:28:39.077  1441  3133 E StorageManager: Failed to set extended attributes for /storage/emulated/0/screen_2020-08-29_122839.png to set project id.: Operation not supported on transport endpoint
08-29 12:28:39.077  1441  3133 W MediaProvider: Failed to update quota type for /storage/emulated/0/screen_2020-08-29_122839.png
08-29 12:28:39.077  1441  3133 W MediaProvider: java.io.IOException: Failed to update quota type for /storage/emulated/0/screen_2020-08-29_122839.png
08-29 12:28:39.077  1441  3133 W MediaProvider: 	at android.os.storage.StorageManager.updateExternalStorageFileQuotaType(StorageManager.java:2512)
08-29 12:28:39.077  1441  3133 W MediaProvider: 	at com.android.providers.media.MediaProvider.updateQuotaTypeForFileInternal(MediaProvider.java:581)
08-29 12:28:39.077  1441  3133 W MediaProvider: 	at com.android.providers.media.MediaProvider.updateQuotaTypeForUri(MediaProvider.java:560)
08-29 12:28:39.077  1441  3133 W MediaProvider: 	at com.android.providers.media.MediaProvider.access$800(MediaProvider.java:222)
08-29 12:28:39.077  1441  3133 W MediaProvider: 	at com.android.providers.media.MediaProvider$3.lambda$onInsert$0(MediaProvider.java:611)
08-29 12:28:39.077  1441  3133 W MediaProvider: 	at com.android.providers.media.MediaProvider$3.lambda$onInsert$0$MediaProvider$3(Unknown Source:0)
08-29 12:28:39.077  1441  3133 W MediaProvider: 	at com.android.providers.media.-$$Lambda$MediaProvider$3$OA4Hj-5lam3D4oprnbu7ZpL-f_E.run(Unknown Source:10)
08-29 12:28:39.077  1441  3133 W MediaProvider: 	at android.os.Handler.handleCallback(Handler.java:938)
08-29 12:28:39.077  1441  3133 W MediaProvider: 	at android.os.Handler.dispatchMessage(Handler.java:99)
08-29 12:28:39.077  1441  3133 W MediaProvider: 	at android.os.Looper.loop(Looper.java:223)
08-29 12:28:39.077  1441  3133 W MediaProvider: 	at android.os.HandlerThread.run(HandlerThread.java:67)
08-29 12:28:39.088   179   179 I hwservicemanager: getTransport: Cannot find entry android.hardware.graphics.mapper@4.0::IMapper/default in either framework or device manifest.
08-29 12:28:39.088  2407  2407 I Gralloc4: mapper 4.x is not supported
08-29 12:28:39.093  2407  2407 D HostConnection: createUnique: call
08-29 12:28:39.094  2407  2407 D HostConnection: HostConnection::get() New Host Connection established 0xef3808b0, tid 2407
08-29 12:28:39.095  2407  2407 D goldfish-address-space: allocate: Ask for block of size 0x100
08-29 12:28:39.095  2407  2407 D goldfish-address-space: allocate: ioctl allocate returned offset 0x3fc6bb000 size 0x2000
08-29 12:28:39.100  2407  2407 D HostConnection: HostComposition ext ANDROID_EMU_CHECKSUM_HELPER_v1 ANDROID_EMU_native_sync_v2 ANDROID_EMU_native_sync_v3 ANDROID_EMU_native_sync_v4 ANDROID_EMU_dma_v1 ANDROID_EMU_direct_mem ANDROID_EMU_host_composition_v1 ANDROID_EMU_host_composition_v2 ANDROID_EMU_YUV_Cache ANDROID_EMU_async_unmap_buffer GL_OES_EGL_image_external_essl3 GL_OES_vertex_array_object GL_KHR_texture_compression_astc_ldr ANDROID_EMU_gles_max_version_3_0 
08-29 12:28:39.132  6591  1615 I NetworkScheduler.Stats: Task com.google.android.gms/com.google.android.gms.ipa.base.IpaGcmTaskService started execution. cause:9 exec_start_elapsed_seconds: 4508 [CONTEXT service_id=218 ]
08-29 12:28:39.140  6591 32581 I NetworkScheduler.Stats: Task com.google.android.gms/com.google.android.gms.ipa.base.IpaGcmTaskService finished executing. cause:9 result: 1 elapsed_millis: 27 uptime_millis: 27 exec_start_elapsed_seconds: 4508 [CONTEXT service_id=218 ]
08-29 12:28:39.465  2411  2415 I cmd     : oneway function results will be dropped but finished with status OK and parcel size 4
08-29 12:28:39.471  1441  3631 I MediaProvider: Begin Intent { act=android.intent.action.MEDIA_SCANNER_SCAN_FILE dat=file:///sdcard/screen_2020-08-29_122839.png flg=0x1400010 cmp=com.google.android.providers.media.module/com.android.providers.media.MediaService }
08-29 12:28:39.468  1441  1441 W com.google.android.providers.media.module: type=1400 audit(0.0:8274): avc: denied { read } for comm=4173796E635461736B202331 name="primary" dev="tmpfs" ino=25879 scontext=u:r:mediaprovider_app:s0:c146,c256,c512,c768 tcontext=u:object_r:mnt_pass_through_file:s0 tclass=lnk_file permissive=0 app=com.google.android.providers.media.module
08-29 12:28:39.497  1441  3631 W ModernMediaScanner: Failed to visit /sdcard/screen_2020-08-29_122839.png: java.nio.file.AccessDeniedException: /sdcard/screen_2020-08-29_122839.png
08-29 12:28:39.499  1441  3631 I MediaProvider: Scanned internal due to REASON_DEMAND, found 0 items in 26ms, 0 inserts 0 updates 0 deletes
08-29 12:28:39.500  1441  3631 I MediaProvider: End Intent { act=android.intent.action.MEDIA_SCANNER_SCAN_FILE dat=file:///sdcard/screen_2020-08-29_122839.png flg=0x1400010 cmp=com.google.android.providers.media.module/com.android.providers.media.MediaService }
08-29 12:28:39.468  1441  1441 W com.google.android.providers.media.module: type=1400 audit(0.0:8276): avc: denied { read } for comm=4173796E635461736B202331 name="primary" dev="tmpfs" ino=25879 scontext=u:r:mediaprovider_app:s0:c146,c256,c512,c768 tcontext=u:object_r:mnt_pass_through_file:s0 tclass=lnk_file permissive=0 app=com.google.android.providers.media.module
08-29 12:28:39.543  1441  1666 I MediaProvider: Deleted 1 items on external_primary due to com.android.shell
08-29 12:28:39.595  6591  1615 I NetworkScheduler.Stats: Task com.google.android.gms/com.google.android.gms.ipa.base.IpaGcmTaskService started execution. cause:9 exec_start_elapsed_seconds: 4509 [CONTEXT service_id=218 ]
08-29 12:28:39.604  6591  1599 I NetworkScheduler.Stats: Task com.google.android.gms/com.google.android.gms.ipa.base.IpaGcmTaskService finished executing. cause:9 result: 1 elapsed_millis: 31 uptime_millis: 31 exec_start_elapsed_seconds: 4509 [CONTEXT service_id=218 ]
08-29 12:28:39.790   318   380 D goldfish-address-space: allocate: Ask for block of size 0x7e9000
08-29 12:28:39.790   318   380 D goldfish-address-space: allocate: ioctl allocate returned offset 0x3f9800000 size 0x7ea000
08-29 12:28:39.791  1441  3133 E StorageManager: Failed to set extended attributes for /storage/emulated/0/screen_2020-08-29_122840.png to set project id.: Operation not supported on transport endpoint
08-29 12:28:39.791  1441  3133 W MediaProvider: Failed to update quota type for /storage/emulated/0/screen_2020-08-29_122840.png
08-29 12:28:39.791  1441  3133 W MediaProvider: java.io.IOException: Failed to update quota type for /storage/emulated/0/screen_2020-08-29_122840.png
08-29 12:28:39.791  1441  3133 W MediaProvider: 	at android.os.storage.StorageManager.updateExternalStorageFileQuotaType(StorageManager.java:2512)
08-29 12:28:39.791  1441  3133 W MediaProvider: 	at com.android.providers.media.MediaProvider.updateQuotaTypeForFileInternal(MediaProvider.java:581)
08-29 12:28:39.791  1441  3133 W MediaProvider: 	at com.android.providers.media.MediaProvider.lambda$onFileCreatedForFuse$12(MediaProvider.java:1146)
08-29 12:28:39.791  1441  3133 W MediaProvider: 	at com.android.providers.media.MediaProvider.lambda$onFileCreatedForFuse$12$MediaProvider(Unknown Source:0)
08-29 12:28:39.791  1441  3133 W MediaProvider: 	at com.android.providers.media.-$$Lambda$MediaProvider$VhB3wkpGkT4Cm_4TN5qOQg3m3rU.run(Unknown Source:4)
08-29 12:28:39.791  1441  3133 W MediaProvider: 	at android.os.Handler.handleCallback(Handler.java:938)
08-29 12:28:39.791  1441  3133 W MediaProvider: 	at android.os.Handler.dispatchMessage(Handler.java:99)
08-29 12:28:39.791  1441  3133 W MediaProvider: 	at android.os.Looper.loop(Looper.java:223)
08-29 12:28:39.791  1441  3133 W MediaProvider: 	at android.os.HandlerThread.run(HandlerThread.java:67)
08-29 12:28:39.796  1441  3133 E StorageManager: Failed to set extended attributes for /storage/emulated/0/screen_2020-08-29_122840.png to set project id.: Operation not supported on transport endpoint
08-29 12:28:39.796  1441  3133 W MediaProvider: Failed to update quota type for /storage/emulated/0/screen_2020-08-29_122840.png
08-29 12:28:39.796  1441  3133 W MediaProvider: java.io.IOException: Failed to update quota type for /storage/emulated/0/screen_2020-08-29_122840.png
08-29 12:28:39.796  1441  3133 W MediaProvider: 	at android.os.storage.StorageManager.updateExternalStorageFileQuotaType(StorageManager.java:2512)
08-29 12:28:39.796  1441  3133 W MediaProvider: 	at com.android.providers.media.MediaProvider.updateQuotaTypeForFileInternal(MediaProvider.java:581)
08-29 12:28:39.796  1441  3133 W MediaProvider: 	at com.android.providers.media.MediaProvider.updateQuotaTypeForUri(MediaProvider.java:560)
08-29 12:28:39.796  1441  3133 W MediaProvider: 	at com.android.providers.media.MediaProvider.access$800(MediaProvider.java:222)
08-29 12:28:39.796  1441  3133 W MediaProvider: 	at com.android.providers.media.MediaProvider$3.lambda$onInsert$0(MediaProvider.java:611)
08-29 12:28:39.796  1441  3133 W MediaProvider: 	at com.android.providers.media.MediaProvider$3.lambda$onInsert$0$MediaProvider$3(Unknown Source:0)
08-29 12:28:39.796  1441  3133 W MediaProvider: 	at com.android.providers.media.-$$Lambda$MediaProvider$3$OA4Hj-5lam3D4oprnbu7ZpL-f_E.run(Unknown Source:10)
08-29 12:28:39.796  1441  3133 W MediaProvider: 	at android.os.Handler.handleCallback(Handler.java:938)
08-29 12:28:39.796  1441  3133 W MediaProvider: 	at android.os.Handler.dispatchMessage(Handler.java:99)
08-29 12:28:39.796  1441  3133 W MediaProvider: 	at android.os.Looper.loop(Looper.java:223)
08-29 12:28:39.796  1441  3133 W MediaProvider: 	at android.os.HandlerThread.run(HandlerThread.java:67)
08-29 12:28:39.806   179   179 I hwservicemanager: getTransport: Cannot find entry android.hardware.graphics.mapper@4.0::IMapper/default in either framework or device manifest.
08-29 12:28:39.806  2432  2432 I Gralloc4: mapper 4.x is not supported
08-29 12:28:39.811  2432  2432 D HostConnection: createUnique: call
08-29 12:28:39.812  2432  2432 D HostConnection: HostConnection::get() New Host Connection established 0xf22c0610, tid 2432
08-29 12:28:39.812  2432  2432 D goldfish-address-space: allocate: Ask for block of size 0x100
08-29 12:28:39.812  2432  2432 D goldfish-address-space: allocate: ioctl allocate returned offset 0x3fc6bb000 size 0x2000
08-29 12:28:39.817  2432  2432 D HostConnection: HostComposition ext ANDROID_EMU_CHECKSUM_HELPER_v1 ANDROID_EMU_native_sync_v2 ANDROID_EMU_native_sync_v3 ANDROID_EMU_native_sync_v4 ANDROID_EMU_dma_v1 ANDROID_EMU_direct_mem ANDROID_EMU_host_composition_v1 ANDROID_EMU_host_composition_v2 ANDROID_EMU_YUV_Cache ANDROID_EMU_async_unmap_buffer GL_OES_EGL_image_external_essl3 GL_OES_vertex_array_object GL_KHR_texture_compression_astc_ldr ANDROID_EMU_gles_max_version_3_0 
08-29 12:28:39.845  6591 32581 I NetworkScheduler.Stats: Task com.google.android.gms/com.google.android.gms.ipa.base.IpaGcmTaskService started execution. cause:9 exec_start_elapsed_seconds: 4509 [CONTEXT service_id=218 ]
08-29 12:28:39.855  6591  1615 I NetworkScheduler.Stats: Task com.google.android.gms/com.google.android.gms.ipa.base.IpaGcmTaskService finished executing. cause:9 result: 1 elapsed_millis: 27 uptime_millis: 27 exec_start_elapsed_seconds: 4509 [CONTEXT service_id=218 ]
08-29 12:28:40.167  1827  1850 W ocessService0:: Reducing the number of considered missed Gc histogram windows from 124 to 100
08-29 12:28:40.196  2439  2441 I cmd     : oneway function results will be dropped but finished with status OK and parcel size 4
08-29 12:28:40.199  1441  3631 I MediaProvider: Begin Intent { act=android.intent.action.MEDIA_SCANNER_SCAN_FILE dat=file:///sdcard/screen_2020-08-29_122840.png flg=0x1400010 cmp=com.google.android.providers.media.module/com.android.providers.media.MediaService }
08-29 12:28:40.200  1441  3631 W ModernMediaScanner: Failed to visit /sdcard/screen_2020-08-29_122840.png: java.nio.file.AccessDeniedException: /sdcard/screen_2020-08-29_122840.png
08-29 12:28:40.201  1441  3631 I MediaProvider: Scanned internal due to REASON_DEMAND, found 0 items in 1ms, 0 inserts 0 updates 0 deletes
08-29 12:28:40.202  1441  3631 I MediaProvider: End Intent { act=android.intent.action.MEDIA_SCANNER_SCAN_FILE dat=file:///sdcard/screen_2020-08-29_122840.png flg=0x1400010 cmp=com.google.android.providers.media.module/com.android.providers.media.MediaService }
08-29 12:28:40.275  1441  1791 I MediaProvider: Deleted 1 items on external_primary due to com.android.shell
08-29 12:28:40.293  1739  1756 W System  : A resource failed to call release. 
08-29 12:28:40.314   497  1114 I ActivityTaskManager: START u0 {act=android.intent.action.MAIN cat=[android.intent.category.LAUNCHER] flg=0x10000000 cmp=org.wikipedia.alpha/org.wikipedia.main.MainActivity} from uid 2000
08-29 12:28:40.314   497   534 D EventSequenceValidator: Transition from INTENT_FAILED to INTENT_STARTED
08-29 12:28:40.321   401   401 I perfetto: ing_service_impl.cc:758 Configured tracing session 49, #sources:1, duration:5000 ms, #buffers:1, total buffer size:4096 KB, total sessions:2, uid:1071 session name: ""
08-29 12:28:40.324   399   399 I perfetto: probes_producer.cc:230  Ftrace setup (target_buf=49)
08-29 12:28:40.328  2447  2449 I cmd     : oneway function results will be dropped but finished with status OK and parcel size 4
08-29 12:28:40.332   497  1271 W ActivityTaskManager: Tried to set launchTime (0) < mLastActivityLaunchTime (4440724)
08-29 12:28:40.333   497  1271 W InputReader: Device virtio_input_multi_touch_9 is associated with display ADISPLAY_ID_NONE.
08-29 12:28:40.333   497  1271 W InputReader: Device virtio_input_multi_touch_7 is associated with display ADISPLAY_ID_NONE.
08-29 12:28:40.333   497  1271 W InputReader: Device virtio_input_multi_touch_10 is associated with display ADISPLAY_ID_NONE.
08-29 12:28:40.333   497  1271 W InputReader: Device virtio_input_multi_touch_4 is associated with display ADISPLAY_ID_NONE.
08-29 12:28:40.333   497  1271 W InputReader: Device virtio_input_multi_touch_6 is associated with display ADISPLAY_ID_NONE.
08-29 12:28:40.333   497  1271 W InputReader: Device virtio_input_multi_touch_3 is associated with display ADISPLAY_ID_NONE.
08-29 12:28:40.333   497  1271 W InputReader: Device virtio_input_multi_touch_11 is associated with display ADISPLAY_ID_NONE.
08-29 12:28:40.333   497  1271 W InputReader: Device virtio_input_multi_touch_5 is associated with display ADISPLAY_ID_NONE.
08-29 12:28:40.333   497  1271 W InputReader: Device virtio_input_multi_touch_2 is associated with display ADISPLAY_ID_NONE.
08-29 12:28:40.333   497  1271 W InputReader: Device virtio_input_multi_touch_8 is associated with display ADISPLAY_ID_NONE.
08-29 12:28:40.333   497  1271 W InputReader: Device virtio_input_multi_touch_9 is associated with display ADISPLAY_ID_NONE.
08-29 12:28:40.333   497  1271 W InputReader: Device virtio_input_multi_touch_7 is associated with display ADISPLAY_ID_NONE.
08-29 12:28:40.333   497  1271 W InputReader: Device virtio_input_multi_touch_10 is associated with display ADISPLAY_ID_NONE.
08-29 12:28:40.333   497  1271 W InputReader: Device virtio_input_multi_touch_4 is associated with display ADISPLAY_ID_NONE.
08-29 12:28:40.333   497  1271 W InputReader: Device virtio_input_multi_touch_6 is associated with display ADISPLAY_ID_NONE.
08-29 12:28:40.333   497  1271 W InputReader: Device virtio_input_multi_touch_3 is associated with display ADISPLAY_ID_NONE.
08-29 12:28:40.333   497  1271 W InputReader: Device virtio_input_multi_touch_11 is associated with display ADISPLAY_ID_NONE.
08-29 12:28:40.333   497  1271 W InputReader: Device virtio_input_multi_touch_5 is associated with display ADISPLAY_ID_NONE.
08-29 12:28:40.333   497  1271 W InputReader: Device virtio_input_multi_touch_2 is associated with display ADISPLAY_ID_NONE.
08-29 12:28:40.333   497  1271 W InputReader: Device virtio_input_multi_touch_8 is associated with display ADISPLAY_ID_NONE.
08-29 12:28:40.360   497   534 D EventSequenceValidator: Transition from INTENT_STARTED to ACTIVITY_LAUNCHED
08-29 12:28:40.372  6591  1599 I NetworkScheduler.Stats: Task com.google.android.gms/com.google.android.gms.ipa.base.IpaGcmTaskService started execution. cause:9 exec_start_elapsed_seconds: 4509 [CONTEXT service_id=218 ]
08-29 12:28:40.388  6591  1599 I NetworkScheduler.Stats: Task com.google.android.gms/com.google.android.gms.ipa.base.IpaGcmTaskService finished executing. cause:9 result: 1 elapsed_millis: 78 uptime_millis: 78 exec_start_elapsed_seconds: 4509 [CONTEXT service_id=218 ]
08-29 12:28:40.391  1739  2098 D org.wikipedia.recurring.RecurringTask: runIfNecessary():28: Skipping recurring task, remote-config-refresher. Last execution was Sat Aug 29 12:07:50 GMT-05:00 2020.
08-29 12:28:40.392  1739  2098 D org.wikipedia.recurring.RecurringTask: runIfNecessary():28: Skipping recurring task, shared-image-cleanup. Last execution was Sat Aug 29 12:07:50 GMT-05:00 2020.
08-29 12:28:40.392  1739  2098 D org.wikipedia.recurring.RecurringTask: runIfNecessary():28: Skipping recurring task, dailyEventTask. Last execution was Sat Aug 29 12:07:50 GMT-05:00 2020.
08-29 12:28:40.393  1739  2098 D org.wikipedia.recurring.RecurringTask: runIfNecessary():28: Skipping recurring task, alpha-update-checker. Last execution was Sat Aug 29 12:07:52 GMT-05:00 2020.
08-29 12:28:40.406  1352  1387 I PeriodicStatsRunner: PeriodicStatsRunner.call():180 call()
08-29 12:28:40.411  1352  1387 I PeriodicStatsRunner: PeriodicStatsRunner.call():184 No submit PeriodicStats since input started.
08-29 12:28:40.416   318   380 D goldfish-address-space: allocate: Ask for block of size 0x7e9000
08-29 12:28:40.416   318   380 D goldfish-address-space: allocate: ioctl allocate returned offset 0x3f9800000 size 0x7ea000
08-29 12:28:40.508   318   380 D goldfish-address-space: allocate: Ask for block of size 0x7e9000
08-29 12:28:40.509   318   380 D goldfish-address-space: allocate: ioctl allocate returned offset 0x3f9016000 size 0x7ea000
08-29 12:28:40.520   318   380 D goldfish-address-space: allocate: Ask for block of size 0x7e9000
08-29 12:28:40.521   318   380 D goldfish-address-space: allocate: ioctl allocate returned offset 0x3f882c000 size 0x7ea000
08-29 12:28:40.528   318 18634 D goldfish-address-space: allocate: Ask for block of size 0x7e9000
08-29 12:28:40.528   318 18634 D goldfish-address-space: allocate: ioctl allocate returned offset 0x3f7347000 size 0x7ea000
08-29 12:28:40.579   497   539 D ArtManagerInternalImpl: /data/misc/iorapd/org.wikipedia.alpha/50330/org.wikipedia.main.MainActivity/compiled_traces/compiled_trace.pb doesn't exist
08-29 12:28:40.581   497   534 D EventSequenceValidator: Transition from ACTIVITY_LAUNCHED to ACTIVITY_FINISHED
08-29 12:28:40.581   497   539 I ActivityTaskManager: Displayed org.wikipedia.alpha/org.wikipedia.main.MainActivity: +264ms
08-29 12:28:40.672   318 18634 D goldfish-address-space: allocate: Ask for block of size 0x10b430
08-29 12:28:40.673   318 18634 D goldfish-address-space: allocate: ioctl allocate returned offset 0x3fa69c000 size 0x10d000
08-29 12:28:40.683   318 18634 D goldfish-address-space: allocate: Ask for block of size 0x10b430
08-29 12:28:40.683   318 18634 D goldfish-address-space: allocate: ioctl allocate returned offset 0x3fa4ed000 size 0x10d000
08-29 12:28:40.689   318 18634 D goldfish-address-space: allocate: Ask for block of size 0x10b430
08-29 12:28:40.690   318 18634 D goldfish-address-space: allocate: ioctl allocate returned offset 0x3fc82e000 size 0x10d000
08-29 12:28:40.829   318 18634 D goldfish-address-space: allocate: Ask for block of size 0x10b430
08-29 12:28:40.830   318 18634 D goldfish-address-space: allocate: ioctl allocate returned offset 0x3fa69c000 size 0x10d000
08-29 12:28:40.853   318 18634 D goldfish-address-space: allocate: Ask for block of size 0x10b430
08-29 12:28:40.853   318 18634 D goldfish-address-space: allocate: ioctl allocate returned offset 0x3fc721000 size 0x10d000
08-29 12:28:40.897  6741  2307 I PBSessionCacheImpl: Deleted sessionId[29648830240040891] from persistence.
08-29 12:28:40.965  6741  6829 W SearchServiceCore: Abort, client detached.
08-29 12:28:40.969  6741  6829 I MicroDetectionState: Should stop hotword detection immediately - false
08-29 12:28:41.219  1739  1792 D LeakCanary: Check for retained object found no objects remaining
08-29 12:28:41.465  1739  1739 V org.wikipedia.feed.news.NewsItemCard: removeImageCaption():62: Removing spanned text: (pictured)
08-29 12:28:41.661   318 18634 D goldfish-address-space: allocate: Ask for block of size 0x7e9000
08-29 12:28:41.661   318 18634 D goldfish-address-space: allocate: ioctl allocate returned offset 0x3f9800000 size 0x7ea000
08-29 12:28:41.667  1441  3133 E StorageManager: Failed to set extended attributes for /storage/emulated/0/screen_2020-08-29_122842.png to set project id.: Operation not supported on transport endpoint
08-29 12:28:41.667  1441  3133 W MediaProvider: Failed to update quota type for /storage/emulated/0/screen_2020-08-29_122842.png
08-29 12:28:41.667  1441  3133 W MediaProvider: java.io.IOException: Failed to update quota type for /storage/emulated/0/screen_2020-08-29_122842.png
08-29 12:28:41.667  1441  3133 W MediaProvider: 	at android.os.storage.StorageManager.updateExternalStorageFileQuotaType(StorageManager.java:2512)
08-29 12:28:41.667  1441  3133 W MediaProvider: 	at com.android.providers.media.MediaProvider.updateQuotaTypeForFileInternal(MediaProvider.java:581)
08-29 12:28:41.667  1441  3133 W MediaProvider: 	at com.android.providers.media.MediaProvider.lambda$onFileCreatedForFuse$12(MediaProvider.java:1146)
08-29 12:28:41.667  1441  3133 W MediaProvider: 	at com.android.providers.media.MediaProvider.lambda$onFileCreatedForFuse$12$MediaProvider(Unknown Source:0)
08-29 12:28:41.667  1441  3133 W MediaProvider: 	at com.android.providers.media.-$$Lambda$MediaProvider$VhB3wkpGkT4Cm_4TN5qOQg3m3rU.run(Unknown Source:4)
08-29 12:28:41.667  1441  3133 W MediaProvider: 	at android.os.Handler.handleCallback(Handler.java:938)
08-29 12:28:41.667  1441  3133 W MediaProvider: 	at android.os.Handler.dispatchMessage(Handler.java:99)
08-29 12:28:41.667  1441  3133 W MediaProvider: 	at android.os.Looper.loop(Looper.java:223)
08-29 12:28:41.667  1441  3133 W MediaProvider: 	at android.os.HandlerThread.run(HandlerThread.java:67)
08-29 12:28:41.670  1441  3133 E StorageManager: Failed to set extended attributes for /storage/emulated/0/screen_2020-08-29_122842.png to set project id.: Operation not supported on transport endpoint
08-29 12:28:41.670  1441  3133 W MediaProvider: Failed to update quota type for /storage/emulated/0/screen_2020-08-29_122842.png
08-29 12:28:41.670  1441  3133 W MediaProvider: java.io.IOException: Failed to update quota type for /storage/emulated/0/screen_2020-08-29_122842.png
08-29 12:28:41.670  1441  3133 W MediaProvider: 	at android.os.storage.StorageManager.updateExternalStorageFileQuotaType(StorageManager.java:2512)
08-29 12:28:41.670  1441  3133 W MediaProvider: 	at com.android.providers.media.MediaProvider.updateQuotaTypeForFileInternal(MediaProvider.java:581)
08-29 12:28:41.670  1441  3133 W MediaProvider: 	at com.android.providers.media.MediaProvider.updateQuotaTypeForUri(MediaProvider.java:560)
08-29 12:28:41.670  1441  3133 W MediaProvider: 	at com.android.providers.media.MediaProvider.access$800(MediaProvider.java:222)
08-29 12:28:41.670  1441  3133 W MediaProvider: 	at com.android.providers.media.MediaProvider$3.lambda$onInsert$0(MediaProvider.java:611)
08-29 12:28:41.670  1441  3133 W MediaProvider: 	at com.android.providers.media.MediaProvider$3.lambda$onInsert$0$MediaProvider$3(Unknown Source:0)
08-29 12:28:41.670  1441  3133 W MediaProvider: 	at com.android.providers.media.-$$Lambda$MediaProvider$3$OA4Hj-5lam3D4oprnbu7ZpL-f_E.run(Unknown Source:10)
08-29 12:28:41.670  1441  3133 W MediaProvider: 	at android.os.Handler.handleCallback(Handler.java:938)
08-29 12:28:41.670  1441  3133 W MediaProvider: 	at android.os.Handler.dispatchMessage(Handler.java:99)
08-29 12:28:41.670  1441  3133 W MediaProvider: 	at android.os.Looper.loop(Looper.java:223)
08-29 12:28:41.670  1441  3133 W MediaProvider: 	at android.os.HandlerThread.run(HandlerThread.java:67)
08-29 12:28:41.685   179   179 I hwservicemanager: getTransport: Cannot find entry android.hardware.graphics.mapper@4.0::IMapper/default in either framework or device manifest.
08-29 12:28:41.685  2496  2496 I Gralloc4: mapper 4.x is not supported
08-29 12:28:41.693  2496  2496 D HostConnection: createUnique: call
08-29 12:28:41.695  2496  2496 D HostConnection: HostConnection::get() New Host Connection established 0xf0680e50, tid 2496
08-29 12:28:41.695  2496  2496 D goldfish-address-space: allocate: Ask for block of size 0x100
08-29 12:28:41.695  2496  2496 D goldfish-address-space: allocate: ioctl allocate returned offset 0x3fa69a000 size 0x2000
08-29 12:28:41.701  2496  2496 D HostConnection: HostComposition ext ANDROID_EMU_CHECKSUM_HELPER_v1 ANDROID_EMU_native_sync_v2 ANDROID_EMU_native_sync_v3 ANDROID_EMU_native_sync_v4 ANDROID_EMU_dma_v1 ANDROID_EMU_direct_mem ANDROID_EMU_host_composition_v1 ANDROID_EMU_host_composition_v2 ANDROID_EMU_YUV_Cache ANDROID_EMU_async_unmap_buffer GL_OES_EGL_image_external_essl3 GL_OES_vertex_array_object GL_KHR_texture_compression_astc_ldr ANDROID_EMU_gles_max_version_3_0 
08-29 12:28:41.779  6591  1599 I NetworkScheduler.Stats: Task com.google.android.gms/com.google.android.gms.ipa.base.IpaGcmTaskService started execution. cause:9 exec_start_elapsed_seconds: 4511 [CONTEXT service_id=218 ]
08-29 12:28:41.789  6591 32581 I NetworkScheduler.Stats: Task com.google.android.gms/com.google.android.gms.ipa.base.IpaGcmTaskService finished executing. cause:9 result: 1 elapsed_millis: 47 uptime_millis: 47 exec_start_elapsed_seconds: 4511 [CONTEXT service_id=218 ]
08-29 12:28:41.921  2507  2510 I cmd     : oneway function results will be dropped but finished with status OK and parcel size 4
08-29 12:28:41.927  1441  3631 I MediaProvider: Begin Intent { act=android.intent.action.MEDIA_SCANNER_SCAN_FILE dat=file:///sdcard/screen_2020-08-29_122842.png flg=0x1400010 cmp=com.google.android.providers.media.module/com.android.providers.media.MediaService }
08-29 12:28:41.924  1441  1441 W com.google.android.providers.media.module: type=1400 audit(0.0:8286): avc: denied { read } for comm=4173796E635461736B202331 name="primary" dev="tmpfs" ino=25879 scontext=u:r:mediaprovider_app:s0:c146,c256,c512,c768 tcontext=u:object_r:mnt_pass_through_file:s0 tclass=lnk_file permissive=0 app=com.google.android.providers.media.module
08-29 12:28:41.943  1441  3631 W ModernMediaScanner: Failed to visit /sdcard/screen_2020-08-29_122842.png: java.nio.file.AccessDeniedException: /sdcard/screen_2020-08-29_122842.png
08-29 12:28:41.947  1441  3631 I MediaProvider: Scanned internal due to REASON_DEMAND, found 0 items in 20ms, 0 inserts 0 updates 0 deletes
08-29 12:28:41.949  1441  3631 I MediaProvider: End Intent { act=android.intent.action.MEDIA_SCANNER_SCAN_FILE dat=file:///sdcard/screen_2020-08-29_122842.png flg=0x1400010 cmp=com.google.android.providers.media.module/com.android.providers.media.MediaService }
08-29 12:28:41.924  1441  1441 W com.google.android.providers.media.module: type=1400 audit(0.0:8288): avc: denied { read } for comm=4173796E635461736B202331 name="primary" dev="tmpfs" ino=25879 scontext=u:r:mediaprovider_app:s0:c146,c256,c512,c768 tcontext=u:object_r:mnt_pass_through_file:s0 tclass=lnk_file permissive=0 app=com.google.android.providers.media.module
08-29 12:28:41.996  1441  1666 I MediaProvider: Deleted 1 items on external_primary due to com.android.shell
08-29 12:28:42.089  6591  1615 I NetworkScheduler.Stats: Task com.google.android.gms/com.google.android.gms.ipa.base.IpaGcmTaskService started execution. cause:9 exec_start_elapsed_seconds: 4511 [CONTEXT service_id=218 ]
08-29 12:28:42.098  6591  1599 I NetworkScheduler.Stats: Task com.google.android.gms/com.google.android.gms.ipa.base.IpaGcmTaskService finished executing. cause:9 result: 1 elapsed_millis: 63 uptime_millis: 63 exec_start_elapsed_seconds: 4511 [CONTEXT service_id=218 ]
08-29 12:28:42.295   318 18634 D goldfish-address-space: allocate: Ask for block of size 0x7e9000
08-29 12:28:42.295   318 18634 D goldfish-address-space: allocate: ioctl allocate returned offset 0x3f9800000 size 0x7ea000
08-29 12:28:42.296  1441  3133 E StorageManager: Failed to set extended attributes for /storage/emulated/0/screen_2020-08-29_122843.png to set project id.: Operation not supported on transport endpoint
08-29 12:28:42.297  1441  3133 W MediaProvider: Failed to update quota type for /storage/emulated/0/screen_2020-08-29_122843.png
08-29 12:28:42.297  1441  3133 W MediaProvider: java.io.IOException: Failed to update quota type for /storage/emulated/0/screen_2020-08-29_122843.png
08-29 12:28:42.297  1441  3133 W MediaProvider: 	at android.os.storage.StorageManager.updateExternalStorageFileQuotaType(StorageManager.java:2512)
08-29 12:28:42.297  1441  3133 W MediaProvider: 	at com.android.providers.media.MediaProvider.updateQuotaTypeForFileInternal(MediaProvider.java:581)
08-29 12:28:42.297  1441  3133 W MediaProvider: 	at com.android.providers.media.MediaProvider.lambda$onFileCreatedForFuse$12(MediaProvider.java:1146)
08-29 12:28:42.297  1441  3133 W MediaProvider: 	at com.android.providers.media.MediaProvider.lambda$onFileCreatedForFuse$12$MediaProvider(Unknown Source:0)
08-29 12:28:42.297  1441  3133 W MediaProvider: 	at com.android.providers.media.-$$Lambda$MediaProvider$VhB3wkpGkT4Cm_4TN5qOQg3m3rU.run(Unknown Source:4)
08-29 12:28:42.297  1441  3133 W MediaProvider: 	at android.os.Handler.handleCallback(Handler.java:938)
08-29 12:28:42.297  1441  3133 W MediaProvider: 	at android.os.Handler.dispatchMessage(Handler.java:99)
08-29 12:28:42.297  1441  3133 W MediaProvider: 	at android.os.Looper.loop(Looper.java:223)
08-29 12:28:42.297  1441  3133 W MediaProvider: 	at android.os.HandlerThread.run(HandlerThread.java:67)
08-29 12:28:42.300  1441  3133 E StorageManager: Failed to set extended attributes for /storage/emulated/0/screen_2020-08-29_122843.png to set project id.: Operation not supported on transport endpoint
08-29 12:28:42.303  1441  3133 W MediaProvider: Failed to update quota type for /storage/emulated/0/screen_2020-08-29_122843.png
08-29 12:28:42.303  1441  3133 W MediaProvider: java.io.IOException: Failed to update quota type for /storage/emulated/0/screen_2020-08-29_122843.png
08-29 12:28:42.303  1441  3133 W MediaProvider: 	at android.os.storage.StorageManager.updateExternalStorageFileQuotaType(StorageManager.java:2512)
08-29 12:28:42.303  1441  3133 W MediaProvider: 	at com.android.providers.media.MediaProvider.updateQuotaTypeForFileInternal(MediaProvider.java:581)
08-29 12:28:42.303  1441  3133 W MediaProvider: 	at com.android.providers.media.MediaProvider.updateQuotaTypeForUri(MediaProvider.java:560)
08-29 12:28:42.303  1441  3133 W MediaProvider: 	at com.android.providers.media.MediaProvider.access$800(MediaProvider.java:222)
08-29 12:28:42.303  1441  3133 W MediaProvider: 	at com.android.providers.media.MediaProvider$3.lambda$onInsert$0(MediaProvider.java:611)
08-29 12:28:42.303  1441  3133 W MediaProvider: 	at com.android.providers.media.MediaProvider$3.lambda$onInsert$0$MediaProvider$3(Unknown Source:0)
08-29 12:28:42.303  1441  3133 W MediaProvider: 	at com.android.providers.media.-$$Lambda$MediaProvider$3$OA4Hj-5lam3D4oprnbu7ZpL-f_E.run(Unknown Source:10)
08-29 12:28:42.303  1441  3133 W MediaProvider: 	at android.os.Handler.handleCallback(Handler.java:938)
08-29 12:28:42.303  1441  3133 W MediaProvider: 	at android.os.Handler.dispatchMessage(Handler.java:99)
08-29 12:28:42.303  1441  3133 W MediaProvider: 	at android.os.Looper.loop(Looper.java:223)
08-29 12:28:42.303  1441  3133 W MediaProvider: 	at android.os.HandlerThread.run(HandlerThread.java:67)
08-29 12:28:42.311   179   179 I hwservicemanager: getTransport: Cannot find entry android.hardware.graphics.mapper@4.0::IMapper/default in either framework or device manifest.
08-29 12:28:42.312  2531  2531 I Gralloc4: mapper 4.x is not supported
08-29 12:28:42.318  2531  2531 D HostConnection: createUnique: call
08-29 12:28:42.318  2531  2531 D HostConnection: HostConnection::get() New Host Connection established 0xe8b00730, tid 2531
08-29 12:28:42.319  2531  2531 D goldfish-address-space: allocate: Ask for block of size 0x100
08-29 12:28:42.319  2531  2531 D goldfish-address-space: allocate: ioctl allocate returned offset 0x3fa69a000 size 0x2000
08-29 12:28:42.325  2531  2531 D HostConnection: HostComposition ext ANDROID_EMU_CHECKSUM_HELPER_v1 ANDROID_EMU_native_sync_v2 ANDROID_EMU_native_sync_v3 ANDROID_EMU_native_sync_v4 ANDROID_EMU_dma_v1 ANDROID_EMU_direct_mem ANDROID_EMU_host_composition_v1 ANDROID_EMU_host_composition_v2 ANDROID_EMU_YUV_Cache ANDROID_EMU_async_unmap_buffer GL_OES_EGL_image_external_essl3 GL_OES_vertex_array_object GL_KHR_texture_compression_astc_ldr ANDROID_EMU_gles_max_version_3_0 
08-29 12:28:42.439   399   399 I perfetto: probes_producer.cc:329  Producer stop (id=48)
08-29 12:28:42.448   401   401 I perfetto: ng_service_impl.cc:1948 Tracing session 48 ended, total sessions:1
08-29 12:28:42.459  6591  1615 I NetworkScheduler.Stats: Task com.google.android.gms/com.google.android.gms.ipa.base.IpaGcmTaskService started execution. cause:9 exec_start_elapsed_seconds: 4511 [CONTEXT service_id=218 ]
08-29 12:28:42.487  6591  1615 I NetworkScheduler.Stats: Task com.google.android.gms/com.google.android.gms.ipa.base.IpaGcmTaskService finished executing. cause:9 result: 1 elapsed_millis: 141 uptime_millis: 141 exec_start_elapsed_seconds: 4511 [CONTEXT service_id=218 ]
08-29 12:28:42.603   396   396 E netmgr  : qemu_pipe_open_ns:62: Could not connect to the 'pipe:qemud:network' service: Invalid argument
08-29 12:28:42.603   396   396 E netmgr  : Failed to open QEMU pipe 'qemud:network': Invalid argument
08-29 12:28:42.616  8740  8752 W e.process.gapp: Reducing the number of considered missed Gc histogram windows from 133 to 100
08-29 12:28:42.782  2538  2540 I cmd     : oneway function results will be dropped but finished with status OK and parcel size 4
08-29 12:28:42.787  1441  3631 I MediaProvider: Begin Intent { act=android.intent.action.MEDIA_SCANNER_SCAN_FILE dat=file:///sdcard/screen_2020-08-29_122843.png flg=0x1400010 cmp=com.google.android.providers.media.module/com.android.providers.media.MediaService }
08-29 12:28:42.791  1441  3631 W ModernMediaScanner: Failed to visit /sdcard/screen_2020-08-29_122843.png: java.nio.file.AccessDeniedException: /sdcard/screen_2020-08-29_122843.png
08-29 12:28:42.796  1441  3631 I MediaProvider: Scanned internal due to REASON_DEMAND, found 0 items in 6ms, 0 inserts 0 updates 0 deletes
08-29 12:28:42.799  1441  3631 I MediaProvider: End Intent { act=android.intent.action.MEDIA_SCANNER_SCAN_FILE dat=file:///sdcard/screen_2020-08-29_122843.png flg=0x1400010 cmp=com.google.android.providers.media.module/com.android.providers.media.MediaService }
08-29 12:28:42.876  1441  3332 I MediaProvider: Deleted 1 items on external_primary due to com.android.shell
08-29 12:28:42.899   178   178 I servicemanager: Notifying apexservice they have clients: 0
08-29 12:28:42.910   178   178 I BpBinder: onLastStrongRef automatically unlinking death recipients: <uncached descriptor>
08-29 12:28:43.004  6591  1599 I NetworkScheduler.Stats: Task com.google.android.gms/com.google.android.gms.ipa.base.IpaGcmTaskService started execution. cause:9 exec_start_elapsed_seconds: 4512 [CONTEXT service_id=218 ]
08-29 12:28:43.016  6591  1615 I NetworkScheduler.Stats: Task com.google.android.gms/com.google.android.gms.ipa.base.IpaGcmTaskService finished executing. cause:9 result: 1 elapsed_millis: 55 uptime_millis: 55 exec_start_elapsed_seconds: 4512 [CONTEXT service_id=218 ]
08-29 12:28:43.132   400   400 E wifi_forwarder: qemu_pipe_open_ns:62: Could not connect to the 'pipe:qemud:wififorward' service: Invalid argument
08-29 12:28:43.132   400   400 E wifi_forwarder: RemoteConnection failed to initialize: RemoteConnection failed to open pipe
08-29 12:28:43.351   318 18634 D goldfish-address-space: allocate: Ask for block of size 0x7e9000
08-29 12:28:43.351   318 18634 D goldfish-address-space: allocate: ioctl allocate returned offset 0x3f9800000 size 0x7ea000
08-29 12:28:43.357  1441  3133 E StorageManager: Failed to set extended attributes for /storage/emulated/0/screen_2020-08-29_122844.png to set project id.: Operation not supported on transport endpoint
08-29 12:28:43.357  1441  3133 W MediaProvider: Failed to update quota type for /storage/emulated/0/screen_2020-08-29_122844.png
08-29 12:28:43.357  1441  3133 W MediaProvider: java.io.IOException: Failed to update quota type for /storage/emulated/0/screen_2020-08-29_122844.png
08-29 12:28:43.357  1441  3133 W MediaProvider: 	at android.os.storage.StorageManager.updateExternalStorageFileQuotaType(StorageManager.java:2512)
08-29 12:28:43.357  1441  3133 W MediaProvider: 	at com.android.providers.media.MediaProvider.updateQuotaTypeForFileInternal(MediaProvider.java:581)
08-29 12:28:43.357  1441  3133 W MediaProvider: 	at com.android.providers.media.MediaProvider.lambda$onFileCreatedForFuse$12(MediaProvider.java:1146)
08-29 12:28:43.357  1441  3133 W MediaProvider: 	at com.android.providers.media.MediaProvider.lambda$onFileCreatedForFuse$12$MediaProvider(Unknown Source:0)
08-29 12:28:43.357  1441  3133 W MediaProvider: 	at com.android.providers.media.-$$Lambda$MediaProvider$VhB3wkpGkT4Cm_4TN5qOQg3m3rU.run(Unknown Source:4)
08-29 12:28:43.357  1441  3133 W MediaProvider: 	at android.os.Handler.handleCallback(Handler.java:938)
08-29 12:28:43.357  1441  3133 W MediaProvider: 	at android.os.Handler.dispatchMessage(Handler.java:99)
08-29 12:28:43.357  1441  3133 W MediaProvider: 	at android.os.Looper.loop(Looper.java:223)
08-29 12:28:43.357  1441  3133 W MediaProvider: 	at android.os.HandlerThread.run(HandlerThread.java:67)
08-29 12:28:43.367  1441  3133 E StorageManager: Failed to set extended attributes for /storage/emulated/0/screen_2020-08-29_122844.png to set project id.: Operation not supported on transport endpoint
08-29 12:28:43.368  1441  3133 W MediaProvider: Failed to update quota type for /storage/emulated/0/screen_2020-08-29_122844.png
08-29 12:28:43.368  1441  3133 W MediaProvider: java.io.IOException: Failed to update quota type for /storage/emulated/0/screen_2020-08-29_122844.png
08-29 12:28:43.368  1441  3133 W MediaProvider: 	at android.os.storage.StorageManager.updateExternalStorageFileQuotaType(StorageManager.java:2512)
08-29 12:28:43.368  1441  3133 W MediaProvider: 	at com.android.providers.media.MediaProvider.updateQuotaTypeForFileInternal(MediaProvider.java:581)
08-29 12:28:43.368  1441  3133 W MediaProvider: 	at com.android.providers.media.MediaProvider.updateQuotaTypeForUri(MediaProvider.java:560)
08-29 12:28:43.368  1441  3133 W MediaProvider: 	at com.android.providers.media.MediaProvider.access$800(MediaProvider.java:222)
08-29 12:28:43.368  1441  3133 W MediaProvider: 	at com.android.providers.media.MediaProvider$3.lambda$onInsert$0(MediaProvider.java:611)
08-29 12:28:43.368  1441  3133 W MediaProvider: 	at com.android.providers.media.MediaProvider$3.lambda$onInsert$0$MediaProvider$3(Unknown Source:0)
08-29 12:28:43.368  1441  3133 W MediaProvider: 	at com.android.providers.media.-$$Lambda$MediaProvider$3$OA4Hj-5lam3D4oprnbu7ZpL-f_E.run(Unknown Source:10)
08-29 12:28:43.368  1441  3133 W MediaProvider: 	at android.os.Handler.handleCallback(Handler.java:938)
08-29 12:28:43.368  1441  3133 W MediaProvider: 	at android.os.Handler.dispatchMessage(Handler.java:99)
08-29 12:28:43.368  1441  3133 W MediaProvider: 	at android.os.Looper.loop(Looper.java:223)
08-29 12:28:43.368  1441  3133 W MediaProvider: 	at android.os.HandlerThread.run(HandlerThread.java:67)
08-29 12:28:43.375   179   179 I hwservicemanager: getTransport: Cannot find entry android.hardware.graphics.mapper@4.0::IMapper/default in either framework or device manifest.
08-29 12:28:43.376  2559  2559 I Gralloc4: mapper 4.x is not supported
08-29 12:28:43.388  2559  2559 D HostConnection: createUnique: call
08-29 12:28:43.388  2559  2559 D HostConnection: HostConnection::get() New Host Connection established 0xf4740430, tid 2559
08-29 12:28:43.389  2559  2559 D goldfish-address-space: allocate: Ask for block of size 0x100
08-29 12:28:43.389  2559  2559 D goldfish-address-space: allocate: ioctl allocate returned offset 0x3fa69a000 size 0x2000
08-29 12:28:43.410  2559  2559 D HostConnection: HostComposition ext ANDROID_EMU_CHECKSUM_HELPER_v1 ANDROID_EMU_native_sync_v2 ANDROID_EMU_native_sync_v3 ANDROID_EMU_native_sync_v4 ANDROID_EMU_dma_v1 ANDROID_EMU_direct_mem ANDROID_EMU_host_composition_v1 ANDROID_EMU_host_composition_v2 ANDROID_EMU_YUV_Cache ANDROID_EMU_async_unmap_buffer GL_OES_EGL_image_external_essl3 GL_OES_vertex_array_object GL_KHR_texture_compression_astc_ldr ANDROID_EMU_gles_max_version_3_0 
08-29 12:28:43.456  6591 32581 I NetworkScheduler.Stats: Task com.google.android.gms/com.google.android.gms.ipa.base.IpaGcmTaskService started execution. cause:9 exec_start_elapsed_seconds: 4513 [CONTEXT service_id=218 ]
08-29 12:28:43.468  6591  1599 I NetworkScheduler.Stats: Task com.google.android.gms/com.google.android.gms.ipa.base.IpaGcmTaskService finished executing. cause:9 result: 1 elapsed_millis: 52 uptime_millis: 52 exec_start_elapsed_seconds: 4513 [CONTEXT service_id=218 ]
08-29 12:28:43.584  6591  1599 I NetworkScheduler.Stats: Task com.google.android.gms/com.google.android.gms.icing.service.IcingGcmTaskService started execution. cause:5 exec_start_elapsed_seconds: 4513 [CONTEXT service_id=218 ]
08-29 12:28:43.611  6591 32581 I NetworkScheduler.Stats: Task com.google.android.gms/com.google.android.gms.icing.service.IcingGcmTaskService finished executing. cause:5 result: 1 elapsed_millis: 87 uptime_millis: 87 exec_start_elapsed_seconds: 4513 [CONTEXT service_id=218 ]
08-29 12:28:43.621   497   506 I system_server: Background young concurrent copying GC freed 439180(15MB) AllocSpace objects, 23(524KB) LOS objects, 42% free, 20MB/35MB, paused 667us total 100.752ms
08-29 12:28:43.781  1441  3631 I MediaProvider: Begin Intent { act=android.intent.action.MEDIA_SCANNER_SCAN_FILE dat=file:///sdcard/screen_2020-08-29_122844.png flg=0x1400010 cmp=com.google.android.providers.media.module/com.android.providers.media.MediaService }
08-29 12:28:43.780  1441  1441 W com.google.android.providers.media.module: type=1400 audit(0.0:8298): avc: denied { read } for comm=4173796E635461736B202331 name="primary" dev="tmpfs" ino=25879 scontext=u:r:mediaprovider_app:s0:c146,c256,c512,c768 tcontext=u:object_r:mnt_pass_through_file:s0 tclass=lnk_file permissive=0 app=com.google.android.providers.media.module
08-29 12:28:43.784  1441  1441 I chatty  : uid=10146(com.google.android.providers.media.module) identical 3 lines
08-29 12:28:43.784  1441  1441 W com.google.android.providers.media.module: type=1400 audit(0.0:8302): avc: denied { read } for comm=4173796E635461736B202331 name="primary" dev="tmpfs" ino=25879 scontext=u:r:mediaprovider_app:s0:c146,c256,c512,c768 tcontext=u:object_r:mnt_pass_through_file:s0 tclass=lnk_file permissive=0 app=com.google.android.providers.media.module
08-29 12:28:43.800  1441  3631 W ModernMediaScanner: Failed to visit /sdcard/screen_2020-08-29_122844.png: java.nio.file.AccessDeniedException: /sdcard/screen_2020-08-29_122844.png
08-29 12:28:43.804  1441  3631 I MediaProvider: Scanned internal due to REASON_DEMAND, found 0 items in 15ms, 0 inserts 0 updates 0 deletes
08-29 12:28:43.807  1441  3631 I MediaProvider: End Intent { act=android.intent.action.MEDIA_SCANNER_SCAN_FILE dat=file:///sdcard/screen_2020-08-29_122844.png flg=0x1400010 cmp=com.google.android.providers.media.module/com.android.providers.media.MediaService }
08-29 12:28:43.945  1441  1667 I MediaProvider: Deleted 1 items on external_primary due to com.android.shell
08-29 12:28:44.099  2578  2581 I cmd     : oneway function results will be dropped but finished with status OK and parcel size 4
08-29 12:28:44.100  6591  1599 I NetworkScheduler.Stats: Task com.google.android.gms/com.google.android.gms.ipa.base.IpaGcmTaskService started execution. cause:9 exec_start_elapsed_seconds: 4513 [CONTEXT service_id=218 ]
08-29 12:28:44.123  6591 32581 I NetworkScheduler.Stats: Task com.google.android.gms/com.google.android.gms.ipa.base.IpaGcmTaskService finished executing. cause:9 result: 1 elapsed_millis: 83 uptime_millis: 83 exec_start_elapsed_seconds: 4513 [CONTEXT service_id=218 ]
08-29 12:28:44.322  2596  2598 I cmd     : oneway function results will be dropped but finished with status OK and parcel size 4
08-29 12:28:44.478  2611  2613 I cmd     : oneway function results will be dropped but finished with status OK and parcel size 4
08-29 12:28:44.679  2625  2625 D AndroidRuntime: >>>>>> START com.android.internal.os.RuntimeInit uid 2000 <<<<<<
08-29 12:28:44.683  2625  2625 E libc    : Access denied finding property "persist.device_config.runtime_native_boot.profilebootclasspath"
08-29 12:28:44.683  2625  2625 E libc    : Access denied finding property "persist.device_config.runtime_native_boot.enable_apex_image"
08-29 12:28:44.683  2625  2625 I AndroidRuntime: Using default boot image
08-29 12:28:44.683  2625  2625 E libc    : Access denied finding property "persist.device_config.runtime_native_boot.disable_lock_profiling"
08-29 12:28:44.683  2625  2625 I AndroidRuntime: Leaving lock profiling enabled
08-29 12:28:44.684  2625  2625 E libc    : Access denied finding property "persist.device_config.runtime_native_boot.enable_generational_cc"
08-29 12:28:44.803  2625  2625 D app_process: Time zone APEX ICU file found: /apex/com.android.tzdata/etc/icu/icu_tzdata.dat
08-29 12:28:44.803  2625  2625 D app_process: I18n APEX ICU file found: /apex/com.android.i18n/etc/icu/icudt66l.dat
08-29 12:28:44.810  2625  2625 W app_process: Unexpected CPU variant for X86 using defaults: x86
08-29 12:28:44.812  2625  2625 I app_process: The ClassLoaderContext is a special shared library.
08-29 12:28:44.830  2625  2625 W app_process: JNI RegisterNativeMethods: attempt to register 0 native methods for android.media.AudioAttributes
08-29 12:28:44.838  2625  2625 D AndroidRuntime: Calling main entry com.android.commands.input.Input
08-29 12:28:45.059  2625  2625 D AndroidRuntime: Shutting down VM
08-29 12:28:45.076   497  1648 I system_server: oneway function results will be dropped but finished with status OK and parcel size 4
08-29 12:28:45.077   497  1648 I system_server: oneway function results will be dropped but finished with status OK and parcel size 4
08-29 12:28:45.168   318 18634 D goldfish-address-space: allocate: Ask for block of size 0x957300
08-29 12:28:45.168   318 18634 D goldfish-address-space: allocate: ioctl allocate returned offset 0x3f7ed3000 size 0x959000
08-29 12:28:45.186   318 18634 D goldfish-address-space: allocate: Ask for block of size 0x957300
08-29 12:28:45.186   318 18634 D goldfish-address-space: allocate: ioctl allocate returned offset 0x3fd6ff000 size 0x959000
08-29 12:28:45.197   318   380 D goldfish-address-space: allocate: Ask for block of size 0x957300
08-29 12:28:45.197   318   380 D goldfish-address-space: allocate: ioctl allocate returned offset 0x3fb60e000 size 0x959000
08-29 12:28:45.295   497  1271 I system_server: oneway function results will be dropped but finished with status OK and parcel size 4
08-29 12:28:45.328   399   399 I perfetto: probes_producer.cc:329  Producer stop (id=49)
08-29 12:28:45.332   399   399 I perfetto: ftrace_procfs.cc:183    disabled ftrace
08-29 12:28:45.334   401   401 I perfetto: ng_service_impl.cc:1948 Tracing session 49 ended, total sessions:0
08-29 12:28:45.753  1352  1387 I PeriodicStatsRunner: PeriodicStatsRunner.call():180 call()
08-29 12:28:45.753  1352  1387 I PeriodicStatsRunner: PeriodicStatsRunner.call():184 No submit PeriodicStats since input started.
08-29 12:28:45.936  6741  6753 W earchbox:searc: Reducing the number of considered missed Gc histogram windows from 125 to 100
08-29 12:28:46.727   318   380 D goldfish-address-space: allocate: Ask for block of size 0x7e9000
08-29 12:28:46.727   318   380 D goldfish-address-space: allocate: ioctl allocate returned offset 0x3f9800000 size 0x7ea000
08-29 12:28:46.729  1441  3133 E StorageManager: Failed to set extended attributes for /storage/emulated/0/screen_2020-08-29_122847.png to set project id.: Operation not supported on transport endpoint
08-29 12:28:46.729  1441  3133 W MediaProvider: Failed to update quota type for /storage/emulated/0/screen_2020-08-29_122847.png
08-29 12:28:46.729  1441  3133 W MediaProvider: java.io.IOException: Failed to update quota type for /storage/emulated/0/screen_2020-08-29_122847.png
08-29 12:28:46.729  1441  3133 W MediaProvider: 	at android.os.storage.StorageManager.updateExternalStorageFileQuotaType(StorageManager.java:2512)
08-29 12:28:46.729  1441  3133 W MediaProvider: 	at com.android.providers.media.MediaProvider.updateQuotaTypeForFileInternal(MediaProvider.java:581)
08-29 12:28:46.729  1441  3133 W MediaProvider: 	at com.android.providers.media.MediaProvider.lambda$onFileCreatedForFuse$12(MediaProvider.java:1146)
08-29 12:28:46.729  1441  3133 W MediaProvider: 	at com.android.providers.media.MediaProvider.lambda$onFileCreatedForFuse$12$MediaProvider(Unknown Source:0)
08-29 12:28:46.729  1441  3133 W MediaProvider: 	at com.android.providers.media.-$$Lambda$MediaProvider$VhB3wkpGkT4Cm_4TN5qOQg3m3rU.run(Unknown Source:4)
08-29 12:28:46.729  1441  3133 W MediaProvider: 	at android.os.Handler.handleCallback(Handler.java:938)
