08-29 12:29:18.087  3971  3971 D HostConnection: createUnique: call
08-29 12:29:18.088  3971  3971 D HostConnection: HostConnection::get() New Host Connection established 0xf5a80bb0, tid 3971
08-29 12:29:18.088  3971  3971 D goldfish-address-space: allocate: Ask for block of size 0x100
08-29 12:29:18.089  3971  3971 D goldfish-address-space: allocate: ioctl allocate returned offset 0x3fc729000 size 0x2000
08-29 12:29:18.095  3971  3971 D HostConnection: HostComposition ext ANDROID_EMU_CHECKSUM_HELPER_v1 ANDROID_EMU_native_sync_v2 ANDROID_EMU_native_sync_v3 ANDROID_EMU_native_sync_v4 ANDROID_EMU_dma_v1 ANDROID_EMU_direct_mem ANDROID_EMU_host_composition_v1 ANDROID_EMU_host_composition_v2 ANDROID_EMU_YUV_Cache ANDROID_EMU_async_unmap_buffer GL_OES_EGL_image_external_essl3 GL_OES_vertex_array_object GL_KHR_texture_compression_astc_ldr ANDROID_EMU_gles_max_version_3_0 
08-29 12:29:18.125  6591 32581 I NetworkScheduler.Stats: Task com.google.android.gms/com.google.android.gms.ipa.base.IpaGcmTaskService started execution. cause:9 exec_start_elapsed_seconds: 4547 [CONTEXT service_id=218 ]
08-29 12:29:18.131  6591  1599 I NetworkScheduler.Stats: Task com.google.android.gms/com.google.android.gms.ipa.base.IpaGcmTaskService finished executing. cause:9 result: 1 elapsed_millis: 26 uptime_millis: 26 exec_start_elapsed_seconds: 4547 [CONTEXT service_id=218 ]
08-29 12:29:18.271  1441  3631 I MediaProvider: Begin Intent { act=android.intent.action.MEDIA_SCANNER_SCAN_FILE dat=file:///sdcard/screen_2020-08-29_122918.png flg=0x1400010 cmp=com.google.android.providers.media.module/com.android.providers.media.MediaService }
08-29 12:29:18.268  1441  1441 W com.google.android.providers.media.module: type=1400 audit(0.0:8484): avc: denied { read } for comm=4173796E635461736B202331 name="primary" dev="tmpfs" ino=25879 scontext=u:r:mediaprovider_app:s0:c146,c256,c512,c768 tcontext=u:object_r:mnt_pass_through_file:s0 tclass=lnk_file permissive=0 app=com.google.android.providers.media.module
08-29 12:29:18.288  1441  3631 W ModernMediaScanner: Failed to visit /sdcard/screen_2020-08-29_122918.png: java.nio.file.AccessDeniedException: /sdcard/screen_2020-08-29_122918.png
08-29 12:29:18.289  1441  3631 I MediaProvider: Scanned internal due to REASON_DEMAND, found 0 items in 16ms, 0 inserts 0 updates 0 deletes
08-29 12:29:18.291  1441  3631 I MediaProvider: End Intent { act=android.intent.action.MEDIA_SCANNER_SCAN_FILE dat=file:///sdcard/screen_2020-08-29_122918.png flg=0x1400010 cmp=com.google.android.providers.media.module/com.android.providers.media.MediaService }
08-29 12:29:18.268  1441  1441 W com.google.android.providers.media.module: type=1400 audit(0.0:8486): avc: denied { read } for comm=4173796E635461736B202331 name="primary" dev="tmpfs" ino=25879 scontext=u:r:mediaprovider_app:s0:c146,c256,c512,c768 tcontext=u:object_r:mnt_pass_through_file:s0 tclass=lnk_file permissive=0 app=com.google.android.providers.media.module
08-29 12:29:18.345  1441  3332 I MediaProvider: Deleted 1 items on external_primary due to com.android.shell
08-29 12:29:18.399  6591 32581 I NetworkScheduler.Stats: Task com.google.android.gms/com.google.android.gms.ipa.base.IpaGcmTaskService started execution. cause:9 exec_start_elapsed_seconds: 4548 [CONTEXT service_id=218 ]
08-29 12:29:18.408  6591  1615 I NetworkScheduler.Stats: Task com.google.android.gms/com.google.android.gms.ipa.base.IpaGcmTaskService finished executing. cause:9 result: 1 elapsed_millis: 35 uptime_millis: 35 exec_start_elapsed_seconds: 4548 [CONTEXT service_id=218 ]
08-29 12:29:18.584   318   380 D goldfish-address-space: allocate: Ask for block of size 0x7e9000
08-29 12:29:18.585   318   380 D goldfish-address-space: allocate: ioctl allocate returned offset 0x3f8ea7000 size 0x7ea000
08-29 12:29:18.585  1441  3133 E StorageManager: Failed to set extended attributes for /storage/emulated/0/screen_2020-08-29_122919.png to set project id.: Operation not supported on transport endpoint
08-29 12:29:18.585  1441  3133 W MediaProvider: Failed to update quota type for /storage/emulated/0/screen_2020-08-29_122919.png
08-29 12:29:18.585  1441  3133 W MediaProvider: java.io.IOException: Failed to update quota type for /storage/emulated/0/screen_2020-08-29_122919.png
08-29 12:29:18.585  1441  3133 W MediaProvider: 	at android.os.storage.StorageManager.updateExternalStorageFileQuotaType(StorageManager.java:2512)
08-29 12:29:18.585  1441  3133 W MediaProvider: 	at com.android.providers.media.MediaProvider.updateQuotaTypeForFileInternal(MediaProvider.java:581)
08-29 12:29:18.585  1441  3133 W MediaProvider: 	at com.android.providers.media.MediaProvider.lambda$onFileCreatedForFuse$12(MediaProvider.java:1146)
08-29 12:29:18.585  1441  3133 W MediaProvider: 	at com.android.providers.media.MediaProvider.lambda$onFileCreatedForFuse$12$MediaProvider(Unknown Source:0)
08-29 12:29:18.585  1441  3133 W MediaProvider: 	at com.android.providers.media.-$$Lambda$MediaProvider$VhB3wkpGkT4Cm_4TN5qOQg3m3rU.run(Unknown Source:4)
08-29 12:29:18.585  1441  3133 W MediaProvider: 	at android.os.Handler.handleCallback(Handler.java:938)
08-29 12:29:18.585  1441  3133 W MediaProvider: 	at android.os.Handler.dispatchMessage(Handler.java:99)
08-29 12:29:18.585  1441  3133 W MediaProvider: 	at android.os.Looper.loop(Looper.java:223)
08-29 12:29:18.585  1441  3133 W MediaProvider: 	at android.os.HandlerThread.run(HandlerThread.java:67)
08-29 12:29:18.591  1441  3133 E StorageManager: Failed to set extended attributes for /storage/emulated/0/screen_2020-08-29_122919.png to set project id.: Operation not supported on transport endpoint
08-29 12:29:18.592  1441  3133 W MediaProvider: Failed to update quota type for /storage/emulated/0/screen_2020-08-29_122919.png
08-29 12:29:18.592  1441  3133 W MediaProvider: java.io.IOException: Failed to update quota type for /storage/emulated/0/screen_2020-08-29_122919.png
08-29 12:29:18.592  1441  3133 W MediaProvider: 	at android.os.storage.StorageManager.updateExternalStorageFileQuotaType(StorageManager.java:2512)
08-29 12:29:18.592  1441  3133 W MediaProvider: 	at com.android.providers.media.MediaProvider.updateQuotaTypeForFileInternal(MediaProvider.java:581)
08-29 12:29:18.592  1441  3133 W MediaProvider: 	at com.android.providers.media.MediaProvider.updateQuotaTypeForUri(MediaProvider.java:560)
08-29 12:29:18.592  1441  3133 W MediaProvider: 	at com.android.providers.media.MediaProvider.access$800(MediaProvider.java:222)
08-29 12:29:18.592  1441  3133 W MediaProvider: 	at com.android.providers.media.MediaProvider$3.lambda$onInsert$0(MediaProvider.java:611)
08-29 12:29:18.592  1441  3133 W MediaProvider: 	at com.android.providers.media.MediaProvider$3.lambda$onInsert$0$MediaProvider$3(Unknown Source:0)
08-29 12:29:18.592  1441  3133 W MediaProvider: 	at com.android.providers.media.-$$Lambda$MediaProvider$3$OA4Hj-5lam3D4oprnbu7ZpL-f_E.run(Unknown Source:10)
08-29 12:29:18.592  1441  3133 W MediaProvider: 	at android.os.Handler.handleCallback(Handler.java:938)
08-29 12:29:18.592  1441  3133 W MediaProvider: 	at android.os.Handler.dispatchMessage(Handler.java:99)
08-29 12:29:18.592  1441  3133 W MediaProvider: 	at android.os.Looper.loop(Looper.java:223)
08-29 12:29:18.592  1441  3133 W MediaProvider: 	at android.os.HandlerThread.run(HandlerThread.java:67)
08-29 12:29:18.601   179   179 I hwservicemanager: getTransport: Cannot find entry android.hardware.graphics.mapper@4.0::IMapper/default in either framework or device manifest.
08-29 12:29:18.602  3993  3993 I Gralloc4: mapper 4.x is not supported
08-29 12:29:18.607  3993  3993 D HostConnection: createUnique: call
08-29 12:29:18.607  3993  3993 D HostConnection: HostConnection::get() New Host Connection established 0xea6c1450, tid 3993
08-29 12:29:18.608  3993  3993 D goldfish-address-space: allocate: Ask for block of size 0x100
08-29 12:29:18.608  3993  3993 D goldfish-address-space: allocate: ioctl allocate returned offset 0x3fc729000 size 0x2000
08-29 12:29:18.613  3993  3993 D HostConnection: HostComposition ext ANDROID_EMU_CHECKSUM_HELPER_v1 ANDROID_EMU_native_sync_v2 ANDROID_EMU_native_sync_v3 ANDROID_EMU_native_sync_v4 ANDROID_EMU_dma_v1 ANDROID_EMU_direct_mem ANDROID_EMU_host_composition_v1 ANDROID_EMU_host_composition_v2 ANDROID_EMU_YUV_Cache ANDROID_EMU_async_unmap_buffer GL_OES_EGL_image_external_essl3 GL_OES_vertex_array_object GL_KHR_texture_compression_astc_ldr ANDROID_EMU_gles_max_version_3_0 
08-29 12:29:18.645  6591  1599 I NetworkScheduler.Stats: Task com.google.android.gms/com.google.android.gms.ipa.base.IpaGcmTaskService started execution. cause:9 exec_start_elapsed_seconds: 4548 [CONTEXT service_id=218 ]
08-29 12:29:18.651  6591 32581 I NetworkScheduler.Stats: Task com.google.android.gms/com.google.android.gms.ipa.base.IpaGcmTaskService finished executing. cause:9 result: 1 elapsed_millis: 25 uptime_millis: 25 exec_start_elapsed_seconds: 4548 [CONTEXT service_id=218 ]
08-29 12:29:18.799  4000  4002 I cmd     : oneway function results will be dropped but finished with status OK and parcel size 4
08-29 12:29:18.802  1441  3631 I MediaProvider: Begin Intent { act=android.intent.action.MEDIA_SCANNER_SCAN_FILE dat=file:///sdcard/screen_2020-08-29_122919.png flg=0x1400010 cmp=com.google.android.providers.media.module/com.android.providers.media.MediaService }
08-29 12:29:18.804  1441  3631 W ModernMediaScanner: Failed to visit /sdcard/screen_2020-08-29_122919.png: java.nio.file.AccessDeniedException: /sdcard/screen_2020-08-29_122919.png
08-29 12:29:18.806  1441  3631 I MediaProvider: Scanned internal due to REASON_DEMAND, found 0 items in 4ms, 0 inserts 0 updates 0 deletes
08-29 12:29:18.807  1441  3631 I MediaProvider: End Intent { act=android.intent.action.MEDIA_SCANNER_SCAN_FILE dat=file:///sdcard/screen_2020-08-29_122919.png flg=0x1400010 cmp=com.google.android.providers.media.module/com.android.providers.media.MediaService }
08-29 12:29:18.855  1441  1666 I MediaProvider: Deleted 1 items on external_primary due to com.android.shell
08-29 12:29:18.925  6591  1599 I NetworkScheduler.Stats: Task com.google.android.gms/com.google.android.gms.ipa.base.IpaGcmTaskService started execution. cause:9 exec_start_elapsed_seconds: 4548 [CONTEXT service_id=218 ]
08-29 12:29:18.933  6591  1615 I NetworkScheduler.Stats: Task com.google.android.gms/com.google.android.gms.ipa.base.IpaGcmTaskService finished executing. cause:9 result: 1 elapsed_millis: 46 uptime_millis: 46 exec_start_elapsed_seconds: 4548 [CONTEXT service_id=218 ]
08-29 12:29:19.093   318   380 D goldfish-address-space: allocate: Ask for block of size 0x7e9000
08-29 12:29:19.093   318   380 D goldfish-address-space: allocate: ioctl allocate returned offset 0x3f8ea7000 size 0x7ea000
08-29 12:29:19.094  1441  3133 E StorageManager: Failed to set extended attributes for /storage/emulated/0/screen_2020-08-29_122919.png to set project id.: Operation not supported on transport endpoint
08-29 12:29:19.094  1441  3133 W MediaProvider: Failed to update quota type for /storage/emulated/0/screen_2020-08-29_122919.png
08-29 12:29:19.094  1441  3133 W MediaProvider: java.io.IOException: Failed to update quota type for /storage/emulated/0/screen_2020-08-29_122919.png
08-29 12:29:19.094  1441  3133 W MediaProvider: 	at android.os.storage.StorageManager.updateExternalStorageFileQuotaType(StorageManager.java:2512)
08-29 12:29:19.094  1441  3133 W MediaProvider: 	at com.android.providers.media.MediaProvider.updateQuotaTypeForFileInternal(MediaProvider.java:581)
08-29 12:29:19.094  1441  3133 W MediaProvider: 	at com.android.providers.media.MediaProvider.lambda$onFileCreatedForFuse$12(MediaProvider.java:1146)
08-29 12:29:19.094  1441  3133 W MediaProvider: 	at com.android.providers.media.MediaProvider.lambda$onFileCreatedForFuse$12$MediaProvider(Unknown Source:0)
08-29 12:29:19.094  1441  3133 W MediaProvider: 	at com.android.providers.media.-$$Lambda$MediaProvider$VhB3wkpGkT4Cm_4TN5qOQg3m3rU.run(Unknown Source:4)
08-29 12:29:19.094  1441  3133 W MediaProvider: 	at android.os.Handler.handleCallback(Handler.java:938)
08-29 12:29:19.094  1441  3133 W MediaProvider: 	at android.os.Handler.dispatchMessage(Handler.java:99)
08-29 12:29:19.094  1441  3133 W MediaProvider: 	at android.os.Looper.loop(Looper.java:223)
08-29 12:29:19.094  1441  3133 W MediaProvider: 	at android.os.HandlerThread.run(HandlerThread.java:67)
08-29 12:29:19.099  1441  3133 E StorageManager: Failed to set extended attributes for /storage/emulated/0/screen_2020-08-29_122919.png to set project id.: Operation not supported on transport endpoint
08-29 12:29:19.100  1441  3133 W MediaProvider: Failed to update quota type for /storage/emulated/0/screen_2020-08-29_122919.png
08-29 12:29:19.100  1441  3133 W MediaProvider: java.io.IOException: Failed to update quota type for /storage/emulated/0/screen_2020-08-29_122919.png
08-29 12:29:19.100  1441  3133 W MediaProvider: 	at android.os.storage.StorageManager.updateExternalStorageFileQuotaType(StorageManager.java:2512)
08-29 12:29:19.100  1441  3133 W MediaProvider: 	at com.android.providers.media.MediaProvider.updateQuotaTypeForFileInternal(MediaProvider.java:581)
08-29 12:29:19.100  1441  3133 W MediaProvider: 	at com.android.providers.media.MediaProvider.updateQuotaTypeForUri(MediaProvider.java:560)
08-29 12:29:19.100  1441  3133 W MediaProvider: 	at com.android.providers.media.MediaProvider.access$800(MediaProvider.java:222)
08-29 12:29:19.100  1441  3133 W MediaProvider: 	at com.android.providers.media.MediaProvider$3.lambda$onInsert$0(MediaProvider.java:611)
08-29 12:29:19.100  1441  3133 W MediaProvider: 	at com.android.providers.media.MediaProvider$3.lambda$onInsert$0$MediaProvider$3(Unknown Source:0)
08-29 12:29:19.100  1441  3133 W MediaProvider: 	at com.android.providers.media.-$$Lambda$MediaProvider$3$OA4Hj-5lam3D4oprnbu7ZpL-f_E.run(Unknown Source:10)
08-29 12:29:19.100  1441  3133 W MediaProvider: 	at android.os.Handler.handleCallback(Handler.java:938)
08-29 12:29:19.100  1441  3133 W MediaProvider: 	at android.os.Handler.dispatchMessage(Handler.java:99)
08-29 12:29:19.100  1441  3133 W MediaProvider: 	at android.os.Looper.loop(Looper.java:223)
08-29 12:29:19.100  1441  3133 W MediaProvider: 	at android.os.HandlerThread.run(HandlerThread.java:67)
08-29 12:29:19.104   179   179 I hwservicemanager: getTransport: Cannot find entry android.hardware.graphics.mapper@4.0::IMapper/default in either framework or device manifest.
08-29 12:29:19.105  4018  4018 I Gralloc4: mapper 4.x is not supported
08-29 12:29:19.111  4018  4018 D HostConnection: createUnique: call
08-29 12:29:19.111  4018  4018 D HostConnection: HostConnection::get() New Host Connection established 0xf24413f0, tid 4018
08-29 12:29:19.112  4018  4018 D goldfish-address-space: allocate: Ask for block of size 0x100
08-29 12:29:19.112  4018  4018 D goldfish-address-space: allocate: ioctl allocate returned offset 0x3fc729000 size 0x2000
08-29 12:29:19.118  4018  4018 D HostConnection: HostComposition ext ANDROID_EMU_CHECKSUM_HELPER_v1 ANDROID_EMU_native_sync_v2 ANDROID_EMU_native_sync_v3 ANDROID_EMU_native_sync_v4 ANDROID_EMU_dma_v1 ANDROID_EMU_direct_mem ANDROID_EMU_host_composition_v1 ANDROID_EMU_host_composition_v2 ANDROID_EMU_YUV_Cache ANDROID_EMU_async_unmap_buffer GL_OES_EGL_image_external_essl3 GL_OES_vertex_array_object GL_KHR_texture_compression_astc_ldr ANDROID_EMU_gles_max_version_3_0 
08-29 12:29:19.147  6591 32581 I NetworkScheduler.Stats: Task com.google.android.gms/com.google.android.gms.ipa.base.IpaGcmTaskService started execution. cause:9 exec_start_elapsed_seconds: 4548 [CONTEXT service_id=218 ]
08-29 12:29:19.153  6591  1615 I NetworkScheduler.Stats: Task com.google.android.gms/com.google.android.gms.ipa.base.IpaGcmTaskService finished executing. cause:9 result: 1 elapsed_millis: 26 uptime_millis: 26 exec_start_elapsed_seconds: 4548 [CONTEXT service_id=218 ]
08-29 12:29:19.287  4022  4024 I cmd     : oneway function results will be dropped but finished with status OK and parcel size 4
08-29 12:29:19.289  1441  3631 I MediaProvider: Begin Intent { act=android.intent.action.MEDIA_SCANNER_SCAN_FILE dat=file:///sdcard/screen_2020-08-29_122919.png flg=0x1400010 cmp=com.google.android.providers.media.module/com.android.providers.media.MediaService }
08-29 12:29:19.288  1441  1441 W com.google.android.providers.media.module: type=1400 audit(0.0:8496): avc: denied { read } for comm=4173796E635461736B202331 name="primary" dev="tmpfs" ino=25879 scontext=u:r:mediaprovider_app:s0:c146,c256,c512,c768 tcontext=u:object_r:mnt_pass_through_file:s0 tclass=lnk_file permissive=0 app=com.google.android.providers.media.module
08-29 12:29:19.308  1441  3631 W ModernMediaScanner: Failed to visit /sdcard/screen_2020-08-29_122919.png: java.nio.file.AccessDeniedException: /sdcard/screen_2020-08-29_122919.png
08-29 12:29:19.310  1441  3631 I MediaProvider: Scanned internal due to REASON_DEMAND, found 0 items in 19ms, 0 inserts 0 updates 0 deletes
08-29 12:29:19.311  1441  3631 I MediaProvider: End Intent { act=android.intent.action.MEDIA_SCANNER_SCAN_FILE dat=file:///sdcard/screen_2020-08-29_122919.png flg=0x1400010 cmp=com.google.android.providers.media.module/com.android.providers.media.MediaService }
08-29 12:29:19.288  1441  1441 W com.google.android.providers.media.module: type=1400 audit(0.0:8498): avc: denied { read } for comm=4173796E635461736B202331 name="primary" dev="tmpfs" ino=25879 scontext=u:r:mediaprovider_app:s0:c146,c256,c512,c768 tcontext=u:object_r:mnt_pass_through_file:s0 tclass=lnk_file permissive=0 app=com.google.android.providers.media.module
08-29 12:29:19.344  1441  1791 I MediaProvider: Deleted 1 items on external_primary due to com.android.shell
08-29 12:29:19.398  6591 32581 I NetworkScheduler.Stats: Task com.google.android.gms/com.google.android.gms.ipa.base.IpaGcmTaskService started execution. cause:9 exec_start_elapsed_seconds: 4549 [CONTEXT service_id=218 ]
08-29 12:29:19.399  4034  4036 I cmd     : oneway function results will be dropped but finished with status OK and parcel size 4
08-29 12:29:19.408  6591  1615 I NetworkScheduler.Stats: Task com.google.android.gms/com.google.android.gms.ipa.base.IpaGcmTaskService finished executing. cause:9 result: 1 elapsed_millis: 29 uptime_millis: 29 exec_start_elapsed_seconds: 4549 [CONTEXT service_id=218 ]
08-29 12:29:19.512   497   530 I system_server: oneway function results will be dropped but finished with status OK and parcel size 4
08-29 12:29:19.515  4066  4068 I cmd     : oneway function results will be dropped but finished with status OK and parcel size 4
08-29 12:29:19.625  4083  4085 I cmd     : oneway function results will be dropped but finished with status OK and parcel size 4
08-29 12:29:19.779  4095  4095 D AndroidRuntime: >>>>>> START com.android.internal.os.RuntimeInit uid 2000 <<<<<<
08-29 12:29:19.783  4095  4095 E libc    : Access denied finding property "persist.device_config.runtime_native_boot.profilebootclasspath"
08-29 12:29:19.783  4095  4095 E libc    : Access denied finding property "persist.device_config.runtime_native_boot.enable_apex_image"
08-29 12:29:19.783  4095  4095 I AndroidRuntime: Using default boot image
08-29 12:29:19.783  4095  4095 E libc    : Access denied finding property "persist.device_config.runtime_native_boot.disable_lock_profiling"
08-29 12:29:19.783  4095  4095 I AndroidRuntime: Leaving lock profiling enabled
08-29 12:29:19.784  4095  4095 E libc    : Access denied finding property "persist.device_config.runtime_native_boot.enable_generational_cc"
08-29 12:29:19.852  4095  4095 D app_process: Time zone APEX ICU file found: /apex/com.android.tzdata/etc/icu/icu_tzdata.dat
08-29 12:29:19.852  4095  4095 D app_process: I18n APEX ICU file found: /apex/com.android.i18n/etc/icu/icudt66l.dat
08-29 12:29:19.856  4095  4095 W app_process: Unexpected CPU variant for X86 using defaults: x86
08-29 12:29:19.859  4095  4095 I app_process: The ClassLoaderContext is a special shared library.
08-29 12:29:19.872  4095  4095 W app_process: JNI RegisterNativeMethods: attempt to register 0 native methods for android.media.AudioAttributes
08-29 12:29:19.877  4095  4095 D AndroidRuntime: Calling main entry com.android.commands.input.Input
08-29 12:29:20.096  4095  4095 D AndroidRuntime: Shutting down VM
08-29 12:29:20.100   497   530 I system_server: oneway function results will be dropped but finished with status OK and parcel size 4
08-29 12:29:20.100   497  2743 I system_server: oneway function results will be dropped but finished with status OK and parcel size 4
08-29 12:29:20.106   497   857 I AppsFilter: interaction: PackageSetting{120cbd5 org.wikipedia.alpha/10153} -> PackageSetting{b81b767 com.android.chrome/10125} BLOCKED
08-29 12:29:20.113   497   857 I AppsFilter: interaction: PackageSetting{120cbd5 org.wikipedia.alpha/10153} -> PackageSetting{b81b767 com.android.chrome/10125} BLOCKED
08-29 12:29:20.114   497   857 I ActivityTaskManager: START u0 {act=android.intent.action.CHOOSER flg=0x10000000 cmp=android/com.android.internal.app.ChooserActivity (has extras)} from uid 10153
08-29 12:29:20.114   497   534 D EventSequenceValidator: IntentStarted during UNKNOWN. Intent { act=android.intent.action.CHOOSER flg=0x10000000 (has extras) }
08-29 12:29:20.114   497   534 D EventSequenceValidator: java.lang.Throwable: EventSequenceValidator#getStackTrace
08-29 12:29:20.114   497   534 D EventSequenceValidator: 	at com.google.android.startop.iorap.EventSequenceValidator.logWarningWithStackTrace(EventSequenceValidator.java:260)
08-29 12:29:20.114   497   534 D EventSequenceValidator: 	at com.google.android.startop.iorap.EventSequenceValidator.onIntentStarted(EventSequenceValidator.java:106)
08-29 12:29:20.114   497   534 D EventSequenceValidator: 	at com.android.server.wm.LaunchObserverRegistryImpl.handleOnIntentStarted(LaunchObserverRegistryImpl.java:139)
08-29 12:29:20.114   497   534 D EventSequenceValidator: 	at com.android.server.wm.LaunchObserverRegistryImpl.lambda$veRn_GhgLZLlOHOJ0ZYT6KcfYqo(Unknown Source:0)
08-29 12:29:20.114   497   534 D EventSequenceValidator: 	at com.android.server.wm.-$$Lambda$LaunchObserverRegistryImpl$veRn_GhgLZLlOHOJ0ZYT6KcfYqo.accept(Unknown Source:10)
08-29 12:29:20.114   497   534 D EventSequenceValidator: 	at com.android.internal.util.function.pooled.PooledLambdaImpl.doInvoke(PooledLambdaImpl.java:292)
08-29 12:29:20.114   497   534 D EventSequenceValidator: 	at com.android.internal.util.function.pooled.PooledLambdaImpl.invoke(PooledLambdaImpl.java:201)
08-29 12:29:20.114   497   534 D EventSequenceValidator: 	at com.android.internal.util.function.pooled.OmniFunction.run(OmniFunction.java:97)
08-29 12:29:20.114   497   534 D EventSequenceValidator: 	at android.os.Handler.handleCallback(Handler.java:938)
08-29 12:29:20.114   497   534 D EventSequenceValidator: 	at android.os.Handler.dispatchMessage(Handler.java:99)
08-29 12:29:20.114   497   534 D EventSequenceValidator: 	at android.os.Looper.loop(Looper.java:223)
08-29 12:29:20.114   497   534 D EventSequenceValidator: 	at android.os.HandlerThread.run(HandlerThread.java:67)
08-29 12:29:20.114   497   534 D EventSequenceValidator: 	at com.android.server.ServiceThread.run(ServiceThread.java:44)
08-29 12:29:20.114   497   534 D EventSequenceValidator: inc AccIntentStartedEvents to 2
08-29 12:29:20.126   497   534 D EventSequenceValidator: onActivityLaunched during UNKNOWN.
08-29 12:29:20.126   497   534 D EventSequenceValidator: java.lang.Throwable: EventSequenceValidator#getStackTrace
08-29 12:29:20.126   497   534 D EventSequenceValidator: 	at com.google.android.startop.iorap.EventSequenceValidator.logWarningWithStackTrace(EventSequenceValidator.java:260)
08-29 12:29:20.126   497   534 D EventSequenceValidator: 	at com.google.android.startop.iorap.EventSequenceValidator.onActivityLaunched(EventSequenceValidator.java:149)
08-29 12:29:20.126   497   534 D EventSequenceValidator: 	at com.android.server.wm.LaunchObserverRegistryImpl.handleOnActivityLaunched(LaunchObserverRegistryImpl.java:157)
08-29 12:29:20.126   497   534 D EventSequenceValidator: 	at com.android.server.wm.LaunchObserverRegistryImpl.lambda$UGY1OclnLIQLMEL9B55qjERFf4o(Unknown Source:0)
08-29 12:29:20.126   497   534 D EventSequenceValidator: 	at com.android.server.wm.-$$Lambda$LaunchObserverRegistryImpl$UGY1OclnLIQLMEL9B55qjERFf4o.accept(Unknown Source:10)
08-29 12:29:20.126   497   534 D EventSequenceValidator: 	at com.android.internal.util.function.pooled.PooledLambdaImpl.doInvoke(PooledLambdaImpl.java:292)
08-29 12:29:20.126   497   534 D EventSequenceValidator: 	at com.android.internal.util.function.pooled.PooledLambdaImpl.invoke(PooledLambdaImpl.java:201)
08-29 12:29:20.126   497   534 D EventSequenceValidator: 	at com.android.internal.util.function.pooled.OmniFunction.run(OmniFunction.java:97)
08-29 12:29:20.126   497   534 D EventSequenceValidator: 	at android.os.Handler.handleCallback(Handler.java:938)
08-29 12:29:20.126   497   534 D EventSequenceValidator: 	at android.os.Handler.dispatchMessage(Handler.java:99)
08-29 12:29:20.126   497   534 D EventSequenceValidator: 	at android.os.Looper.loop(Looper.java:223)
08-29 12:29:20.126   497   534 D EventSequenceValidator: 	at android.os.HandlerThread.run(HandlerThread.java:67)
08-29 12:29:20.126   497   534 D EventSequenceValidator: 	at com.android.server.ServiceThread.run(ServiceThread.java:44)
08-29 12:29:20.129  1739  1863 D OpenGLRenderer: endAllActiveAnimators on 0xb848b550 (RippleDrawable) with handle 0xbd9b8770
08-29 12:29:20.143   497  1646 W ActivityTaskManager: Tried to set launchTime (0) < mLastActivityLaunchTime (4518807)
08-29 12:29:20.144   497  1646 W InputReader: Device virtio_input_multi_touch_9 is associated with display ADISPLAY_ID_NONE.
08-29 12:29:20.144   497  1646 W InputReader: Device virtio_input_multi_touch_7 is associated with display ADISPLAY_ID_NONE.
08-29 12:29:20.144   497  1646 W InputReader: Device virtio_input_multi_touch_10 is associated with display ADISPLAY_ID_NONE.
08-29 12:29:20.144   497  1646 W InputReader: Device virtio_input_multi_touch_4 is associated with display ADISPLAY_ID_NONE.
08-29 12:29:20.144   497  1646 W InputReader: Device virtio_input_multi_touch_6 is associated with display ADISPLAY_ID_NONE.
08-29 12:29:20.144   497  1646 W InputReader: Device virtio_input_multi_touch_3 is associated with display ADISPLAY_ID_NONE.
08-29 12:29:20.144   497  1646 W InputReader: Device virtio_input_multi_touch_11 is associated with display ADISPLAY_ID_NONE.
08-29 12:29:20.144   497  1646 W InputReader: Device virtio_input_multi_touch_5 is associated with display ADISPLAY_ID_NONE.
08-29 12:29:20.144   497  1646 W InputReader: Device virtio_input_multi_touch_2 is associated with display ADISPLAY_ID_NONE.
08-29 12:29:20.144   497  1646 W InputReader: Device virtio_input_multi_touch_8 is associated with display ADISPLAY_ID_NONE.
08-29 12:29:20.144   497  1646 W InputReader: Device virtio_input_multi_touch_9 is associated with display ADISPLAY_ID_NONE.
08-29 12:29:20.144   497  1646 W InputReader: Device virtio_input_multi_touch_7 is associated with display ADISPLAY_ID_NONE.
08-29 12:29:20.144   497  1646 W InputReader: Device virtio_input_multi_touch_10 is associated with display ADISPLAY_ID_NONE.
08-29 12:29:20.144   497  1646 W InputReader: Device virtio_input_multi_touch_4 is associated with display ADISPLAY_ID_NONE.
08-29 12:29:20.144   497  1646 W InputReader: Device virtio_input_multi_touch_6 is associated with display ADISPLAY_ID_NONE.
08-29 12:29:20.144   497  1646 W InputReader: Device virtio_input_multi_touch_3 is associated with display ADISPLAY_ID_NONE.
08-29 12:29:20.144   497  1646 W InputReader: Device virtio_input_multi_touch_11 is associated with display ADISPLAY_ID_NONE.
08-29 12:29:20.144   497  1646 W InputReader: Device virtio_input_multi_touch_5 is associated with display ADISPLAY_ID_NONE.
08-29 12:29:20.144   497  1646 W InputReader: Device virtio_input_multi_touch_2 is associated with display ADISPLAY_ID_NONE.
08-29 12:29:20.144   497  1646 W InputReader: Device virtio_input_multi_touch_8 is associated with display ADISPLAY_ID_NONE.
08-29 12:29:20.175  2802  2802 W ContextImpl: Failed to ensure /data/system/shared_prefs: mkdir failed: EACCES (Permission denied)
08-29 12:29:20.201  2802  2802 I ResolverListAdapter: Add DisplayResolveInfo component: ComponentInfo{com.android.chrome/com.google.android.apps.chrome.IntentDispatcher}, intent component: ComponentInfo{com.android.chrome/com.google.android.apps.chrome.IntentDispatcher}
08-29 12:29:20.209   497   857 I ActivityTaskManager: START u0 {act=android.intent.action.VIEW dat=https://donate.wikimedia.org/... flg=0x3000000 cmp=com.android.chrome/com.google.android.apps.chrome.IntentDispatcher} from uid 10153
08-29 12:29:20.219  2802  2802 D ChooserActivity: System Time Cost is 54
08-29 12:29:20.241   497   857 W ActivityTaskManager: Tried to set launchTime (0) < mLastActivityLaunchTime (4519034)
08-29 12:29:20.241   497   857 W InputReader: Device virtio_input_multi_touch_9 is associated with display ADISPLAY_ID_NONE.
08-29 12:29:20.241   497   857 W InputReader: Device virtio_input_multi_touch_7 is associated with display ADISPLAY_ID_NONE.
08-29 12:29:20.241   497   857 W InputReader: Device virtio_input_multi_touch_10 is associated with display ADISPLAY_ID_NONE.
08-29 12:29:20.241   497   857 W InputReader: Device virtio_input_multi_touch_4 is associated with display ADISPLAY_ID_NONE.
08-29 12:29:20.241   497   857 W InputReader: Device virtio_input_multi_touch_6 is associated with display ADISPLAY_ID_NONE.
08-29 12:29:20.241   497   857 W InputReader: Device virtio_input_multi_touch_3 is associated with display ADISPLAY_ID_NONE.
08-29 12:29:20.241   497   857 W InputReader: Device virtio_input_multi_touch_11 is associated with display ADISPLAY_ID_NONE.
08-29 12:29:20.241   497   857 W InputReader: Device virtio_input_multi_touch_5 is associated with display ADISPLAY_ID_NONE.
08-29 12:29:20.241   497   857 W InputReader: Device virtio_input_multi_touch_2 is associated with display ADISPLAY_ID_NONE.
08-29 12:29:20.241   497   857 W InputReader: Device virtio_input_multi_touch_8 is associated with display ADISPLAY_ID_NONE.
08-29 12:29:20.241   497   857 W InputReader: Device virtio_input_multi_touch_9 is associated with display ADISPLAY_ID_NONE.
08-29 12:29:20.242   497   857 W InputReader: Device virtio_input_multi_touch_7 is associated with display ADISPLAY_ID_NONE.
08-29 12:29:20.242   497   857 W InputReader: Device virtio_input_multi_touch_10 is associated with display ADISPLAY_ID_NONE.
08-29 12:29:20.242   497   857 W InputReader: Device virtio_input_multi_touch_4 is associated with display ADISPLAY_ID_NONE.
08-29 12:29:20.242   497   857 W InputReader: Device virtio_input_multi_touch_6 is associated with display ADISPLAY_ID_NONE.
08-29 12:29:20.242   497   857 W InputReader: Device virtio_input_multi_touch_3 is associated with display ADISPLAY_ID_NONE.
08-29 12:29:20.242   497   857 W InputReader: Device virtio_input_multi_touch_11 is associated with display ADISPLAY_ID_NONE.
08-29 12:29:20.242   497   857 W InputReader: Device virtio_input_multi_touch_5 is associated with display ADISPLAY_ID_NONE.
08-29 12:29:20.242   497   857 W InputReader: Device virtio_input_multi_touch_2 is associated with display ADISPLAY_ID_NONE.
08-29 12:29:20.242   497   857 W InputReader: Device virtio_input_multi_touch_8 is associated with display ADISPLAY_ID_NONE.
08-29 12:29:20.275  2829  2829 I cr_InstantAppsHandler: Package manager handles intents on O+, not handling in Chrome
08-29 12:29:20.279   497  1646 I ActivityTaskManager: START u0 {act=android.intent.action.VIEW dat=https://donate.wikimedia.org/... flg=0x13c00000 cmp=com.android.chrome/com.google.android.apps.chrome.IntentDispatcher (has extras)} from uid 10125
08-29 12:29:20.280   497   534 D EventSequenceValidator: IntentStarted during UNKNOWN. Intent { act=android.intent.action.VIEW dat=https://donate.wikimedia.org/... flg=0x13c00000 cmp=com.android.chrome/com.google.android.apps.chrome.IntentDispatcher (has extras) }
08-29 12:29:20.280   497   534 D EventSequenceValidator: java.lang.Throwable: EventSequenceValidator#getStackTrace
08-29 12:29:20.280   497   534 D EventSequenceValidator: 	at com.google.android.startop.iorap.EventSequenceValidator.logWarningWithStackTrace(EventSequenceValidator.java:260)
08-29 12:29:20.280   497   534 D EventSequenceValidator: 	at com.google.android.startop.iorap.EventSequenceValidator.onIntentStarted(EventSequenceValidator.java:106)
08-29 12:29:20.280   497   534 D EventSequenceValidator: 	at com.android.server.wm.LaunchObserverRegistryImpl.handleOnIntentStarted(LaunchObserverRegistryImpl.java:139)
08-29 12:29:20.280   497   534 D EventSequenceValidator: 	at com.android.server.wm.LaunchObserverRegistryImpl.lambda$veRn_GhgLZLlOHOJ0ZYT6KcfYqo(Unknown Source:0)
08-29 12:29:20.280   497   534 D EventSequenceValidator: 	at com.android.server.wm.-$$Lambda$LaunchObserverRegistryImpl$veRn_GhgLZLlOHOJ0ZYT6KcfYqo.accept(Unknown Source:10)
08-29 12:29:20.280   497   534 D EventSequenceValidator: 	at com.android.internal.util.function.pooled.PooledLambdaImpl.doInvoke(PooledLambdaImpl.java:292)
08-29 12:29:20.280   497   534 D EventSequenceValidator: 	at com.android.internal.util.function.pooled.PooledLambdaImpl.invoke(PooledLambdaImpl.java:201)
08-29 12:29:20.280   497   534 D EventSequenceValidator: 	at com.android.internal.util.function.pooled.OmniFunction.run(OmniFunction.java:97)
08-29 12:29:20.280   497   534 D EventSequenceValidator: 	at android.os.Handler.handleCallback(Handler.java:938)
08-29 12:29:20.280   497   534 D EventSequenceValidator: 	at android.os.Handler.dispatchMessage(Handler.java:99)
08-29 12:29:20.280   497   534 D EventSequenceValidator: 	at android.os.Looper.loop(Looper.java:223)
08-29 12:29:20.280   497   534 D EventSequenceValidator: 	at android.os.HandlerThread.run(HandlerThread.java:67)
08-29 12:29:20.280   497   534 D EventSequenceValidator: 	at com.android.server.ServiceThread.run(ServiceThread.java:44)
08-29 12:29:20.280   497   534 D EventSequenceValidator: inc AccIntentStartedEvents to 3
08-29 12:29:20.280   414   639 W iorapd  : Overwriting transition from kActivityLaunched to kIntentStarted into kActivityLaunchCancelled
08-29 12:29:20.296   497   534 D EventSequenceValidator: onActivityLaunched during UNKNOWN.
08-29 12:29:20.296   497   534 D EventSequenceValidator: java.lang.Throwable: EventSequenceValidator#getStackTrace
08-29 12:29:20.296   497   534 D EventSequenceValidator: 	at com.google.android.startop.iorap.EventSequenceValidator.logWarningWithStackTrace(EventSequenceValidator.java:260)
08-29 12:29:20.296   497   534 D EventSequenceValidator: 	at com.google.android.startop.iorap.EventSequenceValidator.onActivityLaunched(EventSequenceValidator.java:149)
08-29 12:29:20.296   497   534 D EventSequenceValidator: 	at com.android.server.wm.LaunchObserverRegistryImpl.handleOnActivityLaunched(LaunchObserverRegistryImpl.java:157)
08-29 12:29:20.296   497   534 D EventSequenceValidator: 	at com.android.server.wm.LaunchObserverRegistryImpl.lambda$UGY1OclnLIQLMEL9B55qjERFf4o(Unknown Source:0)
08-29 12:29:20.296   497   534 D EventSequenceValidator: 	at com.android.server.wm.-$$Lambda$LaunchObserverRegistryImpl$UGY1OclnLIQLMEL9B55qjERFf4o.accept(Unknown Source:10)
08-29 12:29:20.296   497   534 D EventSequenceValidator: 	at com.android.internal.util.function.pooled.PooledLambdaImpl.doInvoke(PooledLambdaImpl.java:292)
08-29 12:29:20.296   497   534 D EventSequenceValidator: 	at com.android.internal.util.function.pooled.PooledLambdaImpl.invoke(PooledLambdaImpl.java:201)
08-29 12:29:20.296   497   534 D EventSequenceValidator: 	at com.android.internal.util.function.pooled.OmniFunction.run(OmniFunction.java:97)
08-29 12:29:20.296   497   534 D EventSequenceValidator: 	at android.os.Handler.handleCallback(Handler.java:938)
08-29 12:29:20.296   497   534 D EventSequenceValidator: 	at android.os.Handler.dispatchMessage(Handler.java:99)
08-29 12:29:20.296   497   534 D EventSequenceValidator: 	at android.os.Looper.loop(Looper.java:223)
08-29 12:29:20.296   497   534 D EventSequenceValidator: 	at android.os.HandlerThread.run(HandlerThread.java:67)
08-29 12:29:20.296   497   534 D EventSequenceValidator: 	at com.android.server.ServiceThread.run(ServiceThread.java:44)
08-29 12:29:20.297   414   639 W iorapd  : Rejecting transition from kActivityLaunchCancelled to kActivityLaunched
08-29 12:29:20.299   497   534 D EventSequenceValidator: onActivityLaunchCancelled during UNKNOWN.
08-29 12:29:20.299   497   534 D EventSequenceValidator: java.lang.Throwable: EventSequenceValidator#getStackTrace
08-29 12:29:20.299   497   534 D EventSequenceValidator: 	at com.google.android.startop.iorap.EventSequenceValidator.logWarningWithStackTrace(EventSequenceValidator.java:260)
08-29 12:29:20.299   497   534 D EventSequenceValidator: 	at com.google.android.startop.iorap.EventSequenceValidator.onActivityLaunchCancelled(EventSequenceValidator.java:166)
08-29 12:29:20.299   497   534 D EventSequenceValidator: 	at com.android.server.wm.LaunchObserverRegistryImpl.handleOnActivityLaunchCancelled(LaunchObserverRegistryImpl.java:166)
08-29 12:29:20.299   497   534 D EventSequenceValidator: 	at com.android.server.wm.LaunchObserverRegistryImpl.lambda$lAGPwfsXJvBWsyG2rbEfo3sTv34(Unknown Source:0)
08-29 12:29:20.299   497   534 D EventSequenceValidator: 	at com.android.server.wm.-$$Lambda$LaunchObserverRegistryImpl$lAGPwfsXJvBWsyG2rbEfo3sTv34.accept(Unknown Source:4)
08-29 12:29:20.299   497   534 D EventSequenceValidator: 	at com.android.internal.util.function.pooled.PooledLambdaImpl.doInvoke(PooledLambdaImpl.java:278)
08-29 12:29:20.299   497   534 D EventSequenceValidator: 	at com.android.internal.util.function.pooled.PooledLambdaImpl.invoke(PooledLambdaImpl.java:201)
08-29 12:29:20.299   497   534 D EventSequenceValidator: 	at com.android.internal.util.function.pooled.OmniFunction.run(OmniFunction.java:97)
08-29 12:29:20.299   497   534 D EventSequenceValidator: 	at android.os.Handler.handleCallback(Handler.java:938)
08-29 12:29:20.299   497   534 D EventSequenceValidator: 	at android.os.Handler.dispatchMessage(Handler.java:99)
08-29 12:29:20.299   497   534 D EventSequenceValidator: 	at android.os.Looper.loop(Looper.java:223)
08-29 12:29:20.299   497   534 D EventSequenceValidator: 	at android.os.HandlerThread.run(HandlerThread.java:67)
08-29 12:29:20.299   497   534 D EventSequenceValidator: 	at com.android.server.ServiceThread.run(ServiceThread.java:44)
08-29 12:29:20.299   497   534 D EventSequenceValidator: dec AccIntentStartedEvents to 2
08-29 12:29:20.299   414   639 W iorapd  : Rejecting transition from kUninitialized to kActivityLaunchCancelled
08-29 12:29:20.304   497   530 W InputReader: Device virtio_input_multi_touch_9 is associated with display ADISPLAY_ID_NONE.
08-29 12:29:20.304   497   530 W InputReader: Device virtio_input_multi_touch_7 is associated with display ADISPLAY_ID_NONE.
08-29 12:29:20.304   497   530 W InputReader: Device virtio_input_multi_touch_10 is associated with display ADISPLAY_ID_NONE.
08-29 12:29:20.304   497   530 W InputReader: Device virtio_input_multi_touch_4 is associated with display ADISPLAY_ID_NONE.
08-29 12:29:20.304   497   530 W InputReader: Device virtio_input_multi_touch_6 is associated with display ADISPLAY_ID_NONE.
08-29 12:29:20.304   497   530 W InputReader: Device virtio_input_multi_touch_3 is associated with display ADISPLAY_ID_NONE.
08-29 12:29:20.304   497   530 W InputReader: Device virtio_input_multi_touch_11 is associated with display ADISPLAY_ID_NONE.
08-29 12:29:20.305   497   530 W InputReader: Device virtio_input_multi_touch_5 is associated with display ADISPLAY_ID_NONE.
08-29 12:29:20.305   497   530 W InputReader: Device virtio_input_multi_touch_2 is associated with display ADISPLAY_ID_NONE.
08-29 12:29:20.305   497   530 W InputReader: Device virtio_input_multi_touch_8 is associated with display ADISPLAY_ID_NONE.
08-29 12:29:20.305   497   530 W InputReader: Device virtio_input_multi_touch_9 is associated with display ADISPLAY_ID_NONE.
08-29 12:29:20.305   497   530 W InputReader: Device virtio_input_multi_touch_7 is associated with display ADISPLAY_ID_NONE.
08-29 12:29:20.305   497   530 W InputReader: Device virtio_input_multi_touch_10 is associated with display ADISPLAY_ID_NONE.
08-29 12:29:20.305   497   530 W InputReader: Device virtio_input_multi_touch_4 is associated with display ADISPLAY_ID_NONE.
08-29 12:29:20.305   497   530 W InputReader: Device virtio_input_multi_touch_6 is associated with display ADISPLAY_ID_NONE.
08-29 12:29:20.305   497   530 W InputReader: Device virtio_input_multi_touch_3 is associated with display ADISPLAY_ID_NONE.
08-29 12:29:20.305   497   530 W InputReader: Device virtio_input_multi_touch_11 is associated with display ADISPLAY_ID_NONE.
08-29 12:29:20.305   497   530 W InputReader: Device virtio_input_multi_touch_5 is associated with display ADISPLAY_ID_NONE.
08-29 12:29:20.305   497   530 W InputReader: Device virtio_input_multi_touch_2 is associated with display ADISPLAY_ID_NONE.
08-29 12:29:20.305   497   530 W InputReader: Device virtio_input_multi_touch_8 is associated with display ADISPLAY_ID_NONE.
08-29 12:29:20.325   497  1646 I system_server: oneway function results will be dropped but finished with status OK and parcel size 4
08-29 12:29:20.369  2802  2802 D ChooserActivity: unbindRemainingServices, 0 left
08-29 12:29:21.591  1352  1387 I PeriodicStatsRunner: PeriodicStatsRunner.call():180 call()
08-29 12:29:21.591  1352  1387 I PeriodicStatsRunner: PeriodicStatsRunner.call():184 No submit PeriodicStats since input started.
08-29 12:29:21.761   318   380 D goldfish-address-space: allocate: Ask for block of size 0x7e9000
08-29 12:29:21.761   318   380 D goldfish-address-space: allocate: ioctl allocate returned offset 0x3fd084000 size 0x7ea000
08-29 12:29:21.764  1441  3133 E StorageManager: Failed to set extended attributes for /storage/emulated/0/screen_2020-08-29_122922.png to set project id.: Operation not supported on transport endpoint
08-29 12:29:21.765  1441  3133 W MediaProvider: Failed to update quota type for /storage/emulated/0/screen_2020-08-29_122922.png
08-29 12:29:21.765  1441  3133 W MediaProvider: java.io.IOException: Failed to update quota type for /storage/emulated/0/screen_2020-08-29_122922.png
08-29 12:29:21.765  1441  3133 W MediaProvider: 	at android.os.storage.StorageManager.updateExternalStorageFileQuotaType(StorageManager.java:2512)
08-29 12:29:21.765  1441  3133 W MediaProvider: 	at com.android.providers.media.MediaProvider.updateQuotaTypeForFileInternal(MediaProvider.java:581)
08-29 12:29:21.765  1441  3133 W MediaProvider: 	at com.android.providers.media.MediaProvider.lambda$onFileCreatedForFuse$12(MediaProvider.java:1146)
08-29 12:29:21.765  1441  3133 W MediaProvider: 	at com.android.providers.media.MediaProvider.lambda$onFileCreatedForFuse$12$MediaProvider(Unknown Source:0)
08-29 12:29:21.765  1441  3133 W MediaProvider: 	at com.android.providers.media.-$$Lambda$MediaProvider$VhB3wkpGkT4Cm_4TN5qOQg3m3rU.run(Unknown Source:4)
08-29 12:29:21.765  1441  3133 W MediaProvider: 	at android.os.Handler.handleCallback(Handler.java:938)
08-29 12:29:21.765  1441  3133 W MediaProvider: 	at android.os.Handler.dispatchMessage(Handler.java:99)
08-29 12:29:21.765  1441  3133 W MediaProvider: 	at android.os.Looper.loop(Looper.java:223)
08-29 12:29:21.765  1441  3133 W MediaProvider: 	at android.os.HandlerThread.run(HandlerThread.java:67)
08-29 12:29:21.769  1441  3133 E StorageManager: Failed to set extended attributes for /storage/emulated/0/screen_2020-08-29_122922.png to set project id.: Operation not supported on transport endpoint
08-29 12:29:21.769  1441  3133 W MediaProvider: Failed to update quota type for /storage/emulated/0/screen_2020-08-29_122922.png
08-29 12:29:21.769  1441  3133 W MediaProvider: java.io.IOException: Failed to update quota type for /storage/emulated/0/screen_2020-08-29_122922.png
08-29 12:29:21.769  1441  3133 W MediaProvider: 	at android.os.storage.StorageManager.updateExternalStorageFileQuotaType(StorageManager.java:2512)
08-29 12:29:21.769  1441  3133 W MediaProvider: 	at com.android.providers.media.MediaProvider.updateQuotaTypeForFileInternal(MediaProvider.java:581)
08-29 12:29:21.769  1441  3133 W MediaProvider: 	at com.android.providers.media.MediaProvider.updateQuotaTypeForUri(MediaProvider.java:560)
08-29 12:29:21.769  1441  3133 W MediaProvider: 	at com.android.providers.media.MediaProvider.access$800(MediaProvider.java:222)
08-29 12:29:21.769  1441  3133 W MediaProvider: 	at com.android.providers.media.MediaProvider$3.lambda$onInsert$0(MediaProvider.java:611)
08-29 12:29:21.769  1441  3133 W MediaProvider: 	at com.android.providers.media.MediaProvider$3.lambda$onInsert$0$MediaProvider$3(Unknown Source:0)
08-29 12:29:21.769  1441  3133 W MediaProvider: 	at com.android.providers.media.-$$Lambda$MediaProvider$3$OA4Hj-5lam3D4oprnbu7ZpL-f_E.run(Unknown Source:10)
08-29 12:29:21.769  1441  3133 W MediaProvider: 	at android.os.Handler.handleCallback(Handler.java:938)
08-29 12:29:21.769  1441  3133 W MediaProvider: 	at android.os.Handler.dispatchMessage(Handler.java:99)
08-29 12:29:21.769  1441  3133 W MediaProvider: 	at android.os.Looper.loop(Looper.java:223)
08-29 12:29:21.769  1441  3133 W MediaProvider: 	at android.os.HandlerThread.run(HandlerThread.java:67)
08-29 12:29:21.775   179   179 I hwservicemanager: getTransport: Cannot find entry android.hardware.graphics.mapper@4.0::IMapper/default in either framework or device manifest.
08-29 12:29:21.775  4137  4137 I Gralloc4: mapper 4.x is not supported
08-29 12:29:21.780  4137  4137 D HostConnection: createUnique: call
08-29 12:29:21.781  4137  4137 D HostConnection: HostConnection::get() New Host Connection established 0xea2408b0, tid 4137
08-29 12:29:21.781  4137  4137 D goldfish-address-space: allocate: Ask for block of size 0x100
08-29 12:29:21.782  4137  4137 D goldfish-address-space: allocate: ioctl allocate returned offset 0x3fc729000 size 0x2000
08-29 12:29:21.787  4137  4137 D HostConnection: HostComposition ext ANDROID_EMU_CHECKSUM_HELPER_v1 ANDROID_EMU_native_sync_v2 ANDROID_EMU_native_sync_v3 ANDROID_EMU_native_sync_v4 ANDROID_EMU_dma_v1 ANDROID_EMU_direct_mem ANDROID_EMU_host_composition_v1 ANDROID_EMU_host_composition_v2 ANDROID_EMU_YUV_Cache ANDROID_EMU_async_unmap_buffer GL_OES_EGL_image_external_essl3 GL_OES_vertex_array_object GL_KHR_texture_compression_astc_ldr ANDROID_EMU_gles_max_version_3_0 
08-29 12:29:21.818  6591  1599 I NetworkScheduler.Stats: Task com.google.android.gms/com.google.android.gms.ipa.base.IpaGcmTaskService started execution. cause:9 exec_start_elapsed_seconds: 4551 [CONTEXT service_id=218 ]
08-29 12:29:21.825  6591 32581 I NetworkScheduler.Stats: Task com.google.android.gms/com.google.android.gms.ipa.base.IpaGcmTaskService finished executing. cause:9 result: 1 elapsed_millis: 27 uptime_millis: 27 exec_start_elapsed_seconds: 4551 [CONTEXT service_id=218 ]
08-29 12:29:21.960  4143  4145 I cmd     : oneway function results will be dropped but finished with status OK and parcel size 4
08-29 12:29:21.963  1441  3631 I MediaProvider: Begin Intent { act=android.intent.action.MEDIA_SCANNER_SCAN_FILE dat=file:///sdcard/screen_2020-08-29_122922.png flg=0x1400010 cmp=com.google.android.providers.media.module/com.android.providers.media.MediaService }
08-29 12:29:21.960  1441  1441 W com.google.android.providers.media.module: type=1400 audit(0.0:8506): avc: denied { read } for comm=4173796E635461736B202331 name="primary" dev="tmpfs" ino=25879 scontext=u:r:mediaprovider_app:s0:c146,c256,c512,c768 tcontext=u:object_r:mnt_pass_through_file:s0 tclass=lnk_file permissive=0 app=com.google.android.providers.media.module
08-29 12:29:21.968  1441  1441 I chatty  : uid=10146(com.google.android.providers.media.module) identical 3 lines
08-29 12:29:21.968  1441  1441 W com.google.android.providers.media.module: type=1400 audit(0.0:8510): avc: denied { read } for comm=4173796E635461736B202331 name="primary" dev="tmpfs" ino=25879 scontext=u:r:mediaprovider_app:s0:c146,c256,c512,c768 tcontext=u:object_r:mnt_pass_through_file:s0 tclass=lnk_file permissive=0 app=com.google.android.providers.media.module
08-29 12:29:21.972  1441  3631 W ModernMediaScanner: Failed to visit /sdcard/screen_2020-08-29_122922.png: java.nio.file.AccessDeniedException: /sdcard/screen_2020-08-29_122922.png
08-29 12:29:21.973  1441  3631 I MediaProvider: Scanned internal due to REASON_DEMAND, found 0 items in 3ms, 0 inserts 0 updates 0 deletes
08-29 12:29:21.974  1441  3631 I MediaProvider: End Intent { act=android.intent.action.MEDIA_SCANNER_SCAN_FILE dat=file:///sdcard/screen_2020-08-29_122922.png flg=0x1400010 cmp=com.google.android.providers.media.module/com.android.providers.media.MediaService }
08-29 12:29:22.016  1441  1667 I MediaProvider: Deleted 1 items on external_primary due to com.android.shell
08-29 12:29:22.066  6591  1599 I NetworkScheduler.Stats: Task com.google.android.gms/com.google.android.gms.ipa.base.IpaGcmTaskService started execution. cause:9 exec_start_elapsed_seconds: 4551 [CONTEXT service_id=218 ]
08-29 12:29:22.075  6591  1615 I NetworkScheduler.Stats: Task com.google.android.gms/com.google.android.gms.ipa.base.IpaGcmTaskService finished executing. cause:9 result: 1 elapsed_millis: 26 uptime_millis: 26 exec_start_elapsed_seconds: 4551 [CONTEXT service_id=218 ]
08-29 12:29:22.310   318   380 D goldfish-address-space: allocate: Ask for block of size 0x7e9000
08-29 12:29:22.310   318   380 D goldfish-address-space: allocate: ioctl allocate returned offset 0x3fd084000 size 0x7ea000
08-29 12:29:22.311  1441  3133 E StorageManager: Failed to set extended attributes for /storage/emulated/0/screen_2020-08-29_122923.png to set project id.: Operation not supported on transport endpoint
