08-29 12:28:50.661  1441  3133 W MediaProvider: 	at android.os.Handler.handleCallback(Handler.java:938)
08-29 12:28:50.661  1441  3133 W MediaProvider: 	at android.os.Handler.dispatchMessage(Handler.java:99)
08-29 12:28:50.661  1441  3133 W MediaProvider: 	at android.os.Looper.loop(Looper.java:223)
08-29 12:28:50.661  1441  3133 W MediaProvider: 	at android.os.HandlerThread.run(HandlerThread.java:67)
08-29 12:28:50.673   179   179 I hwservicemanager: getTransport: Cannot find entry android.hardware.graphics.mapper@4.0::IMapper/default in either framework or device manifest.
08-29 12:28:50.673  2879  2879 I Gralloc4: mapper 4.x is not supported
08-29 12:28:50.678  2879  2879 D HostConnection: createUnique: call
08-29 12:28:50.679  2879  2879 D HostConnection: HostConnection::get() New Host Connection established 0xf50c0eb0, tid 2879
08-29 12:28:50.679  2879  2879 D goldfish-address-space: allocate: Ask for block of size 0x100
08-29 12:28:50.679  2879  2879 D goldfish-address-space: allocate: ioctl allocate returned offset 0x3fc6bb000 size 0x2000
08-29 12:28:50.683  2879  2879 D HostConnection: HostComposition ext ANDROID_EMU_CHECKSUM_HELPER_v1 ANDROID_EMU_native_sync_v2 ANDROID_EMU_native_sync_v3 ANDROID_EMU_native_sync_v4 ANDROID_EMU_dma_v1 ANDROID_EMU_direct_mem ANDROID_EMU_host_composition_v1 ANDROID_EMU_host_composition_v2 ANDROID_EMU_YUV_Cache ANDROID_EMU_async_unmap_buffer GL_OES_EGL_image_external_essl3 GL_OES_vertex_array_object GL_KHR_texture_compression_astc_ldr ANDROID_EMU_gles_max_version_3_0 
08-29 12:28:50.718  6591 32581 I NetworkScheduler.Stats: Task com.google.android.gms/com.google.android.gms.ipa.base.IpaGcmTaskService started execution. cause:9 exec_start_elapsed_seconds: 4520 [CONTEXT service_id=218 ]
08-29 12:28:50.725  6591  1615 I NetworkScheduler.Stats: Task com.google.android.gms/com.google.android.gms.ipa.base.IpaGcmTaskService finished executing. cause:9 result: 1 elapsed_millis: 29 uptime_millis: 29 exec_start_elapsed_seconds: 4520 [CONTEXT service_id=218 ]
08-29 12:28:50.887  1441  3631 I MediaProvider: Begin Intent { act=android.intent.action.MEDIA_SCANNER_SCAN_FILE dat=file:///sdcard/screen_2020-08-29_122851.png flg=0x1400010 cmp=com.google.android.providers.media.module/com.android.providers.media.MediaService }
08-29 12:28:50.884  1441  1441 W com.google.android.providers.media.module: type=1400 audit(0.0:8330): avc: denied { read } for comm=4173796E635461736B202331 name="primary" dev="tmpfs" ino=25879 scontext=u:r:mediaprovider_app:s0:c146,c256,c512,c768 tcontext=u:object_r:mnt_pass_through_file:s0 tclass=lnk_file permissive=0 app=com.google.android.providers.media.module
08-29 12:28:50.891  1441  3631 W ModernMediaScanner: Failed to visit /sdcard/screen_2020-08-29_122851.png: java.nio.file.AccessDeniedException: /sdcard/screen_2020-08-29_122851.png
08-29 12:28:50.895  1441  3631 I MediaProvider: Scanned internal due to REASON_DEMAND, found 0 items in 6ms, 0 inserts 0 updates 0 deletes
08-29 12:28:50.897  1441  3631 I MediaProvider: End Intent { act=android.intent.action.MEDIA_SCANNER_SCAN_FILE dat=file:///sdcard/screen_2020-08-29_122851.png flg=0x1400010 cmp=com.google.android.providers.media.module/com.android.providers.media.MediaService }
08-29 12:28:50.950  1441  3332 I MediaProvider: Deleted 1 items on external_primary due to com.android.shell
08-29 12:28:51.001  6591 32581 I NetworkScheduler.Stats: Task com.google.android.gms/com.google.android.gms.ipa.base.IpaGcmTaskService started execution. cause:9 exec_start_elapsed_seconds: 4520 [CONTEXT service_id=218 ]
08-29 12:28:51.012  6591  1599 I NetworkScheduler.Stats: Task com.google.android.gms/com.google.android.gms.ipa.base.IpaGcmTaskService finished executing. cause:9 result: 1 elapsed_millis: 30 uptime_millis: 30 exec_start_elapsed_seconds: 4520 [CONTEXT service_id=218 ]
08-29 12:28:51.261   318   380 D goldfish-address-space: allocate: Ask for block of size 0x7e9000
08-29 12:28:51.262   318   380 D goldfish-address-space: allocate: ioctl allocate returned offset 0x3f9800000 size 0x7ea000
08-29 12:28:51.264  1441  3133 E StorageManager: Failed to set extended attributes for /storage/emulated/0/screen_2020-08-29_122852.png to set project id.: Operation not supported on transport endpoint
08-29 12:28:51.264  1441  3133 W MediaProvider: Failed to update quota type for /storage/emulated/0/screen_2020-08-29_122852.png
08-29 12:28:51.264  1441  3133 W MediaProvider: java.io.IOException: Failed to update quota type for /storage/emulated/0/screen_2020-08-29_122852.png
08-29 12:28:51.264  1441  3133 W MediaProvider: 	at android.os.storage.StorageManager.updateExternalStorageFileQuotaType(StorageManager.java:2512)
08-29 12:28:51.264  1441  3133 W MediaProvider: 	at com.android.providers.media.MediaProvider.updateQuotaTypeForFileInternal(MediaProvider.java:581)
08-29 12:28:51.264  1441  3133 W MediaProvider: 	at com.android.providers.media.MediaProvider.lambda$onFileCreatedForFuse$12(MediaProvider.java:1146)
08-29 12:28:51.264  1441  3133 W MediaProvider: 	at com.android.providers.media.MediaProvider.lambda$onFileCreatedForFuse$12$MediaProvider(Unknown Source:0)
08-29 12:28:51.264  1441  3133 W MediaProvider: 	at com.android.providers.media.-$$Lambda$MediaProvider$VhB3wkpGkT4Cm_4TN5qOQg3m3rU.run(Unknown Source:4)
08-29 12:28:51.264  1441  3133 W MediaProvider: 	at android.os.Handler.handleCallback(Handler.java:938)
08-29 12:28:51.264  1441  3133 W MediaProvider: 	at android.os.Handler.dispatchMessage(Handler.java:99)
08-29 12:28:51.264  1441  3133 W MediaProvider: 	at android.os.Looper.loop(Looper.java:223)
08-29 12:28:51.264  1441  3133 W MediaProvider: 	at android.os.HandlerThread.run(HandlerThread.java:67)
08-29 12:28:51.268  1441  3133 E StorageManager: Failed to set extended attributes for /storage/emulated/0/screen_2020-08-29_122852.png to set project id.: Operation not supported on transport endpoint
08-29 12:28:51.268  1441  3133 W MediaProvider: Failed to update quota type for /storage/emulated/0/screen_2020-08-29_122852.png
08-29 12:28:51.268  1441  3133 W MediaProvider: java.io.IOException: Failed to update quota type for /storage/emulated/0/screen_2020-08-29_122852.png
08-29 12:28:51.268  1441  3133 W MediaProvider: 	at android.os.storage.StorageManager.updateExternalStorageFileQuotaType(StorageManager.java:2512)
08-29 12:28:51.268  1441  3133 W MediaProvider: 	at com.android.providers.media.MediaProvider.updateQuotaTypeForFileInternal(MediaProvider.java:581)
08-29 12:28:51.268  1441  3133 W MediaProvider: 	at com.android.providers.media.MediaProvider.updateQuotaTypeForUri(MediaProvider.java:560)
08-29 12:28:51.268  1441  3133 W MediaProvider: 	at com.android.providers.media.MediaProvider.access$800(MediaProvider.java:222)
08-29 12:28:51.268  1441  3133 W MediaProvider: 	at com.android.providers.media.MediaProvider$3.lambda$onInsert$0(MediaProvider.java:611)
08-29 12:28:51.268  1441  3133 W MediaProvider: 	at com.android.providers.media.MediaProvider$3.lambda$onInsert$0$MediaProvider$3(Unknown Source:0)
08-29 12:28:51.268  1441  3133 W MediaProvider: 	at com.android.providers.media.-$$Lambda$MediaProvider$3$OA4Hj-5lam3D4oprnbu7ZpL-f_E.run(Unknown Source:10)
08-29 12:28:51.268  1441  3133 W MediaProvider: 	at android.os.Handler.handleCallback(Handler.java:938)
08-29 12:28:51.268  1441  3133 W MediaProvider: 	at android.os.Handler.dispatchMessage(Handler.java:99)
08-29 12:28:51.268  1441  3133 W MediaProvider: 	at android.os.Looper.loop(Looper.java:223)
08-29 12:28:51.268  1441  3133 W MediaProvider: 	at android.os.HandlerThread.run(HandlerThread.java:67)
08-29 12:28:51.273   179   179 I hwservicemanager: getTransport: Cannot find entry android.hardware.graphics.mapper@4.0::IMapper/default in either framework or device manifest.
08-29 12:28:51.273  2903  2903 I Gralloc4: mapper 4.x is not supported
08-29 12:28:51.278  2903  2903 D HostConnection: createUnique: call
08-29 12:28:51.278  2903  2903 D HostConnection: HostConnection::get() New Host Connection established 0xeac01210, tid 2903
08-29 12:28:51.279  2903  2903 D goldfish-address-space: allocate: Ask for block of size 0x100
08-29 12:28:51.279  2903  2903 D goldfish-address-space: allocate: ioctl allocate returned offset 0x3fc6bb000 size 0x2000
08-29 12:28:51.284  2903  2903 D HostConnection: HostComposition ext ANDROID_EMU_CHECKSUM_HELPER_v1 ANDROID_EMU_native_sync_v2 ANDROID_EMU_native_sync_v3 ANDROID_EMU_native_sync_v4 ANDROID_EMU_dma_v1 ANDROID_EMU_direct_mem ANDROID_EMU_host_composition_v1 ANDROID_EMU_host_composition_v2 ANDROID_EMU_YUV_Cache ANDROID_EMU_async_unmap_buffer GL_OES_EGL_image_external_essl3 GL_OES_vertex_array_object GL_KHR_texture_compression_astc_ldr ANDROID_EMU_gles_max_version_3_0 
08-29 12:28:51.323  6591 32581 I NetworkScheduler.Stats: Task com.google.android.gms/com.google.android.gms.ipa.base.IpaGcmTaskService started execution. cause:9 exec_start_elapsed_seconds: 4520 [CONTEXT service_id=218 ]
08-29 12:28:51.331  6591  1599 I NetworkScheduler.Stats: Task com.google.android.gms/com.google.android.gms.ipa.base.IpaGcmTaskService finished executing. cause:9 result: 1 elapsed_millis: 32 uptime_millis: 32 exec_start_elapsed_seconds: 4520 [CONTEXT service_id=218 ]
08-29 12:28:51.513  1441  3631 I MediaProvider: Begin Intent { act=android.intent.action.MEDIA_SCANNER_SCAN_FILE dat=file:///sdcard/screen_2020-08-29_122852.png flg=0x1400010 cmp=com.google.android.providers.media.module/com.android.providers.media.MediaService }
08-29 12:28:51.515  1441  3631 W ModernMediaScanner: Failed to visit /sdcard/screen_2020-08-29_122852.png: java.nio.file.AccessDeniedException: /sdcard/screen_2020-08-29_122852.png
08-29 12:28:51.516  1441  3631 I MediaProvider: Scanned internal due to REASON_DEMAND, found 0 items in 1ms, 0 inserts 0 updates 0 deletes
08-29 12:28:51.519  1441  3631 I MediaProvider: End Intent { act=android.intent.action.MEDIA_SCANNER_SCAN_FILE dat=file:///sdcard/screen_2020-08-29_122852.png flg=0x1400010 cmp=com.google.android.providers.media.module/com.android.providers.media.MediaService }
08-29 12:28:51.527   497   540 W BroadcastQueue: Background execution not allowed: receiving Intent { act=android.intent.action.DROPBOX_ENTRY_ADDED flg=0x10 (has extras) } to com.google.android.gms/.stats.service.DropBoxEntryAddedReceiver
08-29 12:28:51.528   497   540 W BroadcastQueue: Background execution not allowed: receiving Intent { act=android.intent.action.DROPBOX_ENTRY_ADDED flg=0x10 (has extras) } to com.google.android.gms/.chimera.GmsIntentOperationService$PersistentTrustedReceiver
08-29 12:28:51.593  1441  1666 I MediaProvider: Deleted 1 items on external_primary due to com.android.shell
08-29 12:28:51.647  6591 32581 I NetworkScheduler.Stats: Task com.google.android.gms/com.google.android.gms.ipa.base.IpaGcmTaskService started execution. cause:9 exec_start_elapsed_seconds: 4521 [CONTEXT service_id=218 ]
08-29 12:28:51.656  6591  1615 I NetworkScheduler.Stats: Task com.google.android.gms/com.google.android.gms.ipa.base.IpaGcmTaskService finished executing. cause:9 result: 1 elapsed_millis: 35 uptime_millis: 35 exec_start_elapsed_seconds: 4521 [CONTEXT service_id=218 ]
08-29 12:28:51.756   497   508 W System  : A resource failed to call release. 
08-29 12:28:51.756   497   508 I chatty  : uid=1000(system) FinalizerDaemon identical 1 line
08-29 12:28:51.756   497   508 W System  : A resource failed to call release. 
08-29 12:28:51.836   318   380 D goldfish-address-space: allocate: Ask for block of size 0x7e9000
08-29 12:28:51.836   318   380 D goldfish-address-space: allocate: ioctl allocate returned offset 0x3f9800000 size 0x7ea000
08-29 12:28:51.839  1441  3133 E StorageManager: Failed to set extended attributes for /storage/emulated/0/screen_2020-08-29_122852.png to set project id.: Operation not supported on transport endpoint
08-29 12:28:51.839  1441  3133 W MediaProvider: Failed to update quota type for /storage/emulated/0/screen_2020-08-29_122852.png
08-29 12:28:51.839  1441  3133 W MediaProvider: java.io.IOException: Failed to update quota type for /storage/emulated/0/screen_2020-08-29_122852.png
08-29 12:28:51.839  1441  3133 W MediaProvider: 	at android.os.storage.StorageManager.updateExternalStorageFileQuotaType(StorageManager.java:2512)
08-29 12:28:51.839  1441  3133 W MediaProvider: 	at com.android.providers.media.MediaProvider.updateQuotaTypeForFileInternal(MediaProvider.java:581)
08-29 12:28:51.839  1441  3133 W MediaProvider: 	at com.android.providers.media.MediaProvider.lambda$onFileCreatedForFuse$12(MediaProvider.java:1146)
08-29 12:28:51.839  1441  3133 W MediaProvider: 	at com.android.providers.media.MediaProvider.lambda$onFileCreatedForFuse$12$MediaProvider(Unknown Source:0)
08-29 12:28:51.839  1441  3133 W MediaProvider: 	at com.android.providers.media.-$$Lambda$MediaProvider$VhB3wkpGkT4Cm_4TN5qOQg3m3rU.run(Unknown Source:4)
08-29 12:28:51.839  1441  3133 W MediaProvider: 	at android.os.Handler.handleCallback(Handler.java:938)
08-29 12:28:51.839  1441  3133 W MediaProvider: 	at android.os.Handler.dispatchMessage(Handler.java:99)
08-29 12:28:51.839  1441  3133 W MediaProvider: 	at android.os.Looper.loop(Looper.java:223)
08-29 12:28:51.839  1441  3133 W MediaProvider: 	at android.os.HandlerThread.run(HandlerThread.java:67)
08-29 12:28:51.847  1441  3133 E StorageManager: Failed to set extended attributes for /storage/emulated/0/screen_2020-08-29_122852.png to set project id.: Operation not supported on transport endpoint
08-29 12:28:51.847  1441  3133 W MediaProvider: Failed to update quota type for /storage/emulated/0/screen_2020-08-29_122852.png
08-29 12:28:51.847  1441  3133 W MediaProvider: java.io.IOException: Failed to update quota type for /storage/emulated/0/screen_2020-08-29_122852.png
08-29 12:28:51.847  1441  3133 W MediaProvider: 	at android.os.storage.StorageManager.updateExternalStorageFileQuotaType(StorageManager.java:2512)
08-29 12:28:51.847  1441  3133 W MediaProvider: 	at com.android.providers.media.MediaProvider.updateQuotaTypeForFileInternal(MediaProvider.java:581)
08-29 12:28:51.847  1441  3133 W MediaProvider: 	at com.android.providers.media.MediaProvider.updateQuotaTypeForUri(MediaProvider.java:560)
08-29 12:28:51.847  1441  3133 W MediaProvider: 	at com.android.providers.media.MediaProvider.access$800(MediaProvider.java:222)
08-29 12:28:51.847  1441  3133 W MediaProvider: 	at com.android.providers.media.MediaProvider$3.lambda$onInsert$0(MediaProvider.java:611)
08-29 12:28:51.847  1441  3133 W MediaProvider: 	at com.android.providers.media.MediaProvider$3.lambda$onInsert$0$MediaProvider$3(Unknown Source:0)
08-29 12:28:51.847  1441  3133 W MediaProvider: 	at com.android.providers.media.-$$Lambda$MediaProvider$3$OA4Hj-5lam3D4oprnbu7ZpL-f_E.run(Unknown Source:10)
08-29 12:28:51.847  1441  3133 W MediaProvider: 	at android.os.Handler.handleCallback(Handler.java:938)
08-29 12:28:51.847  1441  3133 W MediaProvider: 	at android.os.Handler.dispatchMessage(Handler.java:99)
08-29 12:28:51.847  1441  3133 W MediaProvider: 	at android.os.Looper.loop(Looper.java:223)
08-29 12:28:51.847  1441  3133 W MediaProvider: 	at android.os.HandlerThread.run(HandlerThread.java:67)
08-29 12:28:51.847   179   179 I hwservicemanager: getTransport: Cannot find entry android.hardware.graphics.mapper@4.0::IMapper/default in either framework or device manifest.
08-29 12:28:51.847  2931  2931 I Gralloc4: mapper 4.x is not supported
08-29 12:28:51.854  2931  2931 D HostConnection: createUnique: call
08-29 12:28:51.854  2931  2931 D HostConnection: HostConnection::get() New Host Connection established 0xe7d80f70, tid 2931
08-29 12:28:51.855  2931  2931 D goldfish-address-space: allocate: Ask for block of size 0x100
08-29 12:28:51.855  2931  2931 D goldfish-address-space: allocate: ioctl allocate returned offset 0x3fc6bb000 size 0x2000
08-29 12:28:51.860  2931  2931 D HostConnection: HostComposition ext ANDROID_EMU_CHECKSUM_HELPER_v1 ANDROID_EMU_native_sync_v2 ANDROID_EMU_native_sync_v3 ANDROID_EMU_native_sync_v4 ANDROID_EMU_dma_v1 ANDROID_EMU_direct_mem ANDROID_EMU_host_composition_v1 ANDROID_EMU_host_composition_v2 ANDROID_EMU_YUV_Cache ANDROID_EMU_async_unmap_buffer GL_OES_EGL_image_external_essl3 GL_OES_vertex_array_object GL_KHR_texture_compression_astc_ldr ANDROID_EMU_gles_max_version_3_0 
08-29 12:28:51.918  6591 32581 I NetworkScheduler.Stats: Task com.google.android.gms/com.google.android.gms.ipa.base.IpaGcmTaskService started execution. cause:9 exec_start_elapsed_seconds: 4521 [CONTEXT service_id=218 ]
08-29 12:28:51.928  6591  1599 I NetworkScheduler.Stats: Task com.google.android.gms/com.google.android.gms.ipa.base.IpaGcmTaskService finished executing. cause:9 result: 1 elapsed_millis: 30 uptime_millis: 30 exec_start_elapsed_seconds: 4521 [CONTEXT service_id=218 ]
08-29 12:28:52.078  2937  2939 I cmd     : oneway function results will be dropped but finished with status OK and parcel size 4
08-29 12:28:52.081  1441  3631 I MediaProvider: Begin Intent { act=android.intent.action.MEDIA_SCANNER_SCAN_FILE dat=file:///sdcard/screen_2020-08-29_122852.png flg=0x1400010 cmp=com.google.android.providers.media.module/com.android.providers.media.MediaService }
08-29 12:28:52.076  1441  1441 W com.google.android.providers.media.module: type=1400 audit(0.0:8342): avc: denied { read } for comm=4173796E635461736B202331 name="primary" dev="tmpfs" ino=25879 scontext=u:r:mediaprovider_app:s0:c146,c256,c512,c768 tcontext=u:object_r:mnt_pass_through_file:s0 tclass=lnk_file permissive=0 app=com.google.android.providers.media.module
08-29 12:28:52.097   497   571 I system_server: oneway function results will be dropped but finished with status OK and parcel size 4
08-29 12:28:52.076  1441  1441 W com.google.android.providers.media.module: type=1400 audit(0.0:8343): avc: denied { read } for comm=4173796E635461736B202331 name="primary" dev="tmpfs" ino=25879 scontext=u:r:mediaprovider_app:s0:c146,c256,c512,c768 tcontext=u:object_r:mnt_pass_through_file:s0 tclass=lnk_file permissive=0 app=com.google.android.providers.media.module
08-29 12:28:52.101  1441  3631 W ModernMediaScanner: Failed to visit /sdcard/screen_2020-08-29_122852.png: java.nio.file.AccessDeniedException: /sdcard/screen_2020-08-29_122852.png
08-29 12:28:52.104  1441  3631 I MediaProvider: Scanned internal due to REASON_DEMAND, found 0 items in 22ms, 0 inserts 0 updates 0 deletes
08-29 12:28:52.106  1441  3631 I MediaProvider: End Intent { act=android.intent.action.MEDIA_SCANNER_SCAN_FILE dat=file:///sdcard/screen_2020-08-29_122852.png flg=0x1400010 cmp=com.google.android.providers.media.module/com.android.providers.media.MediaService }
08-29 12:28:52.080  1441  1441 W com.google.android.providers.media.module: type=1400 audit(0.0:8344): avc: denied { read } for comm=4173796E635461736B202331 name="primary" dev="tmpfs" ino=25879 scontext=u:r:mediaprovider_app:s0:c146,c256,c512,c768 tcontext=u:object_r:mnt_pass_through_file:s0 tclass=lnk_file permissive=0 app=com.google.android.providers.media.module
08-29 12:28:52.153  1441  1791 I MediaProvider: Deleted 1 items on external_primary due to com.android.shell
08-29 12:28:52.221  6591 32581 I NetworkScheduler.Stats: Task com.google.android.gms/com.google.android.gms.ipa.base.IpaGcmTaskService started execution. cause:9 exec_start_elapsed_seconds: 4521 [CONTEXT service_id=218 ]
08-29 12:28:52.235  6591  1615 I NetworkScheduler.Stats: Task com.google.android.gms/com.google.android.gms.ipa.base.IpaGcmTaskService finished executing. cause:9 result: 1 elapsed_millis: 37 uptime_millis: 37 exec_start_elapsed_seconds: 4521 [CONTEXT service_id=218 ]
08-29 12:28:52.351  2964  2966 I cmd     : oneway function results will be dropped but finished with status OK and parcel size 4
08-29 12:28:52.466  2979  2981 I cmd     : oneway function results will be dropped but finished with status OK and parcel size 4
08-29 12:28:52.599   925  2204 E ActivityThread: Failed to find provider info for com.google.android.apps.wellbeing.api
08-29 12:28:52.619  2991  2991 D AndroidRuntime: >>>>>> START com.android.internal.os.RuntimeInit uid 2000 <<<<<<
08-29 12:28:52.622  2991  2991 E libc    : Access denied finding property "persist.device_config.runtime_native_boot.profilebootclasspath"
08-29 12:28:52.622  2991  2991 E libc    : Access denied finding property "persist.device_config.runtime_native_boot.enable_apex_image"
08-29 12:28:52.622  2991  2991 I AndroidRuntime: Using default boot image
08-29 12:28:52.622  2991  2991 E libc    : Access denied finding property "persist.device_config.runtime_native_boot.disable_lock_profiling"
08-29 12:28:52.622  2991  2991 I AndroidRuntime: Leaving lock profiling enabled
08-29 12:28:52.622  2991  2991 E libc    : Access denied finding property "persist.device_config.runtime_native_boot.enable_generational_cc"
08-29 12:28:52.687  2991  2991 D app_process: Time zone APEX ICU file found: /apex/com.android.tzdata/etc/icu/icu_tzdata.dat
08-29 12:28:52.688  2991  2991 D app_process: I18n APEX ICU file found: /apex/com.android.i18n/etc/icu/icudt66l.dat
08-29 12:28:52.692  2991  2991 W app_process: Unexpected CPU variant for X86 using defaults: x86
08-29 12:28:52.696  2991  2991 I app_process: The ClassLoaderContext is a special shared library.
08-29 12:28:52.709  2991  2991 W app_process: JNI RegisterNativeMethods: attempt to register 0 native methods for android.media.AudioAttributes
08-29 12:28:52.715  2991  2991 D AndroidRuntime: Calling main entry com.android.commands.input.Input
08-29 12:28:52.928  2991  2991 D AndroidRuntime: Shutting down VM
08-29 12:28:52.933   497  1648 I system_server: oneway function results will be dropped but finished with status OK and parcel size 4
08-29 12:28:52.933   497  1648 I system_server: oneway function results will be dropped but finished with status OK and parcel size 4
08-29 12:28:53.127   756   776 W ssioncontrolle: Reducing the number of considered missed Gc histogram windows from 125 to 100
08-29 12:28:53.162   497  1114 I system_server: oneway function results will be dropped but finished with status OK and parcel size 4
08-29 12:28:53.178  2191  2210 I mit.droidbotap: Background concurrent copying GC freed 41518(1573KB) AllocSpace objects, 57(2292KB) LOS objects, 49% free, 1913KB/3827KB, paused 7.016ms total 20.828ms
08-29 12:28:54.051   399   399 I perfetto: probes_producer.cc:329  Producer stop (id=50)
08-29 12:28:54.059   401   401 I perfetto: ng_service_impl.cc:1948 Tracing session 50 ended, total sessions:0
08-29 12:28:54.061   399   399 I perfetto: ftrace_procfs.cc:183    disabled ftrace
08-29 12:28:54.103  1352  1387 I PeriodicStatsRunner: PeriodicStatsRunner.call():180 call()
08-29 12:28:54.103  1352  1387 I PeriodicStatsRunner: PeriodicStatsRunner.call():184 No submit PeriodicStats since input started.
08-29 12:28:54.596   318   380 D goldfish-address-space: allocate: Ask for block of size 0x7e9000
08-29 12:28:54.597   318   380 D goldfish-address-space: allocate: ioctl allocate returned offset 0x3f9800000 size 0x7ea000
08-29 12:28:54.599  1441  3133 E StorageManager: Failed to set extended attributes for /storage/emulated/0/screen_2020-08-29_122855.png to set project id.: Operation not supported on transport endpoint
08-29 12:28:54.599  1441  3133 W MediaProvider: Failed to update quota type for /storage/emulated/0/screen_2020-08-29_122855.png
08-29 12:28:54.599  1441  3133 W MediaProvider: java.io.IOException: Failed to update quota type for /storage/emulated/0/screen_2020-08-29_122855.png
08-29 12:28:54.599  1441  3133 W MediaProvider: 	at android.os.storage.StorageManager.updateExternalStorageFileQuotaType(StorageManager.java:2512)
08-29 12:28:54.599  1441  3133 W MediaProvider: 	at com.android.providers.media.MediaProvider.updateQuotaTypeForFileInternal(MediaProvider.java:581)
08-29 12:28:54.599  1441  3133 W MediaProvider: 	at com.android.providers.media.MediaProvider.lambda$onFileCreatedForFuse$12(MediaProvider.java:1146)
08-29 12:28:54.599  1441  3133 W MediaProvider: 	at com.android.providers.media.MediaProvider.lambda$onFileCreatedForFuse$12$MediaProvider(Unknown Source:0)
08-29 12:28:54.599  1441  3133 W MediaProvider: 	at com.android.providers.media.-$$Lambda$MediaProvider$VhB3wkpGkT4Cm_4TN5qOQg3m3rU.run(Unknown Source:4)
08-29 12:28:54.599  1441  3133 W MediaProvider: 	at android.os.Handler.handleCallback(Handler.java:938)
08-29 12:28:54.599  1441  3133 W MediaProvider: 	at android.os.Handler.dispatchMessage(Handler.java:99)
08-29 12:28:54.599  1441  3133 W MediaProvider: 	at android.os.Looper.loop(Looper.java:223)
08-29 12:28:54.599  1441  3133 W MediaProvider: 	at android.os.HandlerThread.run(HandlerThread.java:67)
08-29 12:28:54.605  1441  3133 E StorageManager: Failed to set extended attributes for /storage/emulated/0/screen_2020-08-29_122855.png to set project id.: Operation not supported on transport endpoint
08-29 12:28:54.605  1441  3133 W MediaProvider: Failed to update quota type for /storage/emulated/0/screen_2020-08-29_122855.png
08-29 12:28:54.605  1441  3133 W MediaProvider: java.io.IOException: Failed to update quota type for /storage/emulated/0/screen_2020-08-29_122855.png
08-29 12:28:54.605  1441  3133 W MediaProvider: 	at android.os.storage.StorageManager.updateExternalStorageFileQuotaType(StorageManager.java:2512)
08-29 12:28:54.605  1441  3133 W MediaProvider: 	at com.android.providers.media.MediaProvider.updateQuotaTypeForFileInternal(MediaProvider.java:581)
08-29 12:28:54.605  1441  3133 W MediaProvider: 	at com.android.providers.media.MediaProvider.updateQuotaTypeForUri(MediaProvider.java:560)
08-29 12:28:54.605  1441  3133 W MediaProvider: 	at com.android.providers.media.MediaProvider.access$800(MediaProvider.java:222)
08-29 12:28:54.605  1441  3133 W MediaProvider: 	at com.android.providers.media.MediaProvider$3.lambda$onInsert$0(MediaProvider.java:611)
08-29 12:28:54.605  1441  3133 W MediaProvider: 	at com.android.providers.media.MediaProvider$3.lambda$onInsert$0$MediaProvider$3(Unknown Source:0)
08-29 12:28:54.605  1441  3133 W MediaProvider: 	at com.android.providers.media.-$$Lambda$MediaProvider$3$OA4Hj-5lam3D4oprnbu7ZpL-f_E.run(Unknown Source:10)
08-29 12:28:54.605  1441  3133 W MediaProvider: 	at android.os.Handler.handleCallback(Handler.java:938)
08-29 12:28:54.605  1441  3133 W MediaProvider: 	at android.os.Handler.dispatchMessage(Handler.java:99)
08-29 12:28:54.605  1441  3133 W MediaProvider: 	at android.os.Looper.loop(Looper.java:223)
08-29 12:28:54.605  1441  3133 W MediaProvider: 	at android.os.HandlerThread.run(HandlerThread.java:67)
08-29 12:28:54.612   179   179 I hwservicemanager: getTransport: Cannot find entry android.hardware.graphics.mapper@4.0::IMapper/default in either framework or device manifest.
08-29 12:28:54.612  3034  3034 I Gralloc4: mapper 4.x is not supported
08-29 12:28:54.618  3034  3034 D HostConnection: createUnique: call
08-29 12:28:54.619  3034  3034 D HostConnection: HostConnection::get() New Host Connection established 0xef8c0af0, tid 3034
08-29 12:28:54.619  3034  3034 D goldfish-address-space: allocate: Ask for block of size 0x100
08-29 12:28:54.619  3034  3034 D goldfish-address-space: allocate: ioctl allocate returned offset 0x3fc6bb000 size 0x2000
08-29 12:28:54.625  3034  3034 D HostConnection: HostComposition ext ANDROID_EMU_CHECKSUM_HELPER_v1 ANDROID_EMU_native_sync_v2 ANDROID_EMU_native_sync_v3 ANDROID_EMU_native_sync_v4 ANDROID_EMU_dma_v1 ANDROID_EMU_direct_mem ANDROID_EMU_host_composition_v1 ANDROID_EMU_host_composition_v2 ANDROID_EMU_YUV_Cache ANDROID_EMU_async_unmap_buffer GL_OES_EGL_image_external_essl3 GL_OES_vertex_array_object GL_KHR_texture_compression_astc_ldr ANDROID_EMU_gles_max_version_3_0 
08-29 12:28:54.656  6591 32581 I NetworkScheduler.Stats: Task com.google.android.gms/com.google.android.gms.ipa.base.IpaGcmTaskService started execution. cause:9 exec_start_elapsed_seconds: 4524 [CONTEXT service_id=218 ]
08-29 12:28:54.662   497  4073 I ActivityManager: Killing 1312:com.google.android.syncadapters.contacts/u0a110 (adj 985): empty #17
08-29 12:28:54.663  6591  1599 I NetworkScheduler.Stats: Task com.google.android.gms/com.google.android.gms.ipa.base.IpaGcmTaskService finished executing. cause:9 result: 1 elapsed_millis: 25 uptime_millis: 25 exec_start_elapsed_seconds: 4524 [CONTEXT service_id=218 ]
08-29 12:28:54.679   297   297 I Zygote  : Process 1312 exited due to signal 9 (Killed)
08-29 12:28:54.711   497   542 I libprocessgroup: Successfully killed process cgroup uid 10110 pid 1312 in 46ms
08-29 12:28:54.730  1352  1387 I PeriodicStatsRunner: PeriodicStatsRunner.call():180 call()
08-29 12:28:54.730  1352  1387 I PeriodicStatsRunner: PeriodicStatsRunner.call():184 No submit PeriodicStats since input started.
08-29 12:28:54.808  3039  3041 I cmd     : oneway function results will be dropped but finished with status OK and parcel size 4
08-29 12:28:54.810  1441  3631 I MediaProvider: Begin Intent { act=android.intent.action.MEDIA_SCANNER_SCAN_FILE dat=file:///sdcard/screen_2020-08-29_122855.png flg=0x1400010 cmp=com.google.android.providers.media.module/com.android.providers.media.MediaService }
08-29 12:28:54.808  1441  1441 W com.google.android.providers.media.module: type=1400 audit(0.0:8352): avc: denied { read } for comm=4173796E635461736B202331 name="primary" dev="tmpfs" ino=25879 scontext=u:r:mediaprovider_app:s0:c146,c256,c512,c768 tcontext=u:object_r:mnt_pass_through_file:s0 tclass=lnk_file permissive=0 app=com.google.android.providers.media.module
08-29 12:28:54.829  1441  3631 W ModernMediaScanner: Failed to visit /sdcard/screen_2020-08-29_122855.png: java.nio.file.AccessDeniedException: /sdcard/screen_2020-08-29_122855.png
08-29 12:28:54.831  1441  3631 I MediaProvider: Scanned internal due to REASON_DEMAND, found 0 items in 20ms, 0 inserts 0 updates 0 deletes
08-29 12:28:54.832  1441  3631 I MediaProvider: End Intent { act=android.intent.action.MEDIA_SCANNER_SCAN_FILE dat=file:///sdcard/screen_2020-08-29_122855.png flg=0x1400010 cmp=com.google.android.providers.media.module/com.android.providers.media.MediaService }
08-29 12:28:54.808  1441  1441 W com.google.android.providers.media.module: type=1400 audit(0.0:8354): avc: denied { read } for comm=4173796E635461736B202331 name="primary" dev="tmpfs" ino=25879 scontext=u:r:mediaprovider_app:s0:c146,c256,c512,c768 tcontext=u:object_r:mnt_pass_through_file:s0 tclass=lnk_file permissive=0 app=com.google.android.providers.media.module
08-29 12:28:54.872  1441  3332 I MediaProvider: Deleted 1 items on external_primary due to com.android.shell
08-29 12:28:54.923  6591  1599 I NetworkScheduler.Stats: Task com.google.android.gms/com.google.android.gms.ipa.base.IpaGcmTaskService started execution. cause:9 exec_start_elapsed_seconds: 4524 [CONTEXT service_id=218 ]
08-29 12:28:54.931  6591 32581 I NetworkScheduler.Stats: Task com.google.android.gms/com.google.android.gms.ipa.base.IpaGcmTaskService finished executing. cause:9 result: 1 elapsed_millis: 27 uptime_millis: 27 exec_start_elapsed_seconds: 4524 [CONTEXT service_id=218 ]
08-29 12:28:55.165   318   380 D goldfish-address-space: allocate: Ask for block of size 0x7e9000
08-29 12:28:55.166   318   380 D goldfish-address-space: allocate: ioctl allocate returned offset 0x3f9800000 size 0x7ea000
08-29 12:28:55.168  1441  3133 E StorageManager: Failed to set extended attributes for /storage/emulated/0/screen_2020-08-29_122856.png to set project id.: Operation not supported on transport endpoint
08-29 12:28:55.169  1441  3133 W MediaProvider: Failed to update quota type for /storage/emulated/0/screen_2020-08-29_122856.png
08-29 12:28:55.169  1441  3133 W MediaProvider: java.io.IOException: Failed to update quota type for /storage/emulated/0/screen_2020-08-29_122856.png
08-29 12:28:55.169  1441  3133 W MediaProvider: 	at android.os.storage.StorageManager.updateExternalStorageFileQuotaType(StorageManager.java:2512)
08-29 12:28:55.169  1441  3133 W MediaProvider: 	at com.android.providers.media.MediaProvider.updateQuotaTypeForFileInternal(MediaProvider.java:581)
08-29 12:28:55.169  1441  3133 W MediaProvider: 	at com.android.providers.media.MediaProvider.lambda$onFileCreatedForFuse$12(MediaProvider.java:1146)
08-29 12:28:55.169  1441  3133 W MediaProvider: 	at com.android.providers.media.MediaProvider.lambda$onFileCreatedForFuse$12$MediaProvider(Unknown Source:0)
08-29 12:28:55.169  1441  3133 W MediaProvider: 	at com.android.providers.media.-$$Lambda$MediaProvider$VhB3wkpGkT4Cm_4TN5qOQg3m3rU.run(Unknown Source:4)
08-29 12:28:55.169  1441  3133 W MediaProvider: 	at android.os.Handler.handleCallback(Handler.java:938)
08-29 12:28:55.169  1441  3133 W MediaProvider: 	at android.os.Handler.dispatchMessage(Handler.java:99)
08-29 12:28:55.169  1441  3133 W MediaProvider: 	at android.os.Looper.loop(Looper.java:223)
08-29 12:28:55.169  1441  3133 W MediaProvider: 	at android.os.HandlerThread.run(HandlerThread.java:67)
08-29 12:28:55.175  1441  3133 E StorageManager: Failed to set extended attributes for /storage/emulated/0/screen_2020-08-29_122856.png to set project id.: Operation not supported on transport endpoint
08-29 12:28:55.175  1441  3133 W MediaProvider: Failed to update quota type for /storage/emulated/0/screen_2020-08-29_122856.png
08-29 12:28:55.175  1441  3133 W MediaProvider: java.io.IOException: Failed to update quota type for /storage/emulated/0/screen_2020-08-29_122856.png
08-29 12:28:55.175  1441  3133 W MediaProvider: 	at android.os.storage.StorageManager.updateExternalStorageFileQuotaType(StorageManager.java:2512)
08-29 12:28:55.175  1441  3133 W MediaProvider: 	at com.android.providers.media.MediaProvider.updateQuotaTypeForFileInternal(MediaProvider.java:581)
08-29 12:28:55.175  1441  3133 W MediaProvider: 	at com.android.providers.media.MediaProvider.updateQuotaTypeForUri(MediaProvider.java:560)
08-29 12:28:55.175  1441  3133 W MediaProvider: 	at com.android.providers.media.MediaProvider.access$800(MediaProvider.java:222)
08-29 12:28:55.175  1441  3133 W MediaProvider: 	at com.android.providers.media.MediaProvider$3.lambda$onInsert$0(MediaProvider.java:611)
08-29 12:28:55.175  1441  3133 W MediaProvider: 	at com.android.providers.media.MediaProvider$3.lambda$onInsert$0$MediaProvider$3(Unknown Source:0)
08-29 12:28:55.175  1441  3133 W MediaProvider: 	at com.android.providers.media.-$$Lambda$MediaProvider$3$OA4Hj-5lam3D4oprnbu7ZpL-f_E.run(Unknown Source:10)
08-29 12:28:55.175  1441  3133 W MediaProvider: 	at android.os.Handler.handleCallback(Handler.java:938)
08-29 12:28:55.175  1441  3133 W MediaProvider: 	at android.os.Handler.dispatchMessage(Handler.java:99)
08-29 12:28:55.175  1441  3133 W MediaProvider: 	at android.os.Looper.loop(Looper.java:223)
08-29 12:28:55.175  1441  3133 W MediaProvider: 	at android.os.HandlerThread.run(HandlerThread.java:67)
08-29 12:28:55.176   179   179 I hwservicemanager: getTransport: Cannot find entry android.hardware.graphics.mapper@4.0::IMapper/default in either framework or device manifest.
08-29 12:28:55.176  3059  3059 I Gralloc4: mapper 4.x is not supported
08-29 12:28:55.181  3059  3059 D HostConnection: createUnique: call
08-29 12:28:55.182  3059  3059 D HostConnection: HostConnection::get() New Host Connection established 0xf5e800d0, tid 3059
08-29 12:28:55.183  3059  3059 D goldfish-address-space: allocate: Ask for block of size 0x100
08-29 12:28:55.183  3059  3059 D goldfish-address-space: allocate: ioctl allocate returned offset 0x3fc6bb000 size 0x2000
08-29 12:28:55.190  3059  3059 D HostConnection: HostComposition ext ANDROID_EMU_CHECKSUM_HELPER_v1 ANDROID_EMU_native_sync_v2 ANDROID_EMU_native_sync_v3 ANDROID_EMU_native_sync_v4 ANDROID_EMU_dma_v1 ANDROID_EMU_direct_mem ANDROID_EMU_host_composition_v1 ANDROID_EMU_host_composition_v2 ANDROID_EMU_YUV_Cache ANDROID_EMU_async_unmap_buffer GL_OES_EGL_image_external_essl3 GL_OES_vertex_array_object GL_KHR_texture_compression_astc_ldr ANDROID_EMU_gles_max_version_3_0 
08-29 12:28:55.229  6591  1599 I NetworkScheduler.Stats: Task com.google.android.gms/com.google.android.gms.ipa.base.IpaGcmTaskService started execution. cause:9 exec_start_elapsed_seconds: 4524 [CONTEXT service_id=218 ]
08-29 12:28:55.236  6591  1615 I NetworkScheduler.Stats: Task com.google.android.gms/com.google.android.gms.ipa.base.IpaGcmTaskService finished executing. cause:9 result: 1 elapsed_millis: 28 uptime_millis: 28 exec_start_elapsed_seconds: 4524 [CONTEXT service_id=218 ]
08-29 12:28:55.360  3063  3065 I cmd     : oneway function results will be dropped but finished with status OK and parcel size 4
08-29 12:28:55.362  1441  3631 I MediaProvider: Begin Intent { act=android.intent.action.MEDIA_SCANNER_SCAN_FILE dat=file:///sdcard/screen_2020-08-29_122856.png flg=0x1400010 cmp=com.google.android.providers.media.module/com.android.providers.media.MediaService }
08-29 12:28:55.363  1441  3631 W ModernMediaScanner: Failed to visit /sdcard/screen_2020-08-29_122856.png: java.nio.file.AccessDeniedException: /sdcard/screen_2020-08-29_122856.png
08-29 12:28:55.364  1441  3631 I MediaProvider: Scanned internal due to REASON_DEMAND, found 0 items in 2ms, 0 inserts 0 updates 0 deletes
08-29 12:28:55.365  1441  3631 I MediaProvider: End Intent { act=android.intent.action.MEDIA_SCANNER_SCAN_FILE dat=file:///sdcard/screen_2020-08-29_122856.png flg=0x1400010 cmp=com.google.android.providers.media.module/com.android.providers.media.MediaService }
08-29 12:28:55.400  6741  6829 I WorkerManager: dispose()
08-29 12:28:55.401  6741  6829 W ThreadPoolDumper: Queue length for executor EventBus is now 11. Perhaps some tasks are too long, or the pool is too small.
08-29 12:28:55.443  1441  1667 I MediaProvider: Deleted 1 items on external_primary due to com.android.shell
08-29 12:28:55.499  6591  1599 I NetworkScheduler.Stats: Task com.google.android.gms/com.google.android.gms.ipa.base.IpaGcmTaskService started execution. cause:9 exec_start_elapsed_seconds: 4525 [CONTEXT service_id=218 ]
08-29 12:28:55.508  6591 32581 I NetworkScheduler.Stats: Task com.google.android.gms/com.google.android.gms.ipa.base.IpaGcmTaskService finished executing. cause:9 result: 1 elapsed_millis: 31 uptime_millis: 31 exec_start_elapsed_seconds: 4525 [CONTEXT service_id=218 ]
08-29 12:28:55.687   318   380 D goldfish-address-space: allocate: Ask for block of size 0x7e9000
08-29 12:28:55.687   318   380 D goldfish-address-space: allocate: ioctl allocate returned offset 0x3f9800000 size 0x7ea000
08-29 12:28:55.692  1441  3133 E StorageManager: Failed to set extended attributes for /storage/emulated/0/screen_2020-08-29_122856.png to set project id.: Operation not supported on transport endpoint
08-29 12:28:55.692  1441  3133 W MediaProvider: Failed to update quota type for /storage/emulated/0/screen_2020-08-29_122856.png
08-29 12:28:55.692  1441  3133 W MediaProvider: java.io.IOException: Failed to update quota type for /storage/emulated/0/screen_2020-08-29_122856.png
08-29 12:28:55.692  1441  3133 W MediaProvider: 	at android.os.storage.StorageManager.updateExternalStorageFileQuotaType(StorageManager.java:2512)
08-29 12:28:55.692  1441  3133 W MediaProvider: 	at com.android.providers.media.MediaProvider.updateQuotaTypeForFileInternal(MediaProvider.java:581)
08-29 12:28:55.692  1441  3133 W MediaProvider: 	at com.android.providers.media.MediaProvider.lambda$onFileCreatedForFuse$12(MediaProvider.java:1146)
08-29 12:28:55.692  1441  3133 W MediaProvider: 	at com.android.providers.media.MediaProvider.lambda$onFileCreatedForFuse$12$MediaProvider(Unknown Source:0)
08-29 12:28:55.692  1441  3133 W MediaProvider: 	at com.android.providers.media.-$$Lambda$MediaProvider$VhB3wkpGkT4Cm_4TN5qOQg3m3rU.run(Unknown Source:4)
08-29 12:28:55.692  1441  3133 W MediaProvider: 	at android.os.Handler.handleCallback(Handler.java:938)
08-29 12:28:55.692  1441  3133 W MediaProvider: 	at android.os.Handler.dispatchMessage(Handler.java:99)
08-29 12:28:55.692  1441  3133 W MediaProvider: 	at android.os.Looper.loop(Looper.java:223)
08-29 12:28:55.692  1441  3133 W MediaProvider: 	at android.os.HandlerThread.run(HandlerThread.java:67)
08-29 12:28:55.699  1441  3133 E StorageManager: Failed to set extended attributes for /storage/emulated/0/screen_2020-08-29_122856.png to set project id.: Operation not supported on transport endpoint
08-29 12:28:55.699  1441  3133 W MediaProvider: Failed to update quota type for /storage/emulated/0/screen_2020-08-29_122856.png
08-29 12:28:55.699  1441  3133 W MediaProvider: java.io.IOException: Failed to update quota type for /storage/emulated/0/screen_2020-08-29_122856.png
08-29 12:28:55.699  1441  3133 W MediaProvider: 	at android.os.storage.StorageManager.updateExternalStorageFileQuotaType(StorageManager.java:2512)
08-29 12:28:55.699  1441  3133 W MediaProvider: 	at com.android.providers.media.MediaProvider.updateQuotaTypeForFileInternal(MediaProvider.java:581)
08-29 12:28:55.699  1441  3133 W MediaProvider: 	at com.android.providers.media.MediaProvider.updateQuotaTypeForUri(MediaProvider.java:560)
08-29 12:28:55.699  1441  3133 W MediaProvider: 	at com.android.providers.media.MediaProvider.access$800(MediaProvider.java:222)
08-29 12:28:55.699  1441  3133 W MediaProvider: 	at com.android.providers.media.MediaProvider$3.lambda$onInsert$0(MediaProvider.java:611)
08-29 12:28:55.699  1441  3133 W MediaProvider: 	at com.android.providers.media.MediaProvider$3.lambda$onInsert$0$MediaProvider$3(Unknown Source:0)
08-29 12:28:55.699  1441  3133 W MediaProvider: 	at com.android.providers.media.-$$Lambda$MediaProvider$3$OA4Hj-5lam3D4oprnbu7ZpL-f_E.run(Unknown Source:10)
08-29 12:28:55.699  1441  3133 W MediaProvider: 	at android.os.Handler.handleCallback(Handler.java:938)
08-29 12:28:55.699  1441  3133 W MediaProvider: 	at android.os.Handler.dispatchMessage(Handler.java:99)
08-29 12:28:55.699  1441  3133 W MediaProvider: 	at android.os.Looper.loop(Looper.java:223)
08-29 12:28:55.699  1441  3133 W MediaProvider: 	at android.os.HandlerThread.run(HandlerThread.java:67)
08-29 12:28:55.703   179   179 I hwservicemanager: getTransport: Cannot find entry android.hardware.graphics.mapper@4.0::IMapper/default in either framework or device manifest.
08-29 12:28:55.704  3082  3082 I Gralloc4: mapper 4.x is not supported
08-29 12:28:55.710  3082  3082 D HostConnection: createUnique: call
08-29 12:28:55.711  3082  3082 D HostConnection: HostConnection::get() New Host Connection established 0xf18c0f10, tid 3082
08-29 12:28:55.711  3082  3082 D goldfish-address-space: allocate: Ask for block of size 0x100
08-29 12:28:55.711  3082  3082 D goldfish-address-space: allocate: ioctl allocate returned offset 0x3fc6bb000 size 0x2000
08-29 12:28:55.716  3082  3082 D HostConnection: HostComposition ext ANDROID_EMU_CHECKSUM_HELPER_v1 ANDROID_EMU_native_sync_v2 ANDROID_EMU_native_sync_v3 ANDROID_EMU_native_sync_v4 ANDROID_EMU_dma_v1 ANDROID_EMU_direct_mem ANDROID_EMU_host_composition_v1 ANDROID_EMU_host_composition_v2 ANDROID_EMU_YUV_Cache ANDROID_EMU_async_unmap_buffer GL_OES_EGL_image_external_essl3 GL_OES_vertex_array_object GL_KHR_texture_compression_astc_ldr ANDROID_EMU_gles_max_version_3_0 
08-29 12:28:55.757  6591  1599 I NetworkScheduler.Stats: Task com.google.android.gms/com.google.android.gms.ipa.base.IpaGcmTaskService started execution. cause:9 exec_start_elapsed_seconds: 4525 [CONTEXT service_id=218 ]
08-29 12:28:55.767  6591  1615 I NetworkScheduler.Stats: Task com.google.android.gms/com.google.android.gms.ipa.base.IpaGcmTaskService finished executing. cause:9 result: 1 elapsed_millis: 36 uptime_millis: 36 exec_start_elapsed_seconds: 4525 [CONTEXT service_id=218 ]
08-29 12:28:55.901  3086  3088 I cmd     : oneway function results will be dropped but finished with status OK and parcel size 4
08-29 12:28:55.904  1441  3631 I MediaProvider: Begin Intent { act=android.intent.action.MEDIA_SCANNER_SCAN_FILE dat=file:///sdcard/screen_2020-08-29_122856.png flg=0x1400010 cmp=com.google.android.providers.media.module/com.android.providers.media.MediaService }
08-29 12:28:55.900  1441  1441 W com.google.android.providers.media.module: type=1400 audit(0.0:8364): avc: denied { read } for comm=4173796E635461736B202331 name="primary" dev="tmpfs" ino=25879 scontext=u:r:mediaprovider_app:s0:c146,c256,c512,c768 tcontext=u:object_r:mnt_pass_through_file:s0 tclass=lnk_file permissive=0 app=com.google.android.providers.media.module
08-29 12:28:55.904  1441  1441 I chatty  : uid=10146(com.google.android.providers.media.module) identical 3 lines
08-29 12:28:55.904  1441  1441 W com.google.android.providers.media.module: type=1400 audit(0.0:8368): avc: denied { read } for comm=4173796E635461736B202331 name="primary" dev="tmpfs" ino=25879 scontext=u:r:mediaprovider_app:s0:c146,c256,c512,c768 tcontext=u:object_r:mnt_pass_through_file:s0 tclass=lnk_file permissive=0 app=com.google.android.providers.media.module
08-29 12:28:55.911  1441  3631 W ModernMediaScanner: Failed to visit /sdcard/screen_2020-08-29_122856.png: java.nio.file.AccessDeniedException: /sdcard/screen_2020-08-29_122856.png
08-29 12:28:55.912  1441  3631 I MediaProvider: Scanned internal due to REASON_DEMAND, found 0 items in 6ms, 0 inserts 0 updates 0 deletes
08-29 12:28:55.914  1441  3631 I MediaProvider: End Intent { act=android.intent.action.MEDIA_SCANNER_SCAN_FILE dat=file:///sdcard/screen_2020-08-29_122856.png flg=0x1400010 cmp=com.google.android.providers.media.module/com.android.providers.media.MediaService }
08-29 12:28:55.960  1441  1666 I MediaProvider: Deleted 1 items on external_primary due to com.android.shell
08-29 12:28:56.023  6591 32581 I NetworkScheduler.Stats: Task com.google.android.gms/com.google.android.gms.ipa.base.IpaGcmTaskService started execution. cause:9 exec_start_elapsed_seconds: 4525 [CONTEXT service_id=218 ]
08-29 12:28:56.028  3098  3100 I cmd     : oneway function results will be dropped but finished with status OK and parcel size 4
08-29 12:28:56.032  6591  1599 I NetworkScheduler.Stats: Task com.google.android.gms/com.google.android.gms.ipa.base.IpaGcmTaskService finished executing. cause:9 result: 1 elapsed_millis: 28 uptime_millis: 28 exec_start_elapsed_seconds: 4525 [CONTEXT service_id=218 ]
08-29 12:28:56.050   497  2753 I system_server: oneway function results will be dropped but finished with status OK and parcel size 4
08-29 12:28:56.170  3115  3117 I cmd     : oneway function results will be dropped but finished with status OK and parcel size 4
08-29 12:28:56.280  3132  3135 I cmd     : oneway function results will be dropped but finished with status OK and parcel size 4
08-29 12:28:56.434  3145  3145 D AndroidRuntime: >>>>>> START com.android.internal.os.RuntimeInit uid 2000 <<<<<<
08-29 12:28:56.437  3145  3145 E libc    : Access denied finding property "persist.device_config.runtime_native_boot.profilebootclasspath"
08-29 12:28:56.438  3145  3145 E libc    : Access denied finding property "persist.device_config.runtime_native_boot.enable_apex_image"
08-29 12:28:56.438  3145  3145 I AndroidRuntime: Using default boot image
08-29 12:28:56.438  3145  3145 E libc    : Access denied finding property "persist.device_config.runtime_native_boot.disable_lock_profiling"
08-29 12:28:56.438  3145  3145 I AndroidRuntime: Leaving lock profiling enabled
08-29 12:28:56.438  3145  3145 E libc    : Access denied finding property "persist.device_config.runtime_native_boot.enable_generational_cc"
08-29 12:28:56.440  3145  3145 W app_process: Could not reserve sentinel fault page
08-29 12:28:56.498  3145  3145 D app_process: Time zone APEX ICU file found: /apex/com.android.tzdata/etc/icu/icu_tzdata.dat
08-29 12:28:56.499  3145  3145 D app_process: I18n APEX ICU file found: /apex/com.android.i18n/etc/icu/icudt66l.dat
08-29 12:28:56.503  3145  3145 W app_process: Unexpected CPU variant for X86 using defaults: x86
08-29 12:28:56.507  3145  3145 I app_process: The ClassLoaderContext is a special shared library.
08-29 12:28:56.519  3145  3145 W app_process: JNI RegisterNativeMethods: attempt to register 0 native methods for android.media.AudioAttributes
08-29 12:28:56.524  3145  3145 D AndroidRuntime: Calling main entry com.android.commands.input.Input
08-29 12:28:56.744  3145  3145 D AndroidRuntime: Shutting down VM
08-29 12:28:56.756   497  4073 I system_server: oneway function results will be dropped but finished with status OK and parcel size 4
08-29 12:28:56.760   497  4073 I system_server: oneway function results will be dropped but finished with status OK and parcel size 4
08-29 12:28:56.816   318   380 D goldfish-address-space: allocate: Ask for block of size 0x957300
08-29 12:28:56.816   318   380 D goldfish-address-space: allocate: ioctl allocate returned offset 0x3f7ed3000 size 0x959000
08-29 12:28:56.834   318   380 D goldfish-address-space: allocate: Ask for block of size 0x957300
08-29 12:28:56.835   318   380 D goldfish-address-space: allocate: ioctl allocate returned offset 0x3fd6ff000 size 0x959000
08-29 12:28:56.847   318 18634 D goldfish-address-space: allocate: Ask for block of size 0x957300
08-29 12:28:56.847   318 18634 D goldfish-address-space: allocate: ioctl allocate returned offset 0x3fb60e000 size 0x959000
08-29 12:28:56.965   497  2198 I system_server: oneway function results will be dropped but finished with status OK and parcel size 4
08-29 12:28:58.412   318 18634 D goldfish-address-space: allocate: Ask for block of size 0x7e9000
08-29 12:28:58.412  1441  3133 E StorageManager: Failed to set extended attributes for /storage/emulated/0/screen_2020-08-29_122859.png to set project id.: Operation not supported on transport endpoint
08-29 12:28:58.412  1441  3133 W MediaProvider: Failed to update quota type for /storage/emulated/0/screen_2020-08-29_122859.png
08-29 12:28:58.412  1441  3133 W MediaProvider: java.io.IOException: Failed to update quota type for /storage/emulated/0/screen_2020-08-29_122859.png
08-29 12:28:58.412  1441  3133 W MediaProvider: 	at android.os.storage.StorageManager.updateExternalStorageFileQuotaType(StorageManager.java:2512)
